******************************************************************************
               TMS320C6x Linker PC v7.3.1                      
******************************************************************************
>> Linked Mon Jul 06 15:08:53 2015

OUTPUT FILE NAME:   <FirstProject.out>
ENTRY POINT SYMBOL: "_c_int00"  address: 00002480


MEMORY CONFIGURATION

         name            origin    length      used     unused   attr    fill
----------------------  --------  ---------  --------  --------  ----  --------
  IVECS                 00000000   00000220  00000200  00000020  RWIX
  IRAM                  00000220   0002fde0  00003e6a  0002bf76  RWIX
  SDRAM                 80000000   01000000  00000000  01000000  RWIX
  FLASH                 90000000   00020000  00000000  00020000  RWIX


SECTION ALLOCATION MAP

 output                                  attributes/
section   page    origin      length       input sections
--------  ----  ----------  ----------   ----------------
.vectors   0    00000000    00000200     
                  00000000    00000200     Vectors_intr.obj (.vectors)

.text      0    00000220    000025c0     
                  00000220    000007c0     c6713dskinit.obj (.text)
                  000009e0    00000480     dsk6713bsl.lib : dsk6713.obj (.text)
                  00000e60    00000320                    : dsk6713_aic23_opencodec.obj (.text)
                  00001180    00000280     main.obj (.text:retain)
                  00001400    00000240     rts6700.lib : memcpy62.obj (.text:_memcpy)
                  00001640    000001c0     csl6713.lib : csl_irq.obj (.text:_IRQ_map)
                  00001800    000001a0                 : csl_mcbsp.obj (.text:_MCBSP_reset)
                  000019a0    00000160     rts6700.lib : autoinit.obj (.text:__auto_init)
                  00001b00    00000160     dsk6713bsl.lib : dsk6713_aic23_registers.obj (.text)
                  00001c60    00000120     rts6700.lib : exit.obj (.text:_exit)
                  00001d80    00000100     csl6713.lib : csl_mcbsp.obj (.text:_MCBSP_open)
                  00001e80    00000100                 : csl_mcbsp.obj (.text:_MCBSP_start)
                  00001f80    000000e0     rts6700.lib : strasg.obj (.text:__strasg)
                  00002060    000000c0                 : fixdi.obj (.text:__fixdi)
                  00002120    000000c0                 : cpy_tbl.obj (.text:_copy_in)
                  000021e0    000000c0     dsk6713bsl.lib : dsk6713_aic23_setfreq.obj (.text)
                  000022a0    000000a0     csl6713.lib : csl_mcbsp.obj (.text:_MCBSP_config)
                  00002340    000000a0                 : csl_irq.obj (.text:_setMux)
                  000023e0    000000a0     main.obj (.text)
                  00002480    00000080     rts6700.lib : boot.obj (.text:_c_int00)
                  00002500    00000060                 : fltid.obj (.text:__fltid)
                  00002560    00000040     csl6713.lib : csl_irq.obj (.text:_IRQ_enable)
                  000025a0    00000040                 : csl_irq.obj (.text:_IRQ_reset)
                  000025e0    00000040     rts6700.lib : args_main.obj (.text:__args_main)
                  00002620    00000020     Vectors_intr.obj (.text)
                  00002640    00000020     csl6713.lib : csl_irq.obj (.text:_IRQ_globalDisable)
                  00002660    00000020                 : csl_irq.obj (.text:_IRQ_globalEnable)
                  00002680    00000020                 : csl_irq.obj (.text:_IRQ_nmiEnable)
                  000026a0    00000020                 : csl_mcbsp.obj (.text:_MCBSP_getXmtEventId)
                  000026c0    00000020                 : csl_mcbsp.obj (.text:_MCBSP_read)
                  000026e0    00000020                 : csl_mcbsp.obj (.text:_MCBSP_rrdy)
                  00002700    00000020                 : csl_mcbsp.obj (.text:_MCBSP_write)
                  00002720    00000020                 : csl_mcbsp.obj (.text:_MCBSP_xrdy)
                  00002740    00000020     rts6700.lib : addd.obj (.text:__addd)
                  00002760    00000020                 : mpyd.obj (.text:__mpyd)
                  00002780    00000020                 : _lock.obj (.text:__nop)
                  000027a0    00000020                 : exit.obj (.text:_abort)
                  000027c0    00000020     csl6713.lib : csl_irq.obj (.text)

.bss       0    00000220    00000000     UNINITIALIZED

.far       0    000027e0    0000119e     UNINITIALIZED
                  000027e0    00000fb4     main.obj (.far)
                  00003794    000000f4     csl6713.lib : csl_irq.obj (.far)
                  00003888    00000058     c6713dskinit.obj (.far)
                  000038e0    00000038     csl6713.lib : csl_mcbsp.obj (.far)
                  00003918    00000028     dsk6713bsl.lib : dsk6713_aic23_registers.obj (.far)
                  00003940    00000020                    : dsk6713_aic23_setfreq.obj (.far)
                  00003960    0000000c     rts6700.lib : exit.obj (.far)
                  0000396c    00000008     dsk6713bsl.lib : dsk6713_aic23_opencodec.obj (.far)
                  00003974    00000008     rts6700.lib : _lock.obj (.far)
                  0000397c    00000002     dsk6713bsl.lib : dsk6713.obj (.far)

.stack     0    00003980    00000400     UNINITIALIZED
                  00003980    00000008     rts6700.lib : boot.obj (.stack)
                  00003988    000003f8     --HOLE--

.cinit     0    00003d80    000002ac     
                  00003d80    0000012c     csl6713.lib : csl_irq.obj (.cinit)
                  00003eac    00000004     --HOLE-- [fill = 0]
                  00003eb0    00000058     c6713dskinit.obj (.cinit)
                  00003f08    00000054     csl6713.lib : csl_mcbsp.obj (.cinit)
                  00003f5c    00000004     --HOLE-- [fill = 0]
                  00003f60    00000030     dsk6713bsl.lib : dsk6713_aic23_registers.obj (.cinit)
                  00003f90    0000002c     rts6700.lib : exit.obj (.cinit)
                  00003fbc    00000004     --HOLE-- [fill = 0]
                  00003fc0    00000028     dsk6713bsl.lib : dsk6713_aic23_setfreq.obj (.cinit)
                  00003fe8    0000001c     rts6700.lib : _lock.obj (.cinit)
                  00004004    00000004     --HOLE-- [fill = 0]
                  00004008    0000001a     main.obj (.cinit)
                  00004022    00000006     --HOLE-- [fill = 0]
                  00004028    00000004     (.pad.cinit) [fill = 0]

.const     0    0000402c    00000060     
                  0000402c    00000040     dsk6713bsl.lib : dsk6713_aic23_opencodec.obj (.const)
                  0000406c    00000020                    : dsk6713.obj (.const)


GLOBAL SYMBOLS: SORTED ALPHABETICALLY BY Name 

address    name
--------   ----
00000220   $bss
00000220   .bss
00000220   .text
000027a0   C$$EXIT
00003894   _AIC23CfgData
00003888   _AIC_data
0000396c   _DSK6713_AIC23_codeccontrolhandle
00003970   _DSK6713_AIC23_codecdatahandle
00001bc0   _DSK6713_AIC23_config
00000e60   _DSK6713_AIC23_openCodec
00001b9c   _DSK6713_AIC23_rget
00001b00   _DSK6713_AIC23_rset
000021e0   _DSK6713_AIC23_setFreq
00000df4   _DSK6713_getVersion
00000a2c   _DSK6713_init
00000d48   _DSK6713_rget
00000d5c   _DSK6713_rset
0000397c   _DSK6713_version
00000d70   _DSK6713_wait
00000dc8   _DSK6713_waitusec
00002560   _IRQ_enable
00002640   _IRQ_globalDisable
00002660   _IRQ_globalEnable
00001640   _IRQ_map
00002680   _IRQ_nmiEnable
000025a0   _IRQ_reset
000022a0   _MCBSP_config
000026a0   _MCBSP_getXmtEventId
00001d80   _MCBSP_open
000026c0   _MCBSP_read
00001800   _MCBSP_reset
000026e0   _MCBSP_rrdy
00001e80   _MCBSP_start
00002700   _MCBSP_write
00002720   _MCBSP_xrdy
00003880   __IRQ_dispatchTable
000037bc   __IRQ_eventTable
000027c0   __IRQ_hookFetchPacket
00003840   __IRQ_intTable
00003910   __MCBSP_hDev0
00003914   __MCBSP_hDev1
00003d80   __STACK_END
00000400   __STACK_SIZE
00000001   __TI_args_main
00003968   ___TI_enable_exit_profile_output
ffffffff   ___TI_pprof_out_hndl
ffffffff   ___TI_prof_data_size
ffffffff   ___TI_prof_data_start
ffffffff   ___binit__
00000220   ___bss__
ffffffff   ___c_args__
00003d80   ___cinit__
00000220   ___end__
000027e0   ___etext__
ffffffff   ___pinit__
00000220   ___text__
00002740   __addd
000025e0   __args_main
000019a0   __auto_init
00003960   __cleanup_ptr
00003964   __dtors_ptr
00002060   __fixdi
00002500   __fltid
00003974   __lock
00002760   __mpyd
00002780   __nop
00003980   __stack
00001f80   __strasg
00003978   __unlock
000027a0   _abort
000027e8   _buffer
00000220   _c6713_dsk_init
00002480   _c_int00
00001180   _c_int11
00000340   _comm_intr
0000030c   _comm_poll
000038b4   _config
00002120   _copy_in
0000378c   _delayed
00001c60   _exit
000027e0   _fs
000038dc   _hAIC23_handle
00003790   _i
00003788   _input
00000848   _input_left_sample
00000910   _input_right_sample
00000744   _input_sample
000027e4   _inputsource
000023e0   _main
00001400   _memcpy
0000378a   _output
00000584   _output_left_sample
00000664   _output_right_sample
0000046c   _output_sample
00000020   _vector1
00000140   _vector10
00000180   _vector12
000001a0   _vector13
000001c0   _vector14
000001e0   _vector15
00000040   _vector2
00000060   _vector3
00000080   _vector4
000000a0   _vector5
000000c0   _vector6
000000e0   _vector7
00000100   _vector8
00000120   _vector9
00000000   _vectors
ffffffff   binit
00003d80   cinit
00000220   end
000027e0   etext
ffffffff   pinit


GLOBAL SYMBOLS: SORTED BY Symbol Address 

address    name
--------   ----
00000000   _vectors
00000001   __TI_args_main
00000020   _vector1
00000040   _vector2
00000060   _vector3
00000080   _vector4
000000a0   _vector5
000000c0   _vector6
000000e0   _vector7
00000100   _vector8
00000120   _vector9
00000140   _vector10
00000180   _vector12
000001a0   _vector13
000001c0   _vector14
000001e0   _vector15
00000220   $bss
00000220   .bss
00000220   .text
00000220   ___bss__
00000220   ___end__
00000220   ___text__
00000220   _c6713_dsk_init
00000220   end
0000030c   _comm_poll
00000340   _comm_intr
00000400   __STACK_SIZE
0000046c   _output_sample
00000584   _output_left_sample
00000664   _output_right_sample
00000744   _input_sample
00000848   _input_left_sample
00000910   _input_right_sample
00000a2c   _DSK6713_init
00000d48   _DSK6713_rget
00000d5c   _DSK6713_rset
00000d70   _DSK6713_wait
00000dc8   _DSK6713_waitusec
00000df4   _DSK6713_getVersion
00000e60   _DSK6713_AIC23_openCodec
00001180   _c_int11
00001400   _memcpy
00001640   _IRQ_map
00001800   _MCBSP_reset
000019a0   __auto_init
00001b00   _DSK6713_AIC23_rset
00001b9c   _DSK6713_AIC23_rget
00001bc0   _DSK6713_AIC23_config
00001c60   _exit
00001d80   _MCBSP_open
00001e80   _MCBSP_start
00001f80   __strasg
00002060   __fixdi
00002120   _copy_in
000021e0   _DSK6713_AIC23_setFreq
000022a0   _MCBSP_config
000023e0   _main
00002480   _c_int00
00002500   __fltid
00002560   _IRQ_enable
000025a0   _IRQ_reset
000025e0   __args_main
00002640   _IRQ_globalDisable
00002660   _IRQ_globalEnable
00002680   _IRQ_nmiEnable
000026a0   _MCBSP_getXmtEventId
000026c0   _MCBSP_read
000026e0   _MCBSP_rrdy
00002700   _MCBSP_write
00002720   _MCBSP_xrdy
00002740   __addd
00002760   __mpyd
00002780   __nop
000027a0   C$$EXIT
000027a0   _abort
000027c0   __IRQ_hookFetchPacket
000027e0   ___etext__
000027e0   _fs
000027e0   etext
000027e4   _inputsource
000027e8   _buffer
00003788   _input
0000378a   _output
0000378c   _delayed
00003790   _i
000037bc   __IRQ_eventTable
00003840   __IRQ_intTable
00003880   __IRQ_dispatchTable
00003888   _AIC_data
00003894   _AIC23CfgData
000038b4   _config
000038dc   _hAIC23_handle
00003910   __MCBSP_hDev0
00003914   __MCBSP_hDev1
00003960   __cleanup_ptr
00003964   __dtors_ptr
00003968   ___TI_enable_exit_profile_output
0000396c   _DSK6713_AIC23_codeccontrolhandle
00003970   _DSK6713_AIC23_codecdatahandle
00003974   __lock
00003978   __unlock
0000397c   _DSK6713_version
00003980   __stack
00003d80   __STACK_END
00003d80   ___cinit__
00003d80   cinit
ffffffff   ___TI_pprof_out_hndl
ffffffff   ___TI_prof_data_size
ffffffff   ___TI_prof_data_start
ffffffff   ___binit__
ffffffff   ___c_args__
ffffffff   ___pinit__
ffffffff   binit
ffffffff   pinit

[114 symbols]
