******************************************************************************
               TMS320C6x Linker PC v7.4.12                     
******************************************************************************
>> Linked Fri Sep 20 11:06:31 2019

OUTPUT FILE NAME:   <lab1_question1.out>
ENTRY POINT SYMBOL: "_c_int00"  address: 00002b80


MEMORY CONFIGURATION

         name            origin    length      used     unused   attr    fill
----------------------  --------  ---------  --------  --------  ----  --------
  IVECS                 00000000   00000220  00000200  00000020  RWIX
  IRAM                  00000220   0002fde0  0000468a  0002b756  RWIX
  SDRAM                 80000000   01000000  00000000  01000000  RWIX
  FLASH                 90000000   00020000  00000000  00020000  RWIX


SECTION ALLOCATION MAP

 output                                  attributes/
section   page    origin      length       input sections
--------  ----  ----------  ----------   ----------------
.vectors   0    00000000    00000200     
                  00000000    00000200     Vectors_intr.obj (.vectors)

.bss       0    00000220    00000000     UNINITIALIZED

.text      0    00000220    00002d20     
                  00000220    000007c0     c6713dskinit.obj (.text)
                  000009e0    000004a0     rts6700.lib : divf.obj (.text:__divf)
                  00000e80    00000480     dsk6713bsl.lib : dsk6713.obj (.text)
                  00001300    00000320                    : dsk6713_aic23_opencodec.obj (.text)
                  00001620    00000240     rts6700.lib : memcpy62.obj (.text:_memcpy)
                  00001860    00000240     main.obj (.text:retain)
                  00001aa0    000001c0     csl6713.lib : csl_irq.obj (.text:_IRQ_map)
                  00001c60    000001a0                 : csl_mcbsp.obj (.text:_MCBSP_reset)
                  00001e00    00000160     rts6700.lib : autoinit.obj (.text:__auto_init)
                  00001f60    00000160     dsk6713bsl.lib : dsk6713_aic23_registers.obj (.text)
                  000020c0    00000120     rts6700.lib : exit.obj (.text:_exit)
                  000021e0    00000100     csl6713.lib : csl_mcbsp.obj (.text:_MCBSP_open)
                  000022e0    00000100                 : csl_mcbsp.obj (.text:_MCBSP_start)
                  000023e0    00000100     rts6700.lib : remi.obj (.text:__remi)
                  000024e0    000000e0                 : strasg.obj (.text:__strasg)
                  000025c0    000000c0                 : fixdi.obj (.text:__fixdi)
                  00002680    000000c0                 : frcmpyf_div.obj (.text:__frcmpyf_div)
                  00002740    000000c0                 : round.obj (.text:__nround)
                  00002800    000000c0                 : cpy_tbl.obj (.text:_copy_in)
                  000028c0    000000c0                 : modf.obj (.text:_modf)
                  00002980    000000c0     dsk6713bsl.lib : dsk6713_aic23_setfreq.obj (.text)
                  00002a40    000000a0     csl6713.lib : csl_mcbsp.obj (.text:_MCBSP_config)
                  00002ae0    000000a0                 : csl_irq.obj (.text:_setMux)
                  00002b80    00000080     rts6700.lib : boot.obj (.text:_c_int00)
                  00002c00    00000060                 : fltif.obj (.text:__fltif)
                  00002c60    00000040     csl6713.lib : csl_irq.obj (.text:_IRQ_enable)
                  00002ca0    00000040                 : csl_irq.obj (.text:_IRQ_reset)
                  00002ce0    00000040     rts6700.lib : divf.obj (.text:___isnanf)
                  00002d20    00000040                 : args_main.obj (.text:__args_main)
                  00002d60    00000020     Vectors_intr.obj (.text)
                  00002d80    00000020     csl6713.lib : csl_irq.obj (.text:_IRQ_globalDisable)
                  00002da0    00000020                 : csl_irq.obj (.text:_IRQ_globalEnable)
                  00002dc0    00000020                 : csl_irq.obj (.text:_IRQ_nmiEnable)
                  00002de0    00000020                 : csl_mcbsp.obj (.text:_MCBSP_getXmtEventId)
                  00002e00    00000020                 : csl_mcbsp.obj (.text:_MCBSP_read)
                  00002e20    00000020                 : csl_mcbsp.obj (.text:_MCBSP_rrdy)
                  00002e40    00000020                 : csl_mcbsp.obj (.text:_MCBSP_write)
                  00002e60    00000020                 : csl_mcbsp.obj (.text:_MCBSP_xrdy)
                  00002e80    00000020     rts6700.lib : cvtfd.obj (.text:__cvtfd)
                  00002ea0    00000020                 : mpyf.obj (.text:__mpyf)
                  00002ec0    00000020                 : _lock.obj (.text:__nop)
                  00002ee0    00000020                 : exit.obj (.text:_abort)
                  00002f00    00000020     csl6713.lib : csl_irq.obj (.text)
                  00002f20    00000020     main.obj (.text)

.cinit     0    00002f40    00000b04     
                  00002f40    00000874     main.obj (.cinit)
                  000037b4    00000004     --HOLE-- [fill = 0]
                  000037b8    0000012c     csl6713.lib : csl_irq.obj (.cinit)
                  000038e4    00000004     --HOLE-- [fill = 0]
                  000038e8    00000058     c6713dskinit.obj (.cinit)
                  00003940    00000054     csl6713.lib : csl_mcbsp.obj (.cinit)
                  00003994    00000004     --HOLE-- [fill = 0]
                  00003998    00000030     dsk6713bsl.lib : dsk6713_aic23_registers.obj (.cinit)
                  000039c8    0000002c     rts6700.lib : exit.obj (.cinit)
                  000039f4    00000004     --HOLE-- [fill = 0]
                  000039f8    00000028     dsk6713bsl.lib : dsk6713_aic23_setfreq.obj (.cinit)
                  00003a20    0000001c     rts6700.lib : _lock.obj (.cinit)
                  00003a3c    00000004     --HOLE-- [fill = 0]
                  00003a40    00000004     (.pad.cinit) [fill = 0]

.far       0    00003a44    000009fe     UNINITIALIZED
                  00003a44    00000814     main.obj (.far)
                  00004258    000000f4     csl6713.lib : csl_irq.obj (.far)
                  0000434c    00000058     c6713dskinit.obj (.far)
                  000043a4    00000038     csl6713.lib : csl_mcbsp.obj (.far)
                  000043dc    00000028     dsk6713bsl.lib : dsk6713_aic23_registers.obj (.far)
                  00004404    00000020                    : dsk6713_aic23_setfreq.obj (.far)
                  00004424    0000000c     rts6700.lib : exit.obj (.far)
                  00004430    00000008     dsk6713bsl.lib : dsk6713_aic23_opencodec.obj (.far)
                  00004438    00000008     rts6700.lib : _lock.obj (.far)
                  00004440    00000002     dsk6713bsl.lib : dsk6713.obj (.far)

.stack     0    00004448    00000400     UNINITIALIZED
                  00004448    00000008     rts6700.lib : boot.obj (.stack)
                  00004450    000003f8     --HOLE--

.const     0    00004848    00000068     
                  00004848    00000040     dsk6713bsl.lib : dsk6713_aic23_opencodec.obj (.const)
                  00004888    00000020                    : dsk6713.obj (.const)
                  000048a8    00000008     rts6700.lib : divf.obj (.const:_initial_approx$1)


GLOBAL SYMBOLS: SORTED ALPHABETICALLY BY Name 

address    name
--------   ----
00000220   $bss
00000220   .bss
00000220   .text
00002ee0   C$$EXIT
00004358   _AIC23CfgData
0000434c   _AIC_data
00004430   _DSK6713_AIC23_codeccontrolhandle
00004434   _DSK6713_AIC23_codecdatahandle
00002020   _DSK6713_AIC23_config
00001300   _DSK6713_AIC23_openCodec
00001ffc   _DSK6713_AIC23_rget
00001f60   _DSK6713_AIC23_rset
00002980   _DSK6713_AIC23_setFreq
00001294   _DSK6713_getVersion
00000ecc   _DSK6713_init
000011e8   _DSK6713_rget
000011fc   _DSK6713_rset
00004440   _DSK6713_version
00001210   _DSK6713_wait
00001268   _DSK6713_waitusec
00002c60   _IRQ_enable
00002d80   _IRQ_globalDisable
00002da0   _IRQ_globalEnable
00001aa0   _IRQ_map
00002dc0   _IRQ_nmiEnable
00002ca0   _IRQ_reset
00002a40   _MCBSP_config
00002de0   _MCBSP_getXmtEventId
000021e0   _MCBSP_open
00002e00   _MCBSP_read
00001c60   _MCBSP_reset
00002e20   _MCBSP_rrdy
000022e0   _MCBSP_start
00002e40   _MCBSP_write
00002e60   _MCBSP_xrdy
00004344   __IRQ_dispatchTable
00004280   __IRQ_eventTable
00002f00   __IRQ_hookFetchPacket
00004304   __IRQ_intTable
000043d4   __MCBSP_hDev0
000043d8   __MCBSP_hDev1
00004848   __STACK_END
00000400   __STACK_SIZE
00000001   __TI_args_main
0000442c   ___TI_enable_exit_profile_output
ffffffff   ___TI_pprof_out_hndl
ffffffff   ___TI_prof_data_size
ffffffff   ___TI_prof_data_start
ffffffff   ___binit__
00000220   ___bss__
ffffffff   ___c_args__
00002f40   ___cinit__
00000220   ___end__
00002f40   ___etext__
ffffffff   ___pinit__
00000220   ___text__
00002d20   __args_main
00001e00   __auto_init
000023e0   __c6xabi_remi
00004424   __cleanup_ptr
00002e80   __cvtfd
000009e0   __divf
00004428   __dtors_ptr
000025c0   __fixdi
00002c00   __fltif
00002680   __frcmpyf_div
00004438   __lock
00002ea0   __mpyf
00002ec0   __nop
00002740   __nround
000023e0   __remi
00004448   __stack
000024e0   __strasg
0000443c   __unlock
00002ee0   _abort
00000220   _c6713_dsk_init
00002b80   _c_int00
00001860   _c_int11
00000340   _comm_intr
0000030c   _comm_poll
00004378   _config
00002800   _copy_in
00004250   _delta
00004254   _desired_freq
000020c0   _exit
00004244   _fs
0000424e   _gain
000043a0   _hAIC23_handle
00000848   _input_left_sample
00000910   _input_right_sample
00000744   _input_sample
00004248   _inputsource
0000424c   _loop
00002f20   _main
00001620   _memcpy
000028c0   _modf
00000584   _output_left_sample
00000664   _output_right_sample
0000046c   _output_sample
00003a44   _sinetable1024
0000424a   _table_size
00000020   _vector1
00000140   _vector10
00000180   _vector12
000001a0   _vector13
000001c0   _vector14
000001e0   _vector15
00000040   _vector2
00000060   _vector3
00000080   _vector4
000000a0   _vector5
000000c0   _vector6
000000e0   _vector7
00000100   _vector8
00000120   _vector9
00000000   _vectors
ffffffff   binit
00002f40   cinit
00000220   end
00002f40   etext
ffffffff   pinit


GLOBAL SYMBOLS: SORTED BY Symbol Address 

address    name
--------   ----
00000000   _vectors
00000001   __TI_args_main
00000020   _vector1
00000040   _vector2
00000060   _vector3
00000080   _vector4
000000a0   _vector5
000000c0   _vector6
000000e0   _vector7
00000100   _vector8
00000120   _vector9
00000140   _vector10
00000180   _vector12
000001a0   _vector13
000001c0   _vector14
000001e0   _vector15
00000220   $bss
00000220   .bss
00000220   .text
00000220   ___bss__
00000220   ___end__
00000220   ___text__
00000220   _c6713_dsk_init
00000220   end
0000030c   _comm_poll
00000340   _comm_intr
00000400   __STACK_SIZE
0000046c   _output_sample
00000584   _output_left_sample
00000664   _output_right_sample
00000744   _input_sample
00000848   _input_left_sample
00000910   _input_right_sample
000009e0   __divf
00000ecc   _DSK6713_init
000011e8   _DSK6713_rget
000011fc   _DSK6713_rset
00001210   _DSK6713_wait
00001268   _DSK6713_waitusec
00001294   _DSK6713_getVersion
00001300   _DSK6713_AIC23_openCodec
00001620   _memcpy
00001860   _c_int11
00001aa0   _IRQ_map
00001c60   _MCBSP_reset
00001e00   __auto_init
00001f60   _DSK6713_AIC23_rset
00001ffc   _DSK6713_AIC23_rget
00002020   _DSK6713_AIC23_config
000020c0   _exit
000021e0   _MCBSP_open
000022e0   _MCBSP_start
000023e0   __c6xabi_remi
000023e0   __remi
000024e0   __strasg
000025c0   __fixdi
00002680   __frcmpyf_div
00002740   __nround
00002800   _copy_in
000028c0   _modf
00002980   _DSK6713_AIC23_setFreq
00002a40   _MCBSP_config
00002b80   _c_int00
00002c00   __fltif
00002c60   _IRQ_enable
00002ca0   _IRQ_reset
00002d20   __args_main
00002d80   _IRQ_globalDisable
00002da0   _IRQ_globalEnable
00002dc0   _IRQ_nmiEnable
00002de0   _MCBSP_getXmtEventId
00002e00   _MCBSP_read
00002e20   _MCBSP_rrdy
00002e40   _MCBSP_write
00002e60   _MCBSP_xrdy
00002e80   __cvtfd
00002ea0   __mpyf
00002ec0   __nop
00002ee0   C$$EXIT
00002ee0   _abort
00002f00   __IRQ_hookFetchPacket
00002f20   _main
00002f40   ___cinit__
00002f40   ___etext__
00002f40   cinit
00002f40   etext
00003a44   _sinetable1024
00004244   _fs
00004248   _inputsource
0000424a   _table_size
0000424c   _loop
0000424e   _gain
00004250   _delta
00004254   _desired_freq
00004280   __IRQ_eventTable
00004304   __IRQ_intTable
00004344   __IRQ_dispatchTable
0000434c   _AIC_data
00004358   _AIC23CfgData
00004378   _config
000043a0   _hAIC23_handle
000043d4   __MCBSP_hDev0
000043d8   __MCBSP_hDev1
00004424   __cleanup_ptr
00004428   __dtors_ptr
0000442c   ___TI_enable_exit_profile_output
00004430   _DSK6713_AIC23_codeccontrolhandle
00004434   _DSK6713_AIC23_codecdatahandle
00004438   __lock
0000443c   __unlock
00004440   _DSK6713_version
00004448   __stack
00004848   __STACK_END
ffffffff   ___TI_pprof_out_hndl
ffffffff   ___TI_prof_data_size
ffffffff   ___TI_prof_data_start
ffffffff   ___binit__
ffffffff   ___c_args__
ffffffff   ___pinit__
ffffffff   binit
ffffffff   pinit

[121 symbols]
