<?xml version="1.0"?>
<link_info>
   <banner>TMS320C6x Linker PC v7.4.12</banner>
   <copyright>Copyright (c) 1996-2014 Texas Instruments Incorporated</copyright>
   <link_time>0x5d868b13</link_time>
   <output_file>part 2 lab 1.out</output_file>
   <entry_point>
      <name>_c_int00</name>
      <address>0x2ca0</address>
   </entry_point>
   <input_file_list>
      <input_file id="fl-2">
         <path>.\</path>
         <kind>object</kind>
         <file>Vectors_intr.obj</file>
         <name>Vectors_intr.obj</name>
      </input_file>
      <input_file id="fl-3">
         <path>.\</path>
         <kind>object</kind>
         <file>c6713dskinit.obj</file>
         <name>c6713dskinit.obj</name>
      </input_file>
      <input_file id="fl-4">
         <path>.\</path>
         <kind>object</kind>
         <file>main.obj</file>
         <name>main.obj</name>
      </input_file>
      <input_file id="fl-a">
         <path>C:\Users\Controls Lab User\Desktop\Support\</path>
         <kind>archive</kind>
         <file>rts6700.lib</file>
         <name>boot.obj</name>
      </input_file>
      <input_file id="fl-b">
         <path>C:\Users\Controls Lab User\Desktop\Support\</path>
         <kind>archive</kind>
         <file>rts6700.lib</file>
         <name>exit.obj</name>
      </input_file>
      <input_file id="fl-c">
         <path>C:\Users\Controls Lab User\Desktop\Support\</path>
         <kind>archive</kind>
         <file>rts6700.lib</file>
         <name>remi.obj</name>
      </input_file>
      <input_file id="fl-d">
         <path>C:\Users\Controls Lab User\Desktop\Support\</path>
         <kind>archive</kind>
         <file>rts6700.lib</file>
         <name>addf.obj</name>
      </input_file>
      <input_file id="fl-e">
         <path>C:\Users\Controls Lab User\Desktop\Support\</path>
         <kind>archive</kind>
         <file>rts6700.lib</file>
         <name>cvtdf.obj</name>
      </input_file>
      <input_file id="fl-f">
         <path>C:\Users\Controls Lab User\Desktop\Support\</path>
         <kind>archive</kind>
         <file>rts6700.lib</file>
         <name>cvtfd.obj</name>
      </input_file>
      <input_file id="fl-10">
         <path>C:\Users\Controls Lab User\Desktop\Support\</path>
         <kind>archive</kind>
         <file>rts6700.lib</file>
         <name>divf.obj</name>
      </input_file>
      <input_file id="fl-11">
         <path>C:\Users\Controls Lab User\Desktop\Support\</path>
         <kind>archive</kind>
         <file>rts6700.lib</file>
         <name>fixfi.obj</name>
      </input_file>
      <input_file id="fl-12">
         <path>C:\Users\Controls Lab User\Desktop\Support\</path>
         <kind>archive</kind>
         <file>rts6700.lib</file>
         <name>fltid.obj</name>
      </input_file>
      <input_file id="fl-13">
         <path>C:\Users\Controls Lab User\Desktop\Support\</path>
         <kind>archive</kind>
         <file>rts6700.lib</file>
         <name>fltif.obj</name>
      </input_file>
      <input_file id="fl-14">
         <path>C:\Users\Controls Lab User\Desktop\Support\</path>
         <kind>archive</kind>
         <file>rts6700.lib</file>
         <name>frcmpyf_div.obj</name>
      </input_file>
      <input_file id="fl-15">
         <path>C:\Users\Controls Lab User\Desktop\Support\</path>
         <kind>archive</kind>
         <file>rts6700.lib</file>
         <name>mpyf.obj</name>
      </input_file>
      <input_file id="fl-16">
         <path>C:\Users\Controls Lab User\Desktop\Support\</path>
         <kind>archive</kind>
         <file>rts6700.lib</file>
         <name>round.obj</name>
      </input_file>
      <input_file id="fl-17">
         <path>C:\Users\Controls Lab User\Desktop\Support\</path>
         <kind>archive</kind>
         <file>rts6700.lib</file>
         <name>_lock.obj</name>
      </input_file>
      <input_file id="fl-18">
         <path>C:\Users\Controls Lab User\Desktop\Support\</path>
         <kind>archive</kind>
         <file>rts6700.lib</file>
         <name>args_main.obj</name>
      </input_file>
      <input_file id="fl-19">
         <path>C:\Users\Controls Lab User\Desktop\Support\</path>
         <kind>archive</kind>
         <file>rts6700.lib</file>
         <name>autoinit.obj</name>
      </input_file>
      <input_file id="fl-1a">
         <path>C:\Users\Controls Lab User\Desktop\Support\</path>
         <kind>archive</kind>
         <file>rts6700.lib</file>
         <name>cpy_tbl.obj</name>
      </input_file>
      <input_file id="fl-1b">
         <path>C:\Users\Controls Lab User\Desktop\Support\</path>
         <kind>archive</kind>
         <file>rts6700.lib</file>
         <name>memcpy62.obj</name>
      </input_file>
      <input_file id="fl-1c">
         <path>C:\Users\Controls Lab User\Desktop\Support\</path>
         <kind>archive</kind>
         <file>rts6700.lib</file>
         <name>modf.obj</name>
      </input_file>
      <input_file id="fl-1d">
         <path>C:\Users\Controls Lab User\Desktop\Support\</path>
         <kind>archive</kind>
         <file>csl6713.lib</file>
         <name>csl_irq.obj</name>
      </input_file>
      <input_file id="fl-1e">
         <path>C:\Users\Controls Lab User\Desktop\Support\</path>
         <kind>archive</kind>
         <file>csl6713.lib</file>
         <name>csl_mcbsp.obj</name>
      </input_file>
      <input_file id="fl-1f">
         <path>C:\Users\Controls Lab User\Desktop\Support\</path>
         <kind>archive</kind>
         <file>dsk6713bsl.lib</file>
         <name>dsk6713.obj</name>
      </input_file>
      <input_file id="fl-20">
         <path>C:\Users\Controls Lab User\Desktop\Support\</path>
         <kind>archive</kind>
         <file>dsk6713bsl.lib</file>
         <name>dsk6713_aic23_opencodec.obj</name>
      </input_file>
      <input_file id="fl-21">
         <path>C:\Users\Controls Lab User\Desktop\Support\</path>
         <kind>archive</kind>
         <file>dsk6713bsl.lib</file>
         <name>dsk6713_aic23_registers.obj</name>
      </input_file>
      <input_file id="fl-22">
         <path>C:\Users\Controls Lab User\Desktop\Support\</path>
         <kind>archive</kind>
         <file>dsk6713bsl.lib</file>
         <name>dsk6713_aic23_setfreq.obj</name>
      </input_file>
      <input_file id="fl-23">
         <path>C:\Users\Controls Lab User\Desktop\Support\</path>
         <kind>archive</kind>
         <file>rts6700.lib</file>
         <name>strasg.obj</name>
      </input_file>
   </input_file_list>
   <object_component_list>
      <object_component id="oc-10">
         <name>.vectors</name>
         <load_address>0x0</load_address>
         <run_address>0x0</run_address>
         <size>0x200</size>
         <input_file_ref idref="fl-2"/>
      </object_component>
      <object_component id="oc-88">
         <name>.text</name>
         <load_address>0x220</load_address>
         <run_address>0x220</run_address>
         <size>0x7c0</size>
         <input_file_ref idref="fl-3"/>
      </object_component>
      <object_component id="oc-8c">
         <name>.text:__divf</name>
         <load_address>0x9e0</load_address>
         <run_address>0x9e0</run_address>
         <size>0x4a0</size>
         <input_file_ref idref="fl-10"/>
      </object_component>
      <object_component id="oc-6a">
         <name>.text</name>
         <load_address>0xe80</load_address>
         <run_address>0xe80</run_address>
         <size>0x480</size>
         <input_file_ref idref="fl-1f"/>
      </object_component>
      <object_component id="oc-1d">
         <name>.text:retain</name>
         <load_address>0x1300</load_address>
         <run_address>0x1300</run_address>
         <size>0x380</size>
         <input_file_ref idref="fl-4"/>
      </object_component>
      <object_component id="oc-70">
         <name>.text</name>
         <load_address>0x1680</load_address>
         <run_address>0x1680</run_address>
         <size>0x320</size>
         <input_file_ref idref="fl-20"/>
      </object_component>
      <object_component id="oc-98">
         <name>.text:_memcpy</name>
         <load_address>0x19a0</load_address>
         <run_address>0x19a0</run_address>
         <size>0x240</size>
         <input_file_ref idref="fl-1b"/>
      </object_component>
      <object_component id="oc-9e">
         <name>.text:_IRQ_map</name>
         <load_address>0x1be0</load_address>
         <run_address>0x1be0</run_address>
         <size>0x1c0</size>
         <input_file_ref idref="fl-1d"/>
      </object_component>
      <object_component id="oc-ab">
         <name>.text:_MCBSP_reset</name>
         <load_address>0x1da0</load_address>
         <run_address>0x1da0</run_address>
         <size>0x1a0</size>
         <input_file_ref idref="fl-1e"/>
      </object_component>
      <object_component id="oc-85">
         <name>.text:__auto_init</name>
         <load_address>0x1f40</load_address>
         <run_address>0x1f40</run_address>
         <size>0x160</size>
         <input_file_ref idref="fl-19"/>
      </object_component>
      <object_component id="oc-76">
         <name>.text</name>
         <load_address>0x20a0</load_address>
         <run_address>0x20a0</run_address>
         <size>0x160</size>
         <input_file_ref idref="fl-21"/>
      </object_component>
      <object_component id="oc-87">
         <name>.text:_exit</name>
         <load_address>0x2200</load_address>
         <run_address>0x2200</run_address>
         <size>0x120</size>
         <input_file_ref idref="fl-b"/>
      </object_component>
      <object_component id="oc-95">
         <name>.text:_MCBSP_open</name>
         <load_address>0x2320</load_address>
         <run_address>0x2320</run_address>
         <size>0x100</size>
         <input_file_ref idref="fl-1e"/>
      </object_component>
      <object_component id="oc-96">
         <name>.text:_MCBSP_start</name>
         <load_address>0x2420</load_address>
         <run_address>0x2420</run_address>
         <size>0x100</size>
         <input_file_ref idref="fl-1e"/>
      </object_component>
      <object_component id="oc-92">
         <name>.text:__remi</name>
         <load_address>0x2520</load_address>
         <run_address>0x2520</run_address>
         <size>0x100</size>
         <input_file_ref idref="fl-c"/>
      </object_component>
      <object_component id="oc-94">
         <name>.text:__strasg</name>
         <load_address>0x2620</load_address>
         <run_address>0x2620</run_address>
         <size>0xe0</size>
         <input_file_ref idref="fl-23"/>
      </object_component>
      <object_component id="oc-aa">
         <name>.text:__frcmpyf_div</name>
         <load_address>0x2700</load_address>
         <run_address>0x2700</run_address>
         <size>0xc0</size>
         <input_file_ref idref="fl-14"/>
      </object_component>
      <object_component id="oc-8a">
         <name>.text:__nround</name>
         <load_address>0x27c0</load_address>
         <run_address>0x27c0</run_address>
         <size>0xc0</size>
         <input_file_ref idref="fl-16"/>
      </object_component>
      <object_component id="oc-97">
         <name>.text:_copy_in</name>
         <load_address>0x2880</load_address>
         <run_address>0x2880</run_address>
         <size>0xc0</size>
         <input_file_ref idref="fl-1a"/>
      </object_component>
      <object_component id="oc-a7">
         <name>.text:_modf</name>
         <load_address>0x2940</load_address>
         <run_address>0x2940</run_address>
         <size>0xc0</size>
         <input_file_ref idref="fl-1c"/>
      </object_component>
      <object_component id="oc-7c">
         <name>.text</name>
         <load_address>0x2a00</load_address>
         <run_address>0x2a00</run_address>
         <size>0xc0</size>
         <input_file_ref idref="fl-22"/>
      </object_component>
      <object_component id="oc-9b">
         <name>.text:_MCBSP_config</name>
         <load_address>0x2ac0</load_address>
         <run_address>0x2ac0</run_address>
         <size>0xa0</size>
         <input_file_ref idref="fl-1e"/>
      </object_component>
      <object_component id="oc-91">
         <name>.text:__fixfi</name>
         <load_address>0x2b60</load_address>
         <run_address>0x2b60</run_address>
         <size>0xa0</size>
         <input_file_ref idref="fl-11"/>
      </object_component>
      <object_component id="oc-ac">
         <name>.text:_setMux</name>
         <load_address>0x2c00</load_address>
         <run_address>0x2c00</run_address>
         <size>0xa0</size>
         <input_file_ref idref="fl-1d"/>
      </object_component>
      <object_component id="oc-e">
         <name>.text:_c_int00</name>
         <load_address>0x2ca0</load_address>
         <run_address>0x2ca0</run_address>
         <size>0x80</size>
         <input_file_ref idref="fl-a"/>
      </object_component>
      <object_component id="oc-89">
         <name>.text:__fltid</name>
         <load_address>0x2d20</load_address>
         <run_address>0x2d20</run_address>
         <size>0x60</size>
         <input_file_ref idref="fl-12"/>
      </object_component>
      <object_component id="oc-8d">
         <name>.text:__fltif</name>
         <load_address>0x2d80</load_address>
         <run_address>0x2d80</run_address>
         <size>0x60</size>
         <input_file_ref idref="fl-13"/>
      </object_component>
      <object_component id="oc-a2">
         <name>.text:_IRQ_enable</name>
         <load_address>0x2de0</load_address>
         <run_address>0x2de0</run_address>
         <size>0x40</size>
         <input_file_ref idref="fl-1d"/>
      </object_component>
      <object_component id="oc-9f">
         <name>.text:_IRQ_reset</name>
         <load_address>0x2e20</load_address>
         <run_address>0x2e20</run_address>
         <size>0x40</size>
         <input_file_ref idref="fl-1d"/>
      </object_component>
      <object_component id="oc-a8">
         <name>.text:___isnanf</name>
         <load_address>0x2e60</load_address>
         <run_address>0x2e60</run_address>
         <size>0x40</size>
         <input_file_ref idref="fl-10"/>
      </object_component>
      <object_component id="oc-86">
         <name>.text:__args_main</name>
         <load_address>0x2ea0</load_address>
         <run_address>0x2ea0</run_address>
         <size>0x40</size>
         <input_file_ref idref="fl-18"/>
      </object_component>
      <object_component id="oc-f">
         <name>.text</name>
         <load_address>0x2ee0</load_address>
         <run_address>0x2ee0</run_address>
         <size>0x20</size>
         <input_file_ref idref="fl-2"/>
      </object_component>
      <object_component id="oc-9c">
         <name>.text:_IRQ_globalDisable</name>
         <load_address>0x2f00</load_address>
         <run_address>0x2f00</run_address>
         <size>0x20</size>
         <input_file_ref idref="fl-1d"/>
      </object_component>
      <object_component id="oc-a0">
         <name>.text:_IRQ_globalEnable</name>
         <load_address>0x2f20</load_address>
         <run_address>0x2f20</run_address>
         <size>0x20</size>
         <input_file_ref idref="fl-1d"/>
      </object_component>
      <object_component id="oc-a1">
         <name>.text:_IRQ_nmiEnable</name>
         <load_address>0x2f40</load_address>
         <run_address>0x2f40</run_address>
         <size>0x20</size>
         <input_file_ref idref="fl-1d"/>
      </object_component>
      <object_component id="oc-9d">
         <name>.text:_MCBSP_getXmtEventId</name>
         <load_address>0x2f60</load_address>
         <run_address>0x2f60</run_address>
         <size>0x20</size>
         <input_file_ref idref="fl-1e"/>
      </object_component>
      <object_component id="oc-a6">
         <name>.text:_MCBSP_read</name>
         <load_address>0x2f80</load_address>
         <run_address>0x2f80</run_address>
         <size>0x20</size>
         <input_file_ref idref="fl-1e"/>
      </object_component>
      <object_component id="oc-a5">
         <name>.text:_MCBSP_rrdy</name>
         <load_address>0x2fa0</load_address>
         <run_address>0x2fa0</run_address>
         <size>0x20</size>
         <input_file_ref idref="fl-1e"/>
      </object_component>
      <object_component id="oc-a4">
         <name>.text:_MCBSP_write</name>
         <load_address>0x2fc0</load_address>
         <run_address>0x2fc0</run_address>
         <size>0x20</size>
         <input_file_ref idref="fl-1e"/>
      </object_component>
      <object_component id="oc-a3">
         <name>.text:_MCBSP_xrdy</name>
         <load_address>0x2fe0</load_address>
         <run_address>0x2fe0</run_address>
         <size>0x20</size>
         <input_file_ref idref="fl-1e"/>
      </object_component>
      <object_component id="oc-90">
         <name>.text:__addf</name>
         <load_address>0x3000</load_address>
         <run_address>0x3000</run_address>
         <size>0x20</size>
         <input_file_ref idref="fl-d"/>
      </object_component>
      <object_component id="oc-8b">
         <name>.text:__cvtdf</name>
         <load_address>0x3020</load_address>
         <run_address>0x3020</run_address>
         <size>0x20</size>
         <input_file_ref idref="fl-e"/>
      </object_component>
      <object_component id="oc-8f">
         <name>.text:__cvtfd</name>
         <load_address>0x3040</load_address>
         <run_address>0x3040</run_address>
         <size>0x20</size>
         <input_file_ref idref="fl-f"/>
      </object_component>
      <object_component id="oc-8e">
         <name>.text:__mpyf</name>
         <load_address>0x3060</load_address>
         <run_address>0x3060</run_address>
         <size>0x20</size>
         <input_file_ref idref="fl-15"/>
      </object_component>
      <object_component id="oc-93">
         <name>.text:__nop</name>
         <load_address>0x3080</load_address>
         <run_address>0x3080</run_address>
         <size>0x20</size>
         <input_file_ref idref="fl-17"/>
      </object_component>
      <object_component id="oc-9a">
         <name>.text:_abort</name>
         <load_address>0x30a0</load_address>
         <run_address>0x30a0</run_address>
         <size>0x20</size>
         <input_file_ref idref="fl-b"/>
      </object_component>
      <object_component id="oc-5f">
         <name>.text</name>
         <load_address>0x30c0</load_address>
         <run_address>0x30c0</run_address>
         <size>0x20</size>
         <input_file_ref idref="fl-1d"/>
      </object_component>
      <object_component id="oc-99">
         <name>.text</name>
         <load_address>0x30e0</load_address>
         <run_address>0x30e0</run_address>
         <size>0x20</size>
         <input_file_ref idref="fl-4"/>
      </object_component>
      <object_component id="oc-1b">
         <name>.cinit</name>
         <load_address>0x3100</load_address>
         <run_address>0x3100</run_address>
         <size>0xce2</size>
         <input_file_ref idref="fl-4"/>
      </object_component>
      <object_component id="oc-60">
         <name>.cinit</name>
         <load_address>0x3de8</load_address>
         <run_address>0x3de8</run_address>
         <size>0x12c</size>
         <input_file_ref idref="fl-1d"/>
      </object_component>
      <object_component id="oc-15">
         <name>.cinit</name>
         <load_address>0x3f18</load_address>
         <run_address>0x3f18</run_address>
         <size>0x58</size>
         <input_file_ref idref="fl-3"/>
      </object_component>
      <object_component id="oc-65">
         <name>.cinit</name>
         <load_address>0x3f70</load_address>
         <run_address>0x3f70</run_address>
         <size>0x54</size>
         <input_file_ref idref="fl-1e"/>
      </object_component>
      <object_component id="oc-77">
         <name>.cinit</name>
         <load_address>0x3fc8</load_address>
         <run_address>0x3fc8</run_address>
         <size>0x30</size>
         <input_file_ref idref="fl-21"/>
      </object_component>
      <object_component id="oc-26">
         <name>.cinit</name>
         <load_address>0x3ff8</load_address>
         <run_address>0x3ff8</run_address>
         <size>0x2c</size>
         <input_file_ref idref="fl-b"/>
      </object_component>
      <object_component id="oc-7d">
         <name>.cinit</name>
         <load_address>0x4028</load_address>
         <run_address>0x4028</run_address>
         <size>0x28</size>
         <input_file_ref idref="fl-22"/>
      </object_component>
      <object_component id="oc-4c">
         <name>.cinit</name>
         <load_address>0x4050</load_address>
         <run_address>0x4050</run_address>
         <size>0x1c</size>
         <input_file_ref idref="fl-17"/>
      </object_component>
      <object_component id="oc-22">
         <name>.stack</name>
         <uninitialized>true</uninitialized>
         <run_address>0x4ec8</run_address>
         <size>0x8</size>
         <input_file_ref idref="fl-a"/>
      </object_component>
      <object_component id="oc-c2">
         <name>.stack</name>
         <uninitialized>true</uninitialized>
         <run_address>0x4ec8</run_address>
         <size>0x0</size>
      </object_component>
      <object_component id="oc-72">
         <name>.const</name>
         <load_address>0x52c8</load_address>
         <run_address>0x52c8</run_address>
         <size>0x40</size>
         <input_file_ref idref="fl-20"/>
      </object_component>
      <object_component id="oc-6c">
         <name>.const</name>
         <load_address>0x5308</load_address>
         <run_address>0x5308</run_address>
         <size>0x20</size>
         <input_file_ref idref="fl-1f"/>
      </object_component>
      <object_component id="oc-a9">
         <name>.const:_initial_approx$1</name>
         <load_address>0x5328</load_address>
         <run_address>0x5328</run_address>
         <size>0x8</size>
         <input_file_ref idref="fl-10"/>
      </object_component>
      <object_component id="oc-16">
         <name>.far</name>
         <uninitialized>true</uninitialized>
         <run_address>0x4dcc</run_address>
         <size>0x58</size>
         <input_file_ref idref="fl-3"/>
      </object_component>
      <object_component id="oc-1c">
         <name>.far</name>
         <uninitialized>true</uninitialized>
         <run_address>0x4074</run_address>
         <size>0xc64</size>
         <input_file_ref idref="fl-4"/>
      </object_component>
      <object_component id="oc-27">
         <name>.far</name>
         <uninitialized>true</uninitialized>
         <run_address>0x4ea4</run_address>
         <size>0xc</size>
         <input_file_ref idref="fl-b"/>
      </object_component>
      <object_component id="oc-4d">
         <name>.far</name>
         <uninitialized>true</uninitialized>
         <run_address>0x4eb8</run_address>
         <size>0x8</size>
         <input_file_ref idref="fl-17"/>
      </object_component>
      <object_component id="oc-61">
         <name>.far</name>
         <uninitialized>true</uninitialized>
         <run_address>0x4cd8</run_address>
         <size>0xf4</size>
         <input_file_ref idref="fl-1d"/>
      </object_component>
      <object_component id="oc-66">
         <name>.far</name>
         <uninitialized>true</uninitialized>
         <run_address>0x4e24</run_address>
         <size>0x38</size>
         <input_file_ref idref="fl-1e"/>
      </object_component>
      <object_component id="oc-6b">
         <name>.far</name>
         <uninitialized>true</uninitialized>
         <run_address>0x4ec0</run_address>
         <size>0x2</size>
         <input_file_ref idref="fl-1f"/>
      </object_component>
      <object_component id="oc-71">
         <name>.far</name>
         <uninitialized>true</uninitialized>
         <run_address>0x4eb0</run_address>
         <size>0x8</size>
         <input_file_ref idref="fl-20"/>
      </object_component>
      <object_component id="oc-78">
         <name>.far</name>
         <uninitialized>true</uninitialized>
         <run_address>0x4e5c</run_address>
         <size>0x28</size>
         <input_file_ref idref="fl-21"/>
      </object_component>
      <object_component id="oc-7e">
         <name>.far</name>
         <uninitialized>true</uninitialized>
         <run_address>0x4e84</run_address>
         <size>0x20</size>
         <input_file_ref idref="fl-22"/>
      </object_component>
      <object_component id="oc-11">
         <name>.debug_info</name>
         <load_address>0x0</load_address>
         <run_address>0x0</run_address>
         <size>0xf3</size>
         <input_file_ref idref="fl-2"/>
      </object_component>
      <object_component id="oc-14">
         <name>.debug_info</name>
         <load_address>0xf3</load_address>
         <run_address>0xf3</run_address>
         <size>0x1543</size>
         <input_file_ref idref="fl-3"/>
      </object_component>
      <object_component id="oc-1a">
         <name>.debug_info</name>
         <load_address>0x1636</load_address>
         <run_address>0x1636</run_address>
         <size>0xa0d</size>
         <input_file_ref idref="fl-4"/>
      </object_component>
      <object_component id="oc-21">
         <name>.debug_info</name>
         <load_address>0x2043</load_address>
         <run_address>0x2043</run_address>
         <size>0x715</size>
         <input_file_ref idref="fl-a"/>
      </object_component>
      <object_component id="oc-25">
         <name>.debug_info</name>
         <load_address>0x2758</load_address>
         <run_address>0x2758</run_address>
         <size>0x892</size>
         <input_file_ref idref="fl-b"/>
      </object_component>
      <object_component id="oc-2a">
         <name>.debug_info</name>
         <load_address>0x2fea</load_address>
         <run_address>0x2fea</run_address>
         <size>0xf8</size>
         <input_file_ref idref="fl-c"/>
      </object_component>
      <object_component id="oc-2d">
         <name>.debug_info</name>
         <load_address>0x30e2</load_address>
         <run_address>0x30e2</run_address>
         <size>0x682</size>
         <input_file_ref idref="fl-d"/>
      </object_component>
      <object_component id="oc-30">
         <name>.debug_info</name>
         <load_address>0x3764</load_address>
         <run_address>0x3764</run_address>
         <size>0x66d</size>
         <input_file_ref idref="fl-e"/>
      </object_component>
      <object_component id="oc-33">
         <name>.debug_info</name>
         <load_address>0x3dd1</load_address>
         <run_address>0x3dd1</run_address>
         <size>0x66d</size>
         <input_file_ref idref="fl-f"/>
      </object_component>
      <object_component id="oc-36">
         <name>.debug_info</name>
         <load_address>0x443e</load_address>
         <run_address>0x443e</run_address>
         <size>0xafd</size>
         <input_file_ref idref="fl-10"/>
      </object_component>
      <object_component id="oc-39">
         <name>.debug_info</name>
         <load_address>0x4f3b</load_address>
         <run_address>0x4f3b</run_address>
         <size>0x697</size>
         <input_file_ref idref="fl-11"/>
      </object_component>
      <object_component id="oc-3c">
         <name>.debug_info</name>
         <load_address>0x55d2</load_address>
         <run_address>0x55d2</run_address>
         <size>0x6f2</size>
         <input_file_ref idref="fl-12"/>
      </object_component>
      <object_component id="oc-3f">
         <name>.debug_info</name>
         <load_address>0x5cc4</load_address>
         <run_address>0x5cc4</run_address>
         <size>0x6aa</size>
         <input_file_ref idref="fl-13"/>
      </object_component>
      <object_component id="oc-42">
         <name>.debug_info</name>
         <load_address>0x636e</load_address>
         <run_address>0x636e</run_address>
         <size>0x6b7</size>
         <input_file_ref idref="fl-14"/>
      </object_component>
      <object_component id="oc-45">
         <name>.debug_info</name>
         <load_address>0x6a25</load_address>
         <run_address>0x6a25</run_address>
         <size>0x682</size>
         <input_file_ref idref="fl-15"/>
      </object_component>
      <object_component id="oc-48">
         <name>.debug_info</name>
         <load_address>0x70a7</load_address>
         <run_address>0x70a7</run_address>
         <size>0x69e</size>
         <input_file_ref idref="fl-16"/>
      </object_component>
      <object_component id="oc-4b">
         <name>.debug_info</name>
         <load_address>0x7745</load_address>
         <run_address>0x7745</run_address>
         <size>0x685</size>
         <input_file_ref idref="fl-17"/>
      </object_component>
      <object_component id="oc-50">
         <name>.debug_info</name>
         <load_address>0x7dca</load_address>
         <run_address>0x7dca</run_address>
         <size>0x71a</size>
         <input_file_ref idref="fl-18"/>
      </object_component>
      <object_component id="oc-53">
         <name>.debug_info</name>
         <load_address>0x84e4</load_address>
         <run_address>0x84e4</run_address>
         <size>0x996</size>
         <input_file_ref idref="fl-19"/>
      </object_component>
      <object_component id="oc-56">
         <name>.debug_info</name>
         <load_address>0x8e7a</load_address>
         <run_address>0x8e7a</run_address>
         <size>0x841</size>
         <input_file_ref idref="fl-1a"/>
      </object_component>
      <object_component id="oc-59">
         <name>.debug_info</name>
         <load_address>0x96bb</load_address>
         <run_address>0x96bb</run_address>
         <size>0x82c</size>
         <input_file_ref idref="fl-1b"/>
      </object_component>
      <object_component id="oc-5c">
         <name>.debug_info</name>
         <load_address>0x9ee7</load_address>
         <run_address>0x9ee7</run_address>
         <size>0x6cb</size>
         <input_file_ref idref="fl-1c"/>
      </object_component>
      <object_component id="oc-63">
         <name>.debug_info</name>
         <load_address>0xa5b2</load_address>
         <run_address>0xa5b2</run_address>
         <size>0xcc5</size>
         <input_file_ref idref="fl-1d"/>
      </object_component>
      <object_component id="oc-68">
         <name>.debug_info</name>
         <load_address>0xb277</load_address>
         <run_address>0xb277</run_address>
         <size>0xec5</size>
         <input_file_ref idref="fl-1e"/>
      </object_component>
      <object_component id="oc-6e">
         <name>.debug_info</name>
         <load_address>0xc13c</load_address>
         <run_address>0xc13c</run_address>
         <size>0xa4e</size>
         <input_file_ref idref="fl-1f"/>
      </object_component>
      <object_component id="oc-74">
         <name>.debug_info</name>
         <load_address>0xcb8a</load_address>
         <run_address>0xcb8a</run_address>
         <size>0xa20</size>
         <input_file_ref idref="fl-20"/>
      </object_component>
      <object_component id="oc-7a">
         <name>.debug_info</name>
         <load_address>0xd5aa</load_address>
         <run_address>0xd5aa</run_address>
         <size>0xaa0</size>
         <input_file_ref idref="fl-21"/>
      </object_component>
      <object_component id="oc-80">
         <name>.debug_info</name>
         <load_address>0xe04a</load_address>
         <run_address>0xe04a</run_address>
         <size>0x723</size>
         <input_file_ref idref="fl-22"/>
      </object_component>
      <object_component id="oc-82">
         <name>.debug_info</name>
         <load_address>0xe76d</load_address>
         <run_address>0xe76d</run_address>
         <size>0xfe</size>
         <input_file_ref idref="fl-23"/>
      </object_component>
      <object_component id="oc-c3">
         <name>.debug_info</name>
         <load_address>0xe86b</load_address>
         <run_address>0xe86b</run_address>
         <size>0x6e</size>
      </object_component>
      <object_component id="oc-12">
         <name>.debug_line</name>
         <load_address>0x0</load_address>
         <run_address>0x0</run_address>
         <size>0xcd</size>
         <input_file_ref idref="fl-2"/>
      </object_component>
      <object_component id="oc-18">
         <name>.debug_line</name>
         <load_address>0xcd</load_address>
         <run_address>0xcd</run_address>
         <size>0x15a</size>
         <input_file_ref idref="fl-3"/>
      </object_component>
      <object_component id="oc-1f">
         <name>.debug_line</name>
         <load_address>0x227</load_address>
         <run_address>0x227</run_address>
         <size>0x62</size>
         <input_file_ref idref="fl-4"/>
      </object_component>
      <object_component id="oc-23">
         <name>.debug_line</name>
         <load_address>0x289</load_address>
         <run_address>0x289</run_address>
         <size>0x3f</size>
         <input_file_ref idref="fl-a"/>
      </object_component>
      <object_component id="oc-28">
         <name>.debug_line</name>
         <load_address>0x2c8</load_address>
         <run_address>0x2c8</run_address>
         <size>0x51</size>
         <input_file_ref idref="fl-b"/>
      </object_component>
      <object_component id="oc-2b">
         <name>.debug_line</name>
         <load_address>0x319</load_address>
         <run_address>0x319</run_address>
         <size>0x45</size>
         <input_file_ref idref="fl-c"/>
      </object_component>
      <object_component id="oc-2e">
         <name>.debug_line</name>
         <load_address>0x35e</load_address>
         <run_address>0x35e</run_address>
         <size>0x42</size>
         <input_file_ref idref="fl-d"/>
      </object_component>
      <object_component id="oc-31">
         <name>.debug_line</name>
         <load_address>0x3a0</load_address>
         <run_address>0x3a0</run_address>
         <size>0x43</size>
         <input_file_ref idref="fl-e"/>
      </object_component>
      <object_component id="oc-34">
         <name>.debug_line</name>
         <load_address>0x3e3</load_address>
         <run_address>0x3e3</run_address>
         <size>0x43</size>
         <input_file_ref idref="fl-f"/>
      </object_component>
      <object_component id="oc-37">
         <name>.debug_line</name>
         <load_address>0x426</load_address>
         <run_address>0x426</run_address>
         <size>0x9f</size>
         <input_file_ref idref="fl-10"/>
      </object_component>
      <object_component id="oc-3a">
         <name>.debug_line</name>
         <load_address>0x4c5</load_address>
         <run_address>0x4c5</run_address>
         <size>0x4a</size>
         <input_file_ref idref="fl-11"/>
      </object_component>
      <object_component id="oc-3d">
         <name>.debug_line</name>
         <load_address>0x50f</load_address>
         <run_address>0x50f</run_address>
         <size>0x4a</size>
         <input_file_ref idref="fl-12"/>
      </object_component>
      <object_component id="oc-40">
         <name>.debug_line</name>
         <load_address>0x559</load_address>
         <run_address>0x559</run_address>
         <size>0x4a</size>
         <input_file_ref idref="fl-13"/>
      </object_component>
      <object_component id="oc-43">
         <name>.debug_line</name>
         <load_address>0x5a3</load_address>
         <run_address>0x5a3</run_address>
         <size>0x4d</size>
         <input_file_ref idref="fl-14"/>
      </object_component>
      <object_component id="oc-46">
         <name>.debug_line</name>
         <load_address>0x5f0</load_address>
         <run_address>0x5f0</run_address>
         <size>0x42</size>
         <input_file_ref idref="fl-15"/>
      </object_component>
      <object_component id="oc-49">
         <name>.debug_line</name>
         <load_address>0x632</load_address>
         <run_address>0x632</run_address>
         <size>0x45</size>
         <input_file_ref idref="fl-16"/>
      </object_component>
      <object_component id="oc-4e">
         <name>.debug_line</name>
         <load_address>0x677</load_address>
         <run_address>0x677</run_address>
         <size>0x3d</size>
         <input_file_ref idref="fl-17"/>
      </object_component>
      <object_component id="oc-51">
         <name>.debug_line</name>
         <load_address>0x6b4</load_address>
         <run_address>0x6b4</run_address>
         <size>0x48</size>
         <input_file_ref idref="fl-18"/>
      </object_component>
      <object_component id="oc-54">
         <name>.debug_line</name>
         <load_address>0x6fc</load_address>
         <run_address>0x6fc</run_address>
         <size>0x4b</size>
         <input_file_ref idref="fl-19"/>
      </object_component>
      <object_component id="oc-57">
         <name>.debug_line</name>
         <load_address>0x747</load_address>
         <run_address>0x747</run_address>
         <size>0x46</size>
         <input_file_ref idref="fl-1a"/>
      </object_component>
      <object_component id="oc-5a">
         <name>.debug_line</name>
         <load_address>0x78d</load_address>
         <run_address>0x78d</run_address>
         <size>0x4e</size>
         <input_file_ref idref="fl-1b"/>
      </object_component>
      <object_component id="oc-5d">
         <name>.debug_line</name>
         <load_address>0x7db</load_address>
         <run_address>0x7db</run_address>
         <size>0x44</size>
         <input_file_ref idref="fl-1c"/>
      </object_component>
      <object_component id="oc-64">
         <name>.debug_line</name>
         <load_address>0x81f</load_address>
         <run_address>0x81f</run_address>
         <size>0x109</size>
         <input_file_ref idref="fl-1d"/>
      </object_component>
      <object_component id="oc-69">
         <name>.debug_line</name>
         <load_address>0x928</load_address>
         <run_address>0x928</run_address>
         <size>0x141</size>
         <input_file_ref idref="fl-1e"/>
      </object_component>
      <object_component id="oc-6f">
         <name>.debug_line</name>
         <load_address>0xa69</load_address>
         <run_address>0xa69</run_address>
         <size>0xb2</size>
         <input_file_ref idref="fl-1f"/>
      </object_component>
      <object_component id="oc-75">
         <name>.debug_line</name>
         <load_address>0xb1b</load_address>
         <run_address>0xb1b</run_address>
         <size>0x4f</size>
         <input_file_ref idref="fl-20"/>
      </object_component>
      <object_component id="oc-7b">
         <name>.debug_line</name>
         <load_address>0xb6a</load_address>
         <run_address>0xb6a</run_address>
         <size>0x7e</size>
         <input_file_ref idref="fl-21"/>
      </object_component>
      <object_component id="oc-81">
         <name>.debug_line</name>
         <load_address>0xbe8</load_address>
         <run_address>0xbe8</run_address>
         <size>0x50</size>
         <input_file_ref idref="fl-22"/>
      </object_component>
      <object_component id="oc-83">
         <name>.debug_line</name>
         <load_address>0xc38</load_address>
         <run_address>0xc38</run_address>
         <size>0x4a</size>
         <input_file_ref idref="fl-23"/>
      </object_component>
      <object_component id="oc-13">
         <name>.debug_abbrev</name>
         <load_address>0x0</load_address>
         <run_address>0x0</run_address>
         <size>0x20</size>
         <input_file_ref idref="fl-2"/>
      </object_component>
      <object_component id="oc-19">
         <name>.debug_abbrev</name>
         <load_address>0x20</load_address>
         <run_address>0x20</run_address>
         <size>0x18e</size>
         <input_file_ref idref="fl-3"/>
      </object_component>
      <object_component id="oc-20">
         <name>.debug_abbrev</name>
         <load_address>0x1ae</load_address>
         <run_address>0x1ae</run_address>
         <size>0x139</size>
         <input_file_ref idref="fl-4"/>
      </object_component>
      <object_component id="oc-24">
         <name>.debug_abbrev</name>
         <load_address>0x2e7</load_address>
         <run_address>0x2e7</run_address>
         <size>0xe7</size>
         <input_file_ref idref="fl-a"/>
      </object_component>
      <object_component id="oc-29">
         <name>.debug_abbrev</name>
         <load_address>0x3ce</load_address>
         <run_address>0x3ce</run_address>
         <size>0x119</size>
         <input_file_ref idref="fl-b"/>
      </object_component>
      <object_component id="oc-2c">
         <name>.debug_abbrev</name>
         <load_address>0x4e7</load_address>
         <run_address>0x4e7</run_address>
         <size>0x3a</size>
         <input_file_ref idref="fl-c"/>
      </object_component>
      <object_component id="oc-2f">
         <name>.debug_abbrev</name>
         <load_address>0x521</load_address>
         <run_address>0x521</run_address>
         <size>0x81</size>
         <input_file_ref idref="fl-d"/>
      </object_component>
      <object_component id="oc-32">
         <name>.debug_abbrev</name>
         <load_address>0x5a2</load_address>
         <run_address>0x5a2</run_address>
         <size>0x81</size>
         <input_file_ref idref="fl-e"/>
      </object_component>
      <object_component id="oc-35">
         <name>.debug_abbrev</name>
         <load_address>0x623</load_address>
         <run_address>0x623</run_address>
         <size>0x81</size>
         <input_file_ref idref="fl-f"/>
      </object_component>
      <object_component id="oc-38">
         <name>.debug_abbrev</name>
         <load_address>0x6a4</load_address>
         <run_address>0x6a4</run_address>
         <size>0x146</size>
         <input_file_ref idref="fl-10"/>
      </object_component>
      <object_component id="oc-3b">
         <name>.debug_abbrev</name>
         <load_address>0x7ea</load_address>
         <run_address>0x7ea</run_address>
         <size>0x98</size>
         <input_file_ref idref="fl-11"/>
      </object_component>
      <object_component id="oc-3e">
         <name>.debug_abbrev</name>
         <load_address>0x882</load_address>
         <run_address>0x882</run_address>
         <size>0xc3</size>
         <input_file_ref idref="fl-12"/>
      </object_component>
      <object_component id="oc-41">
         <name>.debug_abbrev</name>
         <load_address>0x945</load_address>
         <run_address>0x945</run_address>
         <size>0x98</size>
         <input_file_ref idref="fl-13"/>
      </object_component>
      <object_component id="oc-44">
         <name>.debug_abbrev</name>
         <load_address>0x9dd</load_address>
         <run_address>0x9dd</run_address>
         <size>0x8c</size>
         <input_file_ref idref="fl-14"/>
      </object_component>
      <object_component id="oc-47">
         <name>.debug_abbrev</name>
         <load_address>0xa69</load_address>
         <run_address>0xa69</run_address>
         <size>0x81</size>
         <input_file_ref idref="fl-15"/>
      </object_component>
      <object_component id="oc-4a">
         <name>.debug_abbrev</name>
         <load_address>0xaea</load_address>
         <run_address>0xaea</run_address>
         <size>0xaf</size>
         <input_file_ref idref="fl-16"/>
      </object_component>
      <object_component id="oc-4f">
         <name>.debug_abbrev</name>
         <load_address>0xb99</load_address>
         <run_address>0xb99</run_address>
         <size>0x9f</size>
         <input_file_ref idref="fl-17"/>
      </object_component>
      <object_component id="oc-52">
         <name>.debug_abbrev</name>
         <load_address>0xc38</load_address>
         <run_address>0xc38</run_address>
         <size>0xe1</size>
         <input_file_ref idref="fl-18"/>
      </object_component>
      <object_component id="oc-55">
         <name>.debug_abbrev</name>
         <load_address>0xd19</load_address>
         <run_address>0xd19</run_address>
         <size>0x155</size>
         <input_file_ref idref="fl-19"/>
      </object_component>
      <object_component id="oc-58">
         <name>.debug_abbrev</name>
         <load_address>0xe6e</load_address>
         <run_address>0xe6e</run_address>
         <size>0x10c</size>
         <input_file_ref idref="fl-1a"/>
      </object_component>
      <object_component id="oc-5b">
         <name>.debug_abbrev</name>
         <load_address>0xf7a</load_address>
         <run_address>0xf7a</run_address>
         <size>0xd5</size>
         <input_file_ref idref="fl-1b"/>
      </object_component>
      <object_component id="oc-5e">
         <name>.debug_abbrev</name>
         <load_address>0x104f</load_address>
         <run_address>0x104f</run_address>
         <size>0xa1</size>
         <input_file_ref idref="fl-1c"/>
      </object_component>
      <object_component id="oc-62">
         <name>.debug_abbrev</name>
         <load_address>0x10f0</load_address>
         <run_address>0x10f0</run_address>
         <size>0x1b7</size>
         <input_file_ref idref="fl-1d"/>
      </object_component>
      <object_component id="oc-67">
         <name>.debug_abbrev</name>
         <load_address>0x12a7</load_address>
         <run_address>0x12a7</run_address>
         <size>0x1a3</size>
         <input_file_ref idref="fl-1e"/>
      </object_component>
      <object_component id="oc-6d">
         <name>.debug_abbrev</name>
         <load_address>0x144a</load_address>
         <run_address>0x144a</run_address>
         <size>0x19a</size>
         <input_file_ref idref="fl-1f"/>
      </object_component>
      <object_component id="oc-73">
         <name>.debug_abbrev</name>
         <load_address>0x15e4</load_address>
         <run_address>0x15e4</run_address>
         <size>0x12a</size>
         <input_file_ref idref="fl-20"/>
      </object_component>
      <object_component id="oc-79">
         <name>.debug_abbrev</name>
         <load_address>0x170e</load_address>
         <run_address>0x170e</run_address>
         <size>0x152</size>
         <input_file_ref idref="fl-21"/>
      </object_component>
      <object_component id="oc-7f">
         <name>.debug_abbrev</name>
         <load_address>0x1860</load_address>
         <run_address>0x1860</run_address>
         <size>0xf5</size>
         <input_file_ref idref="fl-22"/>
      </object_component>
      <object_component id="oc-84">
         <name>.debug_abbrev</name>
         <load_address>0x1955</load_address>
         <run_address>0x1955</run_address>
         <size>0x3a</size>
         <input_file_ref idref="fl-23"/>
      </object_component>
      <object_component id="oc-c4">
         <name>.debug_abbrev</name>
         <load_address>0x198f</load_address>
         <run_address>0x198f</run_address>
         <size>0xd</size>
      </object_component>
      <object_component id="oc-17">
         <name>.debug_frame</name>
         <load_address>0x0</load_address>
         <run_address>0x0</run_address>
         <size>0x34f</size>
         <input_file_ref idref="fl-3"/>
      </object_component>
      <object_component id="oc-1e">
         <name>.debug_frame</name>
         <load_address>0x34f</load_address>
         <run_address>0x34f</run_address>
         <size>0x2dc</size>
         <input_file_ref idref="fl-4"/>
      </object_component>
   </object_component_list>
   <logical_group_list>
      <logical_group id="lg-2">
         <name>.EXT_RAM</name>
         <run_address>0x0</run_address>
         <size>0x0</size>
         <contents>
         </contents>
      </logical_group>
      <logical_group id="lg-3">
         <name>.vectors</name>
         <load_address>0x0</load_address>
         <run_address>0x0</run_address>
         <size>0x200</size>
         <contents>
            <object_component_ref idref="oc-10"/>
         </contents>
      </logical_group>
      <logical_group id="lg-4">
         <name>.text</name>
         <load_address>0x220</load_address>
         <run_address>0x220</run_address>
         <size>0x2ee0</size>
         <contents>
            <object_component_ref idref="oc-88"/>
            <object_component_ref idref="oc-8c"/>
            <object_component_ref idref="oc-6a"/>
            <object_component_ref idref="oc-1d"/>
            <object_component_ref idref="oc-70"/>
            <object_component_ref idref="oc-98"/>
            <object_component_ref idref="oc-9e"/>
            <object_component_ref idref="oc-ab"/>
            <object_component_ref idref="oc-85"/>
            <object_component_ref idref="oc-76"/>
            <object_component_ref idref="oc-87"/>
            <object_component_ref idref="oc-95"/>
            <object_component_ref idref="oc-96"/>
            <object_component_ref idref="oc-92"/>
            <object_component_ref idref="oc-94"/>
            <object_component_ref idref="oc-aa"/>
            <object_component_ref idref="oc-8a"/>
            <object_component_ref idref="oc-97"/>
            <object_component_ref idref="oc-a7"/>
            <object_component_ref idref="oc-7c"/>
            <object_component_ref idref="oc-9b"/>
            <object_component_ref idref="oc-91"/>
            <object_component_ref idref="oc-ac"/>
            <object_component_ref idref="oc-e"/>
            <object_component_ref idref="oc-89"/>
            <object_component_ref idref="oc-8d"/>
            <object_component_ref idref="oc-a2"/>
            <object_component_ref idref="oc-9f"/>
            <object_component_ref idref="oc-a8"/>
            <object_component_ref idref="oc-86"/>
            <object_component_ref idref="oc-f"/>
            <object_component_ref idref="oc-9c"/>
            <object_component_ref idref="oc-a0"/>
            <object_component_ref idref="oc-a1"/>
            <object_component_ref idref="oc-9d"/>
            <object_component_ref idref="oc-a6"/>
            <object_component_ref idref="oc-a5"/>
            <object_component_ref idref="oc-a4"/>
            <object_component_ref idref="oc-a3"/>
            <object_component_ref idref="oc-90"/>
            <object_component_ref idref="oc-8b"/>
            <object_component_ref idref="oc-8f"/>
            <object_component_ref idref="oc-8e"/>
            <object_component_ref idref="oc-93"/>
            <object_component_ref idref="oc-9a"/>
            <object_component_ref idref="oc-5f"/>
            <object_component_ref idref="oc-99"/>
         </contents>
      </logical_group>
      <logical_group id="lg-5">
         <name>.bss</name>
         <run_address>0x220</run_address>
         <size>0x0</size>
         <contents>
         </contents>
      </logical_group>
      <logical_group id="lg-6">
         <name>.cinit</name>
         <load_address>0x3100</load_address>
         <run_address>0x3100</run_address>
         <size>0xf74</size>
         <contents>
            <object_component_ref idref="oc-1b"/>
            <object_component_ref idref="oc-60"/>
            <object_component_ref idref="oc-15"/>
            <object_component_ref idref="oc-65"/>
            <object_component_ref idref="oc-77"/>
            <object_component_ref idref="oc-26"/>
            <object_component_ref idref="oc-7d"/>
            <object_component_ref idref="oc-4c"/>
         </contents>
      </logical_group>
      <logical_group id="lg-7">
         <name>.stack</name>
         <run_address>0x4ec8</run_address>
         <size>0x400</size>
         <contents>
            <object_component_ref idref="oc-22"/>
            <object_component_ref idref="oc-c2"/>
         </contents>
      </logical_group>
      <logical_group id="lg-8">
         <name>.sysmem</name>
         <run_address>0x0</run_address>
         <size>0x0</size>
         <contents>
         </contents>
      </logical_group>
      <logical_group id="lg-9">
         <name>.const</name>
         <load_address>0x52c8</load_address>
         <run_address>0x52c8</run_address>
         <size>0x68</size>
         <contents>
            <object_component_ref idref="oc-72"/>
            <object_component_ref idref="oc-6c"/>
            <object_component_ref idref="oc-a9"/>
         </contents>
      </logical_group>
      <logical_group id="lg-a">
         <name>.switch</name>
         <run_address>0x0</run_address>
         <size>0x0</size>
         <contents>
         </contents>
      </logical_group>
      <logical_group id="lg-b">
         <name>.far</name>
         <run_address>0x4074</run_address>
         <size>0xe4e</size>
         <contents>
            <object_component_ref idref="oc-16"/>
            <object_component_ref idref="oc-1c"/>
            <object_component_ref idref="oc-27"/>
            <object_component_ref idref="oc-4d"/>
            <object_component_ref idref="oc-61"/>
            <object_component_ref idref="oc-66"/>
            <object_component_ref idref="oc-6b"/>
            <object_component_ref idref="oc-71"/>
            <object_component_ref idref="oc-78"/>
            <object_component_ref idref="oc-7e"/>
         </contents>
      </logical_group>
      <logical_group id="lg-c">
         <name>.cio</name>
         <run_address>0x0</run_address>
         <size>0x0</size>
         <contents>
         </contents>
      </logical_group>
      <logical_group id="lg-d">
         <name>.csldata</name>
         <run_address>0x0</run_address>
         <size>0x0</size>
         <contents>
         </contents>
      </logical_group>
      <logical_group id="lg-b9">
         <name>.debug_info</name>
         <load_address>0x0</load_address>
         <run_address>0x0</run_address>
         <size>0xe8d9</size>
         <contents>
            <object_component_ref idref="oc-11"/>
            <object_component_ref idref="oc-14"/>
            <object_component_ref idref="oc-1a"/>
            <object_component_ref idref="oc-21"/>
            <object_component_ref idref="oc-25"/>
            <object_component_ref idref="oc-2a"/>
            <object_component_ref idref="oc-2d"/>
            <object_component_ref idref="oc-30"/>
            <object_component_ref idref="oc-33"/>
            <object_component_ref idref="oc-36"/>
            <object_component_ref idref="oc-39"/>
            <object_component_ref idref="oc-3c"/>
            <object_component_ref idref="oc-3f"/>
            <object_component_ref idref="oc-42"/>
            <object_component_ref idref="oc-45"/>
            <object_component_ref idref="oc-48"/>
            <object_component_ref idref="oc-4b"/>
            <object_component_ref idref="oc-50"/>
            <object_component_ref idref="oc-53"/>
            <object_component_ref idref="oc-56"/>
            <object_component_ref idref="oc-59"/>
            <object_component_ref idref="oc-5c"/>
            <object_component_ref idref="oc-63"/>
            <object_component_ref idref="oc-68"/>
            <object_component_ref idref="oc-6e"/>
            <object_component_ref idref="oc-74"/>
            <object_component_ref idref="oc-7a"/>
            <object_component_ref idref="oc-80"/>
            <object_component_ref idref="oc-82"/>
            <object_component_ref idref="oc-c3"/>
         </contents>
      </logical_group>
      <logical_group id="lg-bb">
         <name>.debug_line</name>
         <load_address>0x0</load_address>
         <run_address>0x0</run_address>
         <size>0xc82</size>
         <contents>
            <object_component_ref idref="oc-12"/>
            <object_component_ref idref="oc-18"/>
            <object_component_ref idref="oc-1f"/>
            <object_component_ref idref="oc-23"/>
            <object_component_ref idref="oc-28"/>
            <object_component_ref idref="oc-2b"/>
            <object_component_ref idref="oc-2e"/>
            <object_component_ref idref="oc-31"/>
            <object_component_ref idref="oc-34"/>
            <object_component_ref idref="oc-37"/>
            <object_component_ref idref="oc-3a"/>
            <object_component_ref idref="oc-3d"/>
            <object_component_ref idref="oc-40"/>
            <object_component_ref idref="oc-43"/>
            <object_component_ref idref="oc-46"/>
            <object_component_ref idref="oc-49"/>
            <object_component_ref idref="oc-4e"/>
            <object_component_ref idref="oc-51"/>
            <object_component_ref idref="oc-54"/>
            <object_component_ref idref="oc-57"/>
            <object_component_ref idref="oc-5a"/>
            <object_component_ref idref="oc-5d"/>
            <object_component_ref idref="oc-64"/>
            <object_component_ref idref="oc-69"/>
            <object_component_ref idref="oc-6f"/>
            <object_component_ref idref="oc-75"/>
            <object_component_ref idref="oc-7b"/>
            <object_component_ref idref="oc-81"/>
            <object_component_ref idref="oc-83"/>
         </contents>
      </logical_group>
      <logical_group id="lg-bd">
         <name>.debug_abbrev</name>
         <load_address>0x0</load_address>
         <run_address>0x0</run_address>
         <size>0x199c</size>
         <contents>
            <object_component_ref idref="oc-13"/>
            <object_component_ref idref="oc-19"/>
            <object_component_ref idref="oc-20"/>
            <object_component_ref idref="oc-24"/>
            <object_component_ref idref="oc-29"/>
            <object_component_ref idref="oc-2c"/>
            <object_component_ref idref="oc-2f"/>
            <object_component_ref idref="oc-32"/>
            <object_component_ref idref="oc-35"/>
            <object_component_ref idref="oc-38"/>
            <object_component_ref idref="oc-3b"/>
            <object_component_ref idref="oc-3e"/>
            <object_component_ref idref="oc-41"/>
            <object_component_ref idref="oc-44"/>
            <object_component_ref idref="oc-47"/>
            <object_component_ref idref="oc-4a"/>
            <object_component_ref idref="oc-4f"/>
            <object_component_ref idref="oc-52"/>
            <object_component_ref idref="oc-55"/>
            <object_component_ref idref="oc-58"/>
            <object_component_ref idref="oc-5b"/>
            <object_component_ref idref="oc-5e"/>
            <object_component_ref idref="oc-62"/>
            <object_component_ref idref="oc-67"/>
            <object_component_ref idref="oc-6d"/>
            <object_component_ref idref="oc-73"/>
            <object_component_ref idref="oc-79"/>
            <object_component_ref idref="oc-7f"/>
            <object_component_ref idref="oc-84"/>
            <object_component_ref idref="oc-c4"/>
         </contents>
      </logical_group>
      <logical_group id="lg-bf">
         <name>.debug_frame</name>
         <load_address>0x0</load_address>
         <run_address>0x0</run_address>
         <size>0x62b</size>
         <contents>
            <object_component_ref idref="oc-17"/>
            <object_component_ref idref="oc-1e"/>
         </contents>
      </logical_group>
   </logical_group_list>
   <placement_map>
      <memory_area>
         <name>IVECS</name>
         <page_id>0x0</page_id>
         <origin>0x0</origin>
         <length>0x220</length>
         <used_space>0x200</used_space>
         <unused_space>0x20</unused_space>
         <attributes>RWIX</attributes>
         <usage_details>
            <allocated_space>
               <start_address>0x0</start_address>
               <size>0x200</size>
               <logical_group_ref idref="lg-3"/>
            </allocated_space>
            <available_space>
               <start_address>0x200</start_address>
               <size>0x20</size>
            </available_space>
         </usage_details>
      </memory_area>
      <memory_area>
         <name>IRAM</name>
         <page_id>0x0</page_id>
         <origin>0x220</origin>
         <length>0x2fde0</length>
         <used_space>0x510a</used_space>
         <unused_space>0x2acd6</unused_space>
         <attributes>RWIX</attributes>
         <usage_details>
            <allocated_space>
               <start_address>0x220</start_address>
               <size>0x0</size>
               <logical_group_ref idref="lg-5"/>
            </allocated_space>
            <allocated_space>
               <start_address>0x220</start_address>
               <size>0x2ee0</size>
               <logical_group_ref idref="lg-4"/>
            </allocated_space>
            <allocated_space>
               <start_address>0x3100</start_address>
               <size>0xf74</size>
               <logical_group_ref idref="lg-6"/>
            </allocated_space>
            <allocated_space>
               <start_address>0x4074</start_address>
               <size>0xe4e</size>
               <logical_group_ref idref="lg-b"/>
            </allocated_space>
            <available_space>
               <start_address>0x4ec2</start_address>
               <size>0x6</size>
            </available_space>
            <allocated_space>
               <start_address>0x4ec8</start_address>
               <size>0x400</size>
               <logical_group_ref idref="lg-7"/>
            </allocated_space>
            <allocated_space>
               <start_address>0x52c8</start_address>
               <size>0x68</size>
               <logical_group_ref idref="lg-9"/>
            </allocated_space>
            <available_space>
               <start_address>0x5330</start_address>
               <size>0x2acd0</size>
            </available_space>
         </usage_details>
      </memory_area>
      <memory_area>
         <name>SDRAM</name>
         <page_id>0x0</page_id>
         <origin>0x80000000</origin>
         <length>0x1000000</length>
         <used_space>0x0</used_space>
         <unused_space>0x1000000</unused_space>
         <attributes>RWIX</attributes>
         <usage_details>
         </usage_details>
      </memory_area>
      <memory_area>
         <name>FLASH</name>
         <page_id>0x0</page_id>
         <origin>0x90000000</origin>
         <length>0x20000</length>
         <used_space>0x0</used_space>
         <unused_space>0x20000</unused_space>
         <attributes>RWIX</attributes>
         <usage_details>
         </usage_details>
      </memory_area>
   </placement_map>
   <symbol_table>
      <symbol id="sm-0">
         <name>cinit</name>
         <value>0x3100</value>
      </symbol>
      <symbol id="sm-1">
         <name>___cinit__</name>
         <value>0x3100</value>
      </symbol>
      <symbol id="sm-2">
         <name>pinit</name>
         <value>0xffffffff</value>
      </symbol>
      <symbol id="sm-3">
         <name>___pinit__</name>
         <value>0xffffffff</value>
      </symbol>
      <symbol id="sm-4">
         <name>binit</name>
         <value>0xffffffff</value>
      </symbol>
      <symbol id="sm-5">
         <name>___binit__</name>
         <value>0xffffffff</value>
      </symbol>
      <symbol id="sm-6">
         <name>__STACK_SIZE</name>
         <value>0x400</value>
      </symbol>
      <symbol id="sm-7">
         <name>__STACK_END</name>
         <value>0x52c8</value>
      </symbol>
      <symbol id="sm-8">
         <name>___c_args__</name>
         <value>0xffffffff</value>
      </symbol>
      <symbol id="sm-9">
         <name>.text</name>
         <value>0x220</value>
      </symbol>
      <symbol id="sm-a">
         <name>___text__</name>
         <value>0x220</value>
      </symbol>
      <symbol id="sm-b">
         <name>etext</name>
         <value>0x3100</value>
      </symbol>
      <symbol id="sm-c">
         <name>___etext__</name>
         <value>0x3100</value>
      </symbol>
      <symbol id="sm-d">
         <name>.bss</name>
         <value>0x220</value>
      </symbol>
      <symbol id="sm-e">
         <name>___bss__</name>
         <value>0x220</value>
      </symbol>
      <symbol id="sm-f">
         <name>end</name>
         <value>0x220</value>
      </symbol>
      <symbol id="sm-10">
         <name>___end__</name>
         <value>0x220</value>
      </symbol>
      <symbol id="sm-11">
         <name>___TI_pprof_out_hndl</name>
         <value>0xffffffff</value>
      </symbol>
      <symbol id="sm-12">
         <name>___TI_prof_data_start</name>
         <value>0xffffffff</value>
      </symbol>
      <symbol id="sm-13">
         <name>___TI_prof_data_size</name>
         <value>0xffffffff</value>
      </symbol>
      <symbol id="sm-14">
         <name>$bss</name>
         <value>0x220</value>
      </symbol>
      <symbol id="sm-41">
         <name>_vector10</name>
         <value>0x140</value>
         <object_component_ref idref="oc-10"/>
      </symbol>
      <symbol id="sm-42">
         <name>_vector12</name>
         <value>0x180</value>
         <object_component_ref idref="oc-10"/>
      </symbol>
      <symbol id="sm-43">
         <name>_vector13</name>
         <value>0x1a0</value>
         <object_component_ref idref="oc-10"/>
      </symbol>
      <symbol id="sm-44">
         <name>_vector14</name>
         <value>0x1c0</value>
         <object_component_ref idref="oc-10"/>
      </symbol>
      <symbol id="sm-45">
         <name>_vector15</name>
         <value>0x1e0</value>
         <object_component_ref idref="oc-10"/>
      </symbol>
      <symbol id="sm-46">
         <name>_vectors</name>
         <value>0x0</value>
         <object_component_ref idref="oc-10"/>
      </symbol>
      <symbol id="sm-47">
         <name>_vector1</name>
         <value>0x20</value>
         <object_component_ref idref="oc-10"/>
      </symbol>
      <symbol id="sm-48">
         <name>_vector3</name>
         <value>0x60</value>
         <object_component_ref idref="oc-10"/>
      </symbol>
      <symbol id="sm-49">
         <name>_vector2</name>
         <value>0x40</value>
         <object_component_ref idref="oc-10"/>
      </symbol>
      <symbol id="sm-4a">
         <name>_vector5</name>
         <value>0xa0</value>
         <object_component_ref idref="oc-10"/>
      </symbol>
      <symbol id="sm-4b">
         <name>_vector4</name>
         <value>0x80</value>
         <object_component_ref idref="oc-10"/>
      </symbol>
      <symbol id="sm-4c">
         <name>_vector7</name>
         <value>0xe0</value>
         <object_component_ref idref="oc-10"/>
      </symbol>
      <symbol id="sm-4d">
         <name>_vector6</name>
         <value>0xc0</value>
         <object_component_ref idref="oc-10"/>
      </symbol>
      <symbol id="sm-4e">
         <name>_vector9</name>
         <value>0x120</value>
         <object_component_ref idref="oc-10"/>
      </symbol>
      <symbol id="sm-4f">
         <name>_vector8</name>
         <value>0x100</value>
         <object_component_ref idref="oc-10"/>
      </symbol>
      <symbol id="sm-99">
         <name>_comm_poll</name>
         <value>0x30c</value>
         <object_component_ref idref="oc-88"/>
      </symbol>
      <symbol id="sm-9a">
         <name>_output_left_sample</name>
         <value>0x584</value>
         <object_component_ref idref="oc-88"/>
      </symbol>
      <symbol id="sm-9b">
         <name>_comm_intr</name>
         <value>0x340</value>
         <object_component_ref idref="oc-88"/>
      </symbol>
      <symbol id="sm-9c">
         <name>_input_left_sample</name>
         <value>0x848</value>
         <object_component_ref idref="oc-88"/>
      </symbol>
      <symbol id="sm-9d">
         <name>_output_sample</name>
         <value>0x46c</value>
         <object_component_ref idref="oc-88"/>
      </symbol>
      <symbol id="sm-9e">
         <name>_c6713_dsk_init</name>
         <value>0x220</value>
         <object_component_ref idref="oc-88"/>
      </symbol>
      <symbol id="sm-9f">
         <name>_config</name>
         <value>0x4df8</value>
         <object_component_ref idref="oc-16"/>
      </symbol>
      <symbol id="sm-a0">
         <name>_input_right_sample</name>
         <value>0x910</value>
         <object_component_ref idref="oc-88"/>
      </symbol>
      <symbol id="sm-a1">
         <name>_AIC_data</name>
         <value>0x4dcc</value>
         <object_component_ref idref="oc-16"/>
      </symbol>
      <symbol id="sm-a2">
         <name>_hAIC23_handle</name>
         <value>0x4e20</value>
         <object_component_ref idref="oc-16"/>
      </symbol>
      <symbol id="sm-a3">
         <name>_AIC23CfgData</name>
         <value>0x4dd8</value>
         <object_component_ref idref="oc-16"/>
      </symbol>
      <symbol id="sm-a4">
         <name>_input_sample</name>
         <value>0x744</value>
         <object_component_ref idref="oc-88"/>
      </symbol>
      <symbol id="sm-a5">
         <name>_output_right_sample</name>
         <value>0x664</value>
         <object_component_ref idref="oc-88"/>
      </symbol>
      <symbol id="sm-cb">
         <name>_main</name>
         <value>0x30e0</value>
         <object_component_ref idref="oc-99"/>
      </symbol>
      <symbol id="sm-cc">
         <name>_gain</name>
         <value>0x4cd0</value>
         <object_component_ref idref="oc-1c"/>
      </symbol>
      <symbol id="sm-cd">
         <name>_delta</name>
         <value>0x4cd4</value>
         <object_component_ref idref="oc-1c"/>
      </symbol>
      <symbol id="sm-ce">
         <name>_AIC23_data</name>
         <value>0x4cb8</value>
         <object_component_ref idref="oc-1c"/>
      </symbol>
      <symbol id="sm-cf">
         <name>_test2</name>
         <value>0x4ccc</value>
         <object_component_ref idref="oc-1c"/>
      </symbol>
      <symbol id="sm-d0">
         <name>_loop</name>
         <value>0x4cc0</value>
         <object_component_ref idref="oc-1c"/>
      </symbol>
      <symbol id="sm-d1">
         <name>_inputsource</name>
         <value>0x4cbc</value>
         <object_component_ref idref="oc-1c"/>
      </symbol>
      <symbol id="sm-d2">
         <name>_loopr</name>
         <value>0x4cc2</value>
         <object_component_ref idref="oc-1c"/>
      </symbol>
      <symbol id="sm-d3">
         <name>_sinetable512</name>
         <value>0x48b4</value>
         <object_component_ref idref="oc-1c"/>
      </symbol>
      <symbol id="sm-d4">
         <name>_c_int11</name>
         <value>0x1300</value>
         <object_component_ref idref="oc-1d"/>
      </symbol>
      <symbol id="sm-d5">
         <name>_test</name>
         <value>0x4cc8</value>
         <object_component_ref idref="oc-1c"/>
      </symbol>
      <symbol id="sm-d6">
         <name>_fs</name>
         <value>0x4cb4</value>
         <object_component_ref idref="oc-1c"/>
      </symbol>
      <symbol id="sm-d7">
         <name>_shift</name>
         <value>0x4cc4</value>
         <object_component_ref idref="oc-1c"/>
      </symbol>
      <symbol id="sm-d8">
         <name>_table_size</name>
         <value>0x4cbe</value>
         <object_component_ref idref="oc-1c"/>
      </symbol>
      <symbol id="sm-d9">
         <name>_sinetable1024</name>
         <value>0x40b4</value>
         <object_component_ref idref="oc-1c"/>
      </symbol>
      <symbol id="sm-da">
         <name>_sinetable</name>
         <value>0x4074</value>
         <object_component_ref idref="oc-1c"/>
      </symbol>
      <symbol id="sm-e6">
         <name>_c_int00</name>
         <value>0x2ca0</value>
         <object_component_ref idref="oc-e"/>
      </symbol>
      <symbol id="sm-e7">
         <name>__stack</name>
         <value>0x4ec8</value>
         <object_component_ref idref="oc-22"/>
      </symbol>
      <symbol id="sm-f7">
         <name>C$$EXIT</name>
         <value>0x30a0</value>
         <object_component_ref idref="oc-9a"/>
      </symbol>
      <symbol id="sm-f8">
         <name>_exit</name>
         <value>0x2200</value>
         <object_component_ref idref="oc-87"/>
      </symbol>
      <symbol id="sm-f9">
         <name>___TI_enable_exit_profile_output</name>
         <value>0x4eac</value>
         <object_component_ref idref="oc-27"/>
      </symbol>
      <symbol id="sm-fa">
         <name>_abort</name>
         <value>0x30a0</value>
         <object_component_ref idref="oc-9a"/>
      </symbol>
      <symbol id="sm-fb">
         <name>__cleanup_ptr</name>
         <value>0x4ea4</value>
         <object_component_ref idref="oc-27"/>
      </symbol>
      <symbol id="sm-fc">
         <name>__dtors_ptr</name>
         <value>0x4ea8</value>
         <object_component_ref idref="oc-27"/>
      </symbol>
      <symbol id="sm-104">
         <name>__remi</name>
         <value>0x2520</value>
         <object_component_ref idref="oc-92"/>
      </symbol>
      <symbol id="sm-105">
         <name>__c6xabi_remi</name>
         <value>0x2520</value>
         <object_component_ref idref="oc-92"/>
      </symbol>
      <symbol id="sm-10f">
         <name>__addf</name>
         <value>0x3000</value>
         <object_component_ref idref="oc-90"/>
      </symbol>
      <symbol id="sm-119">
         <name>__cvtdf</name>
         <value>0x3020</value>
         <object_component_ref idref="oc-8b"/>
      </symbol>
      <symbol id="sm-123">
         <name>__cvtfd</name>
         <value>0x3040</value>
         <object_component_ref idref="oc-8f"/>
      </symbol>
      <symbol id="sm-131">
         <name>__divf</name>
         <value>0x9e0</value>
         <object_component_ref idref="oc-8c"/>
      </symbol>
      <symbol id="sm-13b">
         <name>__fixfi</name>
         <value>0x2b60</value>
         <object_component_ref idref="oc-91"/>
      </symbol>
      <symbol id="sm-145">
         <name>__fltid</name>
         <value>0x2d20</value>
         <object_component_ref idref="oc-89"/>
      </symbol>
      <symbol id="sm-14f">
         <name>__fltif</name>
         <value>0x2d80</value>
         <object_component_ref idref="oc-8d"/>
      </symbol>
      <symbol id="sm-159">
         <name>__frcmpyf_div</name>
         <value>0x2700</value>
         <object_component_ref idref="oc-aa"/>
      </symbol>
      <symbol id="sm-163">
         <name>__mpyf</name>
         <value>0x3060</value>
         <object_component_ref idref="oc-8e"/>
      </symbol>
      <symbol id="sm-16d">
         <name>__nround</name>
         <value>0x27c0</value>
         <object_component_ref idref="oc-8a"/>
      </symbol>
      <symbol id="sm-17b">
         <name>__unlock</name>
         <value>0x4ebc</value>
         <object_component_ref idref="oc-4d"/>
      </symbol>
      <symbol id="sm-17c">
         <name>__lock</name>
         <value>0x4eb8</value>
         <object_component_ref idref="oc-4d"/>
      </symbol>
      <symbol id="sm-17d">
         <name>__nop</name>
         <value>0x3080</value>
         <object_component_ref idref="oc-93"/>
      </symbol>
      <symbol id="sm-187">
         <name>__args_main</name>
         <value>0x2ea0</value>
         <object_component_ref idref="oc-86"/>
      </symbol>
      <symbol id="sm-188">
         <name>__TI_args_main</name>
         <value>0x1</value>
      </symbol>
      <symbol id="sm-192">
         <name>__auto_init</name>
         <value>0x1f40</value>
         <object_component_ref idref="oc-85"/>
      </symbol>
      <symbol id="sm-19c">
         <name>_copy_in</name>
         <value>0x2880</value>
         <object_component_ref idref="oc-97"/>
      </symbol>
      <symbol id="sm-1a6">
         <name>_memcpy</name>
         <value>0x19a0</value>
         <object_component_ref idref="oc-98"/>
      </symbol>
      <symbol id="sm-1b0">
         <name>_modf</name>
         <value>0x2940</value>
         <object_component_ref idref="oc-a7"/>
      </symbol>
      <symbol id="sm-1cc">
         <name>__IRQ_eventTable</name>
         <value>0x4d00</value>
         <object_component_ref idref="oc-61"/>
      </symbol>
      <symbol id="sm-1cd">
         <name>_IRQ_nmiEnable</name>
         <value>0x2f40</value>
         <object_component_ref idref="oc-a1"/>
      </symbol>
      <symbol id="sm-1ce">
         <name>_IRQ_reset</name>
         <value>0x2e20</value>
         <object_component_ref idref="oc-9f"/>
      </symbol>
      <symbol id="sm-1cf">
         <name>__IRQ_intTable</name>
         <value>0x4d84</value>
         <object_component_ref idref="oc-61"/>
      </symbol>
      <symbol id="sm-1d0">
         <name>_IRQ_globalEnable</name>
         <value>0x2f20</value>
         <object_component_ref idref="oc-a0"/>
      </symbol>
      <symbol id="sm-1d1">
         <name>_IRQ_globalDisable</name>
         <value>0x2f00</value>
         <object_component_ref idref="oc-9c"/>
      </symbol>
      <symbol id="sm-1d2">
         <name>_IRQ_map</name>
         <value>0x1be0</value>
         <object_component_ref idref="oc-9e"/>
      </symbol>
      <symbol id="sm-1d3">
         <name>_IRQ_enable</name>
         <value>0x2de0</value>
         <object_component_ref idref="oc-a2"/>
      </symbol>
      <symbol id="sm-1d4">
         <name>__IRQ_dispatchTable</name>
         <value>0x4dc4</value>
         <object_component_ref idref="oc-61"/>
      </symbol>
      <symbol id="sm-1d5">
         <name>__IRQ_hookFetchPacket</name>
         <value>0x30c0</value>
         <object_component_ref idref="oc-5f"/>
      </symbol>
      <symbol id="sm-1f3">
         <name>_MCBSP_reset</name>
         <value>0x1da0</value>
         <object_component_ref idref="oc-ab"/>
      </symbol>
      <symbol id="sm-1f4">
         <name>_MCBSP_read</name>
         <value>0x2f80</value>
         <object_component_ref idref="oc-a6"/>
      </symbol>
      <symbol id="sm-1f5">
         <name>_MCBSP_getXmtEventId</name>
         <value>0x2f60</value>
         <object_component_ref idref="oc-9d"/>
      </symbol>
      <symbol id="sm-1f6">
         <name>_MCBSP_open</name>
         <value>0x2320</value>
         <object_component_ref idref="oc-95"/>
      </symbol>
      <symbol id="sm-1f7">
         <name>__MCBSP_hDev0</name>
         <value>0x4e54</value>
         <object_component_ref idref="oc-66"/>
      </symbol>
      <symbol id="sm-1f8">
         <name>__MCBSP_hDev1</name>
         <value>0x4e58</value>
         <object_component_ref idref="oc-66"/>
      </symbol>
      <symbol id="sm-1f9">
         <name>_MCBSP_start</name>
         <value>0x2420</value>
         <object_component_ref idref="oc-96"/>
      </symbol>
      <symbol id="sm-1fa">
         <name>_MCBSP_rrdy</name>
         <value>0x2fa0</value>
         <object_component_ref idref="oc-a5"/>
      </symbol>
      <symbol id="sm-1fb">
         <name>_MCBSP_config</name>
         <value>0x2ac0</value>
         <object_component_ref idref="oc-9b"/>
      </symbol>
      <symbol id="sm-1fc">
         <name>_MCBSP_xrdy</name>
         <value>0x2fe0</value>
         <object_component_ref idref="oc-a3"/>
      </symbol>
      <symbol id="sm-1fd">
         <name>_MCBSP_write</name>
         <value>0x2fc0</value>
         <object_component_ref idref="oc-a4"/>
      </symbol>
      <symbol id="sm-20b">
         <name>_DSK6713_init</name>
         <value>0xecc</value>
         <object_component_ref idref="oc-6a"/>
      </symbol>
      <symbol id="sm-20c">
         <name>_DSK6713_version</name>
         <value>0x4ec0</value>
         <object_component_ref idref="oc-6b"/>
      </symbol>
      <symbol id="sm-20d">
         <name>_DSK6713_rget</name>
         <value>0x11e8</value>
         <object_component_ref idref="oc-6a"/>
      </symbol>
      <symbol id="sm-20e">
         <name>_DSK6713_wait</name>
         <value>0x1210</value>
         <object_component_ref idref="oc-6a"/>
      </symbol>
      <symbol id="sm-20f">
         <name>_DSK6713_rset</name>
         <value>0x11fc</value>
         <object_component_ref idref="oc-6a"/>
      </symbol>
      <symbol id="sm-210">
         <name>_DSK6713_waitusec</name>
         <value>0x1268</value>
         <object_component_ref idref="oc-6a"/>
      </symbol>
      <symbol id="sm-211">
         <name>_DSK6713_getVersion</name>
         <value>0x1294</value>
         <object_component_ref idref="oc-6a"/>
      </symbol>
      <symbol id="sm-21f">
         <name>_DSK6713_AIC23_codeccontrolhandle</name>
         <value>0x4eb0</value>
         <object_component_ref idref="oc-71"/>
      </symbol>
      <symbol id="sm-220">
         <name>_DSK6713_AIC23_codecdatahandle</name>
         <value>0x4eb4</value>
         <object_component_ref idref="oc-71"/>
      </symbol>
      <symbol id="sm-221">
         <name>_DSK6713_AIC23_openCodec</name>
         <value>0x1680</value>
         <object_component_ref idref="oc-70"/>
      </symbol>
      <symbol id="sm-22f">
         <name>_DSK6713_AIC23_config</name>
         <value>0x2160</value>
         <object_component_ref idref="oc-76"/>
      </symbol>
      <symbol id="sm-230">
         <name>_DSK6713_AIC23_rget</name>
         <value>0x213c</value>
         <object_component_ref idref="oc-76"/>
      </symbol>
      <symbol id="sm-231">
         <name>_DSK6713_AIC23_rset</name>
         <value>0x20a0</value>
         <object_component_ref idref="oc-76"/>
      </symbol>
      <symbol id="sm-23f">
         <name>_DSK6713_AIC23_setFreq</name>
         <value>0x2a00</value>
         <object_component_ref idref="oc-7c"/>
      </symbol>
      <symbol id="sm-247">
         <name>__strasg</name>
         <value>0x2620</value>
         <object_component_ref idref="oc-94"/>
      </symbol>
   </symbol_table>
</link_info>
