******************************************************************************
               TMS320C6x Linker PC v7.4.12                     
******************************************************************************
>> Linked Sat Sep 21 16:41:55 2019

OUTPUT FILE NAME:   <part 2 lab 1.out>
ENTRY POINT SYMBOL: "_c_int00"  address: 00002ca0


MEMORY CONFIGURATION

         name            origin    length      used     unused   attr    fill
----------------------  --------  ---------  --------  --------  ----  --------
  IVECS                 00000000   00000220  00000200  00000020  RWIX
  IRAM                  00000220   0002fde0  0000510a  0002acd6  RWIX
  SDRAM                 80000000   01000000  00000000  01000000  RWIX
  FLASH                 90000000   00020000  00000000  00020000  RWIX


SECTION ALLOCATION MAP

 output                                  attributes/
section   page    origin      length       input sections
--------  ----  ----------  ----------   ----------------
.vectors   0    00000000    00000200     
                  00000000    00000200     Vectors_intr.obj (.vectors)

.bss       0    00000220    00000000     UNINITIALIZED

.text      0    00000220    00002ee0     
                  00000220    000007c0     c6713dskinit.obj (.text)
                  000009e0    000004a0     rts6700.lib : divf.obj (.text:__divf)
                  00000e80    00000480     dsk6713bsl.lib : dsk6713.obj (.text)
                  00001300    00000380     main.obj (.text:retain)
                  00001680    00000320     dsk6713bsl.lib : dsk6713_aic23_opencodec.obj (.text)
                  000019a0    00000240     rts6700.lib : memcpy62.obj (.text:_memcpy)
                  00001be0    000001c0     csl6713.lib : csl_irq.obj (.text:_IRQ_map)
                  00001da0    000001a0                 : csl_mcbsp.obj (.text:_MCBSP_reset)
                  00001f40    00000160     rts6700.lib : autoinit.obj (.text:__auto_init)
                  000020a0    00000160     dsk6713bsl.lib : dsk6713_aic23_registers.obj (.text)
                  00002200    00000120     rts6700.lib : exit.obj (.text:_exit)
                  00002320    00000100     csl6713.lib : csl_mcbsp.obj (.text:_MCBSP_open)
                  00002420    00000100                 : csl_mcbsp.obj (.text:_MCBSP_start)
                  00002520    00000100     rts6700.lib : remi.obj (.text:__remi)
                  00002620    000000e0                 : strasg.obj (.text:__strasg)
                  00002700    000000c0                 : frcmpyf_div.obj (.text:__frcmpyf_div)
                  000027c0    000000c0                 : round.obj (.text:__nround)
                  00002880    000000c0                 : cpy_tbl.obj (.text:_copy_in)
                  00002940    000000c0                 : modf.obj (.text:_modf)
                  00002a00    000000c0     dsk6713bsl.lib : dsk6713_aic23_setfreq.obj (.text)
                  00002ac0    000000a0     csl6713.lib : csl_mcbsp.obj (.text:_MCBSP_config)
                  00002b60    000000a0     rts6700.lib : fixfi.obj (.text:__fixfi)
                  00002c00    000000a0     csl6713.lib : csl_irq.obj (.text:_setMux)
                  00002ca0    00000080     rts6700.lib : boot.obj (.text:_c_int00)
                  00002d20    00000060                 : fltid.obj (.text:__fltid)
                  00002d80    00000060                 : fltif.obj (.text:__fltif)
                  00002de0    00000040     csl6713.lib : csl_irq.obj (.text:_IRQ_enable)
                  00002e20    00000040                 : csl_irq.obj (.text:_IRQ_reset)
                  00002e60    00000040     rts6700.lib : divf.obj (.text:___isnanf)
                  00002ea0    00000040                 : args_main.obj (.text:__args_main)
                  00002ee0    00000020     Vectors_intr.obj (.text)
                  00002f00    00000020     csl6713.lib : csl_irq.obj (.text:_IRQ_globalDisable)
                  00002f20    00000020                 : csl_irq.obj (.text:_IRQ_globalEnable)
                  00002f40    00000020                 : csl_irq.obj (.text:_IRQ_nmiEnable)
                  00002f60    00000020                 : csl_mcbsp.obj (.text:_MCBSP_getXmtEventId)
                  00002f80    00000020                 : csl_mcbsp.obj (.text:_MCBSP_read)
                  00002fa0    00000020                 : csl_mcbsp.obj (.text:_MCBSP_rrdy)
                  00002fc0    00000020                 : csl_mcbsp.obj (.text:_MCBSP_write)
                  00002fe0    00000020                 : csl_mcbsp.obj (.text:_MCBSP_xrdy)
                  00003000    00000020     rts6700.lib : addf.obj (.text:__addf)
                  00003020    00000020                 : cvtdf.obj (.text:__cvtdf)
                  00003040    00000020                 : cvtfd.obj (.text:__cvtfd)
                  00003060    00000020                 : mpyf.obj (.text:__mpyf)
                  00003080    00000020                 : _lock.obj (.text:__nop)
                  000030a0    00000020                 : exit.obj (.text:_abort)
                  000030c0    00000020     csl6713.lib : csl_irq.obj (.text)
                  000030e0    00000020     main.obj (.text)

.cinit     0    00003100    00000f74     
                  00003100    00000ce2     main.obj (.cinit)
                  00003de2    00000006     --HOLE-- [fill = 0]
                  00003de8    0000012c     csl6713.lib : csl_irq.obj (.cinit)
                  00003f14    00000004     --HOLE-- [fill = 0]
                  00003f18    00000058     c6713dskinit.obj (.cinit)
                  00003f70    00000054     csl6713.lib : csl_mcbsp.obj (.cinit)
                  00003fc4    00000004     --HOLE-- [fill = 0]
                  00003fc8    00000030     dsk6713bsl.lib : dsk6713_aic23_registers.obj (.cinit)
                  00003ff8    0000002c     rts6700.lib : exit.obj (.cinit)
                  00004024    00000004     --HOLE-- [fill = 0]
                  00004028    00000028     dsk6713bsl.lib : dsk6713_aic23_setfreq.obj (.cinit)
                  00004050    0000001c     rts6700.lib : _lock.obj (.cinit)
                  0000406c    00000004     --HOLE-- [fill = 0]
                  00004070    00000004     (.pad.cinit) [fill = 0]

.far       0    00004074    00000e4e     UNINITIALIZED
                  00004074    00000c64     main.obj (.far)
                  00004cd8    000000f4     csl6713.lib : csl_irq.obj (.far)
                  00004dcc    00000058     c6713dskinit.obj (.far)
                  00004e24    00000038     csl6713.lib : csl_mcbsp.obj (.far)
                  00004e5c    00000028     dsk6713bsl.lib : dsk6713_aic23_registers.obj (.far)
                  00004e84    00000020                    : dsk6713_aic23_setfreq.obj (.far)
                  00004ea4    0000000c     rts6700.lib : exit.obj (.far)
                  00004eb0    00000008     dsk6713bsl.lib : dsk6713_aic23_opencodec.obj (.far)
                  00004eb8    00000008     rts6700.lib : _lock.obj (.far)
                  00004ec0    00000002     dsk6713bsl.lib : dsk6713.obj (.far)

.stack     0    00004ec8    00000400     UNINITIALIZED
                  00004ec8    00000008     rts6700.lib : boot.obj (.stack)
                  00004ed0    000003f8     --HOLE--

.const     0    000052c8    00000068     
                  000052c8    00000040     dsk6713bsl.lib : dsk6713_aic23_opencodec.obj (.const)
                  00005308    00000020                    : dsk6713.obj (.const)
                  00005328    00000008     rts6700.lib : divf.obj (.const:_initial_approx$1)


GLOBAL SYMBOLS: SORTED ALPHABETICALLY BY Name 

address    name
--------   ----
00000220   $bss
00000220   .bss
00000220   .text
000030a0   C$$EXIT
00004dd8   _AIC23CfgData
00004cb8   _AIC23_data
00004dcc   _AIC_data
00004eb0   _DSK6713_AIC23_codeccontrolhandle
00004eb4   _DSK6713_AIC23_codecdatahandle
00002160   _DSK6713_AIC23_config
00001680   _DSK6713_AIC23_openCodec
0000213c   _DSK6713_AIC23_rget
000020a0   _DSK6713_AIC23_rset
00002a00   _DSK6713_AIC23_setFreq
00001294   _DSK6713_getVersion
00000ecc   _DSK6713_init
000011e8   _DSK6713_rget
000011fc   _DSK6713_rset
00004ec0   _DSK6713_version
00001210   _DSK6713_wait
00001268   _DSK6713_waitusec
00002de0   _IRQ_enable
00002f00   _IRQ_globalDisable
00002f20   _IRQ_globalEnable
00001be0   _IRQ_map
00002f40   _IRQ_nmiEnable
00002e20   _IRQ_reset
00002ac0   _MCBSP_config
00002f60   _MCBSP_getXmtEventId
00002320   _MCBSP_open
00002f80   _MCBSP_read
00001da0   _MCBSP_reset
00002fa0   _MCBSP_rrdy
00002420   _MCBSP_start
00002fc0   _MCBSP_write
00002fe0   _MCBSP_xrdy
00004dc4   __IRQ_dispatchTable
00004d00   __IRQ_eventTable
000030c0   __IRQ_hookFetchPacket
00004d84   __IRQ_intTable
00004e54   __MCBSP_hDev0
00004e58   __MCBSP_hDev1
000052c8   __STACK_END
00000400   __STACK_SIZE
00000001   __TI_args_main
00004eac   ___TI_enable_exit_profile_output
ffffffff   ___TI_pprof_out_hndl
ffffffff   ___TI_prof_data_size
ffffffff   ___TI_prof_data_start
ffffffff   ___binit__
00000220   ___bss__
ffffffff   ___c_args__
00003100   ___cinit__
00000220   ___end__
00003100   ___etext__
ffffffff   ___pinit__
00000220   ___text__
00003000   __addf
00002ea0   __args_main
00001f40   __auto_init
00002520   __c6xabi_remi
00004ea4   __cleanup_ptr
00003020   __cvtdf
00003040   __cvtfd
000009e0   __divf
00004ea8   __dtors_ptr
00002b60   __fixfi
00002d20   __fltid
00002d80   __fltif
00002700   __frcmpyf_div
00004eb8   __lock
00003060   __mpyf
00003080   __nop
000027c0   __nround
00002520   __remi
00004ec8   __stack
00002620   __strasg
00004ebc   __unlock
000030a0   _abort
00000220   _c6713_dsk_init
00002ca0   _c_int00
00001300   _c_int11
00000340   _comm_intr
0000030c   _comm_poll
00004df8   _config
00002880   _copy_in
00004cd4   _delta
00002200   _exit
00004cb4   _fs
00004cd0   _gain
00004e20   _hAIC23_handle
00000848   _input_left_sample
00000910   _input_right_sample
00000744   _input_sample
00004cbc   _inputsource
00004cc0   _loop
00004cc2   _loopr
000030e0   _main
000019a0   _memcpy
00002940   _modf
00000584   _output_left_sample
00000664   _output_right_sample
0000046c   _output_sample
00004cc4   _shift
00004074   _sinetable
000040b4   _sinetable1024
000048b4   _sinetable512
00004cbe   _table_size
00004cc8   _test
00004ccc   _test2
00000020   _vector1
00000140   _vector10
00000180   _vector12
000001a0   _vector13
000001c0   _vector14
000001e0   _vector15
00000040   _vector2
00000060   _vector3
00000080   _vector4
000000a0   _vector5
000000c0   _vector6
000000e0   _vector7
00000100   _vector8
00000120   _vector9
00000000   _vectors
ffffffff   binit
00003100   cinit
00000220   end
00003100   etext
ffffffff   pinit


GLOBAL SYMBOLS: SORTED BY Symbol Address 

address    name
--------   ----
00000000   _vectors
00000001   __TI_args_main
00000020   _vector1
00000040   _vector2
00000060   _vector3
00000080   _vector4
000000a0   _vector5
000000c0   _vector6
000000e0   _vector7
00000100   _vector8
00000120   _vector9
00000140   _vector10
00000180   _vector12
000001a0   _vector13
000001c0   _vector14
000001e0   _vector15
00000220   $bss
00000220   .bss
00000220   .text
00000220   ___bss__
00000220   ___end__
00000220   ___text__
00000220   _c6713_dsk_init
00000220   end
0000030c   _comm_poll
00000340   _comm_intr
00000400   __STACK_SIZE
0000046c   _output_sample
00000584   _output_left_sample
00000664   _output_right_sample
00000744   _input_sample
00000848   _input_left_sample
00000910   _input_right_sample
000009e0   __divf
00000ecc   _DSK6713_init
000011e8   _DSK6713_rget
000011fc   _DSK6713_rset
00001210   _DSK6713_wait
00001268   _DSK6713_waitusec
00001294   _DSK6713_getVersion
00001300   _c_int11
00001680   _DSK6713_AIC23_openCodec
000019a0   _memcpy
00001be0   _IRQ_map
00001da0   _MCBSP_reset
00001f40   __auto_init
000020a0   _DSK6713_AIC23_rset
0000213c   _DSK6713_AIC23_rget
00002160   _DSK6713_AIC23_config
00002200   _exit
00002320   _MCBSP_open
00002420   _MCBSP_start
00002520   __c6xabi_remi
00002520   __remi
00002620   __strasg
00002700   __frcmpyf_div
000027c0   __nround
00002880   _copy_in
00002940   _modf
00002a00   _DSK6713_AIC23_setFreq
00002ac0   _MCBSP_config
00002b60   __fixfi
00002ca0   _c_int00
00002d20   __fltid
00002d80   __fltif
00002de0   _IRQ_enable
00002e20   _IRQ_reset
00002ea0   __args_main
00002f00   _IRQ_globalDisable
00002f20   _IRQ_globalEnable
00002f40   _IRQ_nmiEnable
00002f60   _MCBSP_getXmtEventId
00002f80   _MCBSP_read
00002fa0   _MCBSP_rrdy
00002fc0   _MCBSP_write
00002fe0   _MCBSP_xrdy
00003000   __addf
00003020   __cvtdf
00003040   __cvtfd
00003060   __mpyf
00003080   __nop
000030a0   C$$EXIT
000030a0   _abort
000030c0   __IRQ_hookFetchPacket
000030e0   _main
00003100   ___cinit__
00003100   ___etext__
00003100   cinit
00003100   etext
00004074   _sinetable
000040b4   _sinetable1024
000048b4   _sinetable512
00004cb4   _fs
00004cb8   _AIC23_data
00004cbc   _inputsource
00004cbe   _table_size
00004cc0   _loop
00004cc2   _loopr
00004cc4   _shift
00004cc8   _test
00004ccc   _test2
00004cd0   _gain
00004cd4   _delta
00004d00   __IRQ_eventTable
00004d84   __IRQ_intTable
00004dc4   __IRQ_dispatchTable
00004dcc   _AIC_data
00004dd8   _AIC23CfgData
00004df8   _config
00004e20   _hAIC23_handle
00004e54   __MCBSP_hDev0
00004e58   __MCBSP_hDev1
00004ea4   __cleanup_ptr
00004ea8   __dtors_ptr
00004eac   ___TI_enable_exit_profile_output
00004eb0   _DSK6713_AIC23_codeccontrolhandle
00004eb4   _DSK6713_AIC23_codecdatahandle
00004eb8   __lock
00004ebc   __unlock
00004ec0   _DSK6713_version
00004ec8   __stack
000052c8   __STACK_END
ffffffff   ___TI_pprof_out_hndl
ffffffff   ___TI_prof_data_size
ffffffff   ___TI_prof_data_start
ffffffff   ___binit__
ffffffff   ___c_args__
ffffffff   ___pinit__
ffffffff   binit
ffffffff   pinit

[130 symbols]
