******************************************************************************
               TMS320C6x Linker PC v7.4.12                     
******************************************************************************
>> Linked Thu Sep 19 15:42:41 2019

OUTPUT FILE NAME:   <sine_intr.out>
ENTRY POINT SYMBOL: "_c_int00"  address: 00002240


MEMORY CONFIGURATION

         name            origin    length      used     unused   attr    fill
----------------------  --------  ---------  --------  --------  ----  --------
  IVECS                 00000000   00000220  00000200  00000020  RWIX
  IRAM                  00000220   0002fde0  00002cba  0002d126  RWIX
  SDRAM                 80000000   01000000  00000000  01000000  RWIX
  FLASH                 90000000   00020000  00000000  00020000  RWIX


SECTION ALLOCATION MAP

 output                                  attributes/
section   page    origin      length       input sections
--------  ----  ----------  ----------   ----------------
.vectors   0    00000000    00000200     
                  00000000    00000200     Vectors_intr.obj (.vectors)

.bss       0    00000220    00000000     UNINITIALIZED

.text      0    00000220    00002300     
                  00000220    000007c0     c6713dskinit.obj (.text)
                  000009e0    00000480     dsk6713bsl.lib : dsk6713.obj (.text)
                  00000e60    00000320                    : dsk6713_aic23_opencodec.obj (.text)
                  00001180    00000240     rts6700.lib : memcpy62.obj (.text:_memcpy)
                  000013c0    000001c0     csl6713.lib : csl_irq.obj (.text:_IRQ_map)
                  00001580    000001a0                 : csl_mcbsp.obj (.text:_MCBSP_reset)
                  00001720    000001a0     main.obj (.text:retain)
                  000018c0    00000160     rts6700.lib : autoinit.obj (.text:__auto_init)
                  00001a20    00000160     dsk6713bsl.lib : dsk6713_aic23_registers.obj (.text)
                  00001b80    00000120     rts6700.lib : exit.obj (.text:_exit)
                  00001ca0    00000100     csl6713.lib : csl_mcbsp.obj (.text:_MCBSP_open)
                  00001da0    00000100                 : csl_mcbsp.obj (.text:_MCBSP_start)
                  00001ea0    000000e0     rts6700.lib : strasg.obj (.text:__strasg)
                  00001f80    000000c0                 : cpy_tbl.obj (.text:_copy_in)
                  00002040    000000c0     dsk6713bsl.lib : dsk6713_aic23_setfreq.obj (.text)
                  00002100    000000a0     csl6713.lib : csl_mcbsp.obj (.text:_MCBSP_config)
                  000021a0    000000a0                 : csl_irq.obj (.text:_setMux)
                  00002240    00000080     rts6700.lib : boot.obj (.text:_c_int00)
                  000022c0    00000040     csl6713.lib : csl_irq.obj (.text:_IRQ_enable)
                  00002300    00000040                 : csl_irq.obj (.text:_IRQ_reset)
                  00002340    00000040     rts6700.lib : args_main.obj (.text:__args_main)
                  00002380    00000020     Vectors_intr.obj (.text)
                  000023a0    00000020     csl6713.lib : csl_irq.obj (.text:_IRQ_globalDisable)
                  000023c0    00000020                 : csl_irq.obj (.text:_IRQ_globalEnable)
                  000023e0    00000020                 : csl_irq.obj (.text:_IRQ_nmiEnable)
                  00002400    00000020                 : csl_mcbsp.obj (.text:_MCBSP_getXmtEventId)
                  00002420    00000020                 : csl_mcbsp.obj (.text:_MCBSP_read)
                  00002440    00000020                 : csl_mcbsp.obj (.text:_MCBSP_rrdy)
                  00002460    00000020                 : csl_mcbsp.obj (.text:_MCBSP_write)
                  00002480    00000020                 : csl_mcbsp.obj (.text:_MCBSP_xrdy)
                  000024a0    00000020     rts6700.lib : _lock.obj (.text:__nop)
                  000024c0    00000020                 : exit.obj (.text:_abort)
                  000024e0    00000020     csl6713.lib : csl_irq.obj (.text)
                  00002500    00000020     main.obj (.text)

.stack     0    00002520    00000400     UNINITIALIZED
                  00002520    00000008     rts6700.lib : boot.obj (.stack)
                  00002528    000003f8     --HOLE--

.cinit     0    00002920    00000324     
                  00002920    0000012c     csl6713.lib : csl_irq.obj (.cinit)
                  00002a4c    00000004     --HOLE-- [fill = 0]
                  00002a50    00000092     main.obj (.cinit)
                  00002ae2    00000006     --HOLE-- [fill = 0]
                  00002ae8    00000058     c6713dskinit.obj (.cinit)
                  00002b40    00000054     csl6713.lib : csl_mcbsp.obj (.cinit)
                  00002b94    00000004     --HOLE-- [fill = 0]
                  00002b98    00000030     dsk6713bsl.lib : dsk6713_aic23_registers.obj (.cinit)
                  00002bc8    0000002c     rts6700.lib : exit.obj (.cinit)
                  00002bf4    00000004     --HOLE-- [fill = 0]
                  00002bf8    00000028     dsk6713bsl.lib : dsk6713_aic23_setfreq.obj (.cinit)
                  00002c20    0000001c     rts6700.lib : _lock.obj (.cinit)
                  00002c3c    00000004     --HOLE-- [fill = 0]
                  00002c40    00000004     (.pad.cinit) [fill = 0]

.far       0    00002c44    00000236     UNINITIALIZED
                  00002c44    000000f4     csl6713.lib : csl_irq.obj (.far)
                  00002d38    00000058     c6713dskinit.obj (.far)
                  00002d90    0000004c     main.obj (.far)
                  00002ddc    00000038     csl6713.lib : csl_mcbsp.obj (.far)
                  00002e14    00000028     dsk6713bsl.lib : dsk6713_aic23_registers.obj (.far)
                  00002e3c    00000020                    : dsk6713_aic23_setfreq.obj (.far)
                  00002e5c    0000000c     rts6700.lib : exit.obj (.far)
                  00002e68    00000008     dsk6713bsl.lib : dsk6713_aic23_opencodec.obj (.far)
                  00002e70    00000008     rts6700.lib : _lock.obj (.far)
                  00002e78    00000002     dsk6713bsl.lib : dsk6713.obj (.far)

.const     0    00002e7c    00000060     
                  00002e7c    00000040     dsk6713bsl.lib : dsk6713_aic23_opencodec.obj (.const)
                  00002ebc    00000020                    : dsk6713.obj (.const)


GLOBAL SYMBOLS: SORTED ALPHABETICALLY BY Name 

address    name
--------   ----
00000220   $bss
00000220   .bss
00000220   .text
000024c0   C$$EXIT
00002d44   _AIC23CfgData
00002d38   _AIC_data
00002e68   _DSK6713_AIC23_codeccontrolhandle
00002e6c   _DSK6713_AIC23_codecdatahandle
00001ae0   _DSK6713_AIC23_config
00000e60   _DSK6713_AIC23_openCodec
00001abc   _DSK6713_AIC23_rget
00001a20   _DSK6713_AIC23_rset
00002040   _DSK6713_AIC23_setFreq
00000df4   _DSK6713_getVersion
00000a2c   _DSK6713_init
00000d48   _DSK6713_rget
00000d5c   _DSK6713_rset
00002e78   _DSK6713_version
00000d70   _DSK6713_wait
00000dc8   _DSK6713_waitusec
000022c0   _IRQ_enable
000023a0   _IRQ_globalDisable
000023c0   _IRQ_globalEnable
000013c0   _IRQ_map
000023e0   _IRQ_nmiEnable
00002300   _IRQ_reset
00002100   _MCBSP_config
00002400   _MCBSP_getXmtEventId
00001ca0   _MCBSP_open
00002420   _MCBSP_read
00001580   _MCBSP_reset
00002440   _MCBSP_rrdy
00001da0   _MCBSP_start
00002460   _MCBSP_write
00002480   _MCBSP_xrdy
00002d30   __IRQ_dispatchTable
00002c6c   __IRQ_eventTable
000024e0   __IRQ_hookFetchPacket
00002cf0   __IRQ_intTable
00002e0c   __MCBSP_hDev0
00002e10   __MCBSP_hDev1
00002920   __STACK_END
00000400   __STACK_SIZE
00000001   __TI_args_main
00002e64   ___TI_enable_exit_profile_output
ffffffff   ___TI_pprof_out_hndl
ffffffff   ___TI_prof_data_size
ffffffff   ___TI_prof_data_start
ffffffff   ___binit__
00000220   ___bss__
ffffffff   ___c_args__
00002920   ___cinit__
00000220   ___end__
00002520   ___etext__
ffffffff   ___pinit__
00000220   ___text__
00002340   __args_main
000018c0   __auto_init
00002e5c   __cleanup_ptr
00002e60   __dtors_ptr
00002e70   __lock
000024a0   __nop
00002520   __stack
00001ea0   __strasg
00002e74   __unlock
000024c0   _abort
00000220   _c6713_dsk_init
00002240   _c_int00
00001720   _c_int11
00000340   _comm_intr
0000030c   _comm_poll
00002d64   _config
00001f80   _copy_in
00001b80   _exit
00002dda   _frequency
00002d90   _fs
00002dd8   _gain
00002d8c   _hAIC23_handle
00000848   _input_left_sample
00000910   _input_right_sample
00000744   _input_sample
00002d94   _inputsource
00002d96   _loop
00002500   _main
00001180   _memcpy
00000584   _output_left_sample
00000664   _output_right_sample
0000046c   _output_sample
00002d98   _sine_table
00000020   _vector1
00000140   _vector10
00000180   _vector12
000001a0   _vector13
000001c0   _vector14
000001e0   _vector15
00000040   _vector2
00000060   _vector3
00000080   _vector4
000000a0   _vector5
000000c0   _vector6
000000e0   _vector7
00000100   _vector8
00000120   _vector9
00000000   _vectors
ffffffff   binit
00002920   cinit
00000220   end
00002520   etext
ffffffff   pinit


GLOBAL SYMBOLS: SORTED BY Symbol Address 

address    name
--------   ----
00000000   _vectors
00000001   __TI_args_main
00000020   _vector1
00000040   _vector2
00000060   _vector3
00000080   _vector4
000000a0   _vector5
000000c0   _vector6
000000e0   _vector7
00000100   _vector8
00000120   _vector9
00000140   _vector10
00000180   _vector12
000001a0   _vector13
000001c0   _vector14
000001e0   _vector15
00000220   $bss
00000220   .bss
00000220   .text
00000220   ___bss__
00000220   ___end__
00000220   ___text__
00000220   _c6713_dsk_init
00000220   end
0000030c   _comm_poll
00000340   _comm_intr
00000400   __STACK_SIZE
0000046c   _output_sample
00000584   _output_left_sample
00000664   _output_right_sample
00000744   _input_sample
00000848   _input_left_sample
00000910   _input_right_sample
00000a2c   _DSK6713_init
00000d48   _DSK6713_rget
00000d5c   _DSK6713_rset
00000d70   _DSK6713_wait
00000dc8   _DSK6713_waitusec
00000df4   _DSK6713_getVersion
00000e60   _DSK6713_AIC23_openCodec
00001180   _memcpy
000013c0   _IRQ_map
00001580   _MCBSP_reset
00001720   _c_int11
000018c0   __auto_init
00001a20   _DSK6713_AIC23_rset
00001abc   _DSK6713_AIC23_rget
00001ae0   _DSK6713_AIC23_config
00001b80   _exit
00001ca0   _MCBSP_open
00001da0   _MCBSP_start
00001ea0   __strasg
00001f80   _copy_in
00002040   _DSK6713_AIC23_setFreq
00002100   _MCBSP_config
00002240   _c_int00
000022c0   _IRQ_enable
00002300   _IRQ_reset
00002340   __args_main
000023a0   _IRQ_globalDisable
000023c0   _IRQ_globalEnable
000023e0   _IRQ_nmiEnable
00002400   _MCBSP_getXmtEventId
00002420   _MCBSP_read
00002440   _MCBSP_rrdy
00002460   _MCBSP_write
00002480   _MCBSP_xrdy
000024a0   __nop
000024c0   C$$EXIT
000024c0   _abort
000024e0   __IRQ_hookFetchPacket
00002500   _main
00002520   ___etext__
00002520   __stack
00002520   etext
00002920   __STACK_END
00002920   ___cinit__
00002920   cinit
00002c6c   __IRQ_eventTable
00002cf0   __IRQ_intTable
00002d30   __IRQ_dispatchTable
00002d38   _AIC_data
00002d44   _AIC23CfgData
00002d64   _config
00002d8c   _hAIC23_handle
00002d90   _fs
00002d94   _inputsource
00002d96   _loop
00002d98   _sine_table
00002dd8   _gain
00002dda   _frequency
00002e0c   __MCBSP_hDev0
00002e10   __MCBSP_hDev1
00002e5c   __cleanup_ptr
00002e60   __dtors_ptr
00002e64   ___TI_enable_exit_profile_output
00002e68   _DSK6713_AIC23_codeccontrolhandle
00002e6c   _DSK6713_AIC23_codecdatahandle
00002e70   __lock
00002e74   __unlock
00002e78   _DSK6713_version
ffffffff   ___TI_pprof_out_hndl
ffffffff   ___TI_prof_data_size
ffffffff   ___TI_prof_data_start
ffffffff   ___binit__
ffffffff   ___c_args__
ffffffff   ___pinit__
ffffffff   binit
ffffffff   pinit

[109 symbols]
