******************************************************************************
               TMS320C6x Linker PC v7.4.12                     
******************************************************************************
>> Linked Fri Sep 20 09:59:16 2019

OUTPUT FILE NAME:   <lab1_question1.out>
ENTRY POINT SYMBOL: "_c_int00"  address: 00002be0


MEMORY CONFIGURATION

         name            origin    length      used     unused   attr    fill
----------------------  --------  ---------  --------  --------  ----  --------
  IVECS                 00000000   00000220  00000200  00000020  RWIX
  IRAM                  00000220   0002fde0  00004fee  0002adf2  RWIX
  SDRAM                 80000000   01000000  00000000  01000000  RWIX
  FLASH                 90000000   00020000  00000000  00020000  RWIX


SECTION ALLOCATION MAP

 output                                  attributes/
section   page    origin      length       input sections
--------  ----  ----------  ----------   ----------------
.vectors   0    00000000    00000200     
                  00000000    00000200     Vectors_intr.obj (.vectors)

.bss       0    00000220    00000000     UNINITIALIZED

.text      0    00000220    00002de0     
                  00000220    000007c0     c6713dskinit.obj (.text)
                  000009e0    000004a0     rts6700.lib : divf.obj (.text:__divf)
                  00000e80    00000480     dsk6713bsl.lib : dsk6713.obj (.text)
                  00001300    00000320                    : dsk6713_aic23_opencodec.obj (.text)
                  00001620    000002a0     main.obj (.text:retain)
                  000018c0    00000240     rts6700.lib : memcpy62.obj (.text:_memcpy)
                  00001b00    000001c0     csl6713.lib : csl_irq.obj (.text:_IRQ_map)
                  00001cc0    000001a0                 : csl_mcbsp.obj (.text:_MCBSP_reset)
                  00001e60    00000160     rts6700.lib : autoinit.obj (.text:__auto_init)
                  00001fc0    00000160     dsk6713bsl.lib : dsk6713_aic23_registers.obj (.text)
                  00002120    00000120     rts6700.lib : exit.obj (.text:_exit)
                  00002240    00000100     csl6713.lib : csl_mcbsp.obj (.text:_MCBSP_open)
                  00002340    00000100                 : csl_mcbsp.obj (.text:_MCBSP_start)
                  00002440    00000100     rts6700.lib : remi.obj (.text:__remi)
                  00002540    000000e0                 : strasg.obj (.text:__strasg)
                  00002620    000000c0                 : fixdi.obj (.text:__fixdi)
                  000026e0    000000c0                 : frcmpyf_div.obj (.text:__frcmpyf_div)
                  000027a0    000000c0                 : round.obj (.text:__nround)
                  00002860    000000c0                 : cpy_tbl.obj (.text:_copy_in)
                  00002920    000000c0                 : modf.obj (.text:_modf)
                  000029e0    000000c0     dsk6713bsl.lib : dsk6713_aic23_setfreq.obj (.text)
                  00002aa0    000000a0     csl6713.lib : csl_mcbsp.obj (.text:_MCBSP_config)
                  00002b40    000000a0                 : csl_irq.obj (.text:_setMux)
                  00002be0    00000080     rts6700.lib : boot.obj (.text:_c_int00)
                  00002c60    00000060                 : fltid.obj (.text:__fltid)
                  00002cc0    00000060                 : fltif.obj (.text:__fltif)
                  00002d20    00000040     csl6713.lib : csl_irq.obj (.text:_IRQ_enable)
                  00002d60    00000040                 : csl_irq.obj (.text:_IRQ_reset)
                  00002da0    00000040     rts6700.lib : divf.obj (.text:___isnanf)
                  00002de0    00000040                 : args_main.obj (.text:__args_main)
                  00002e20    00000020     Vectors_intr.obj (.text)
                  00002e40    00000020     csl6713.lib : csl_irq.obj (.text:_IRQ_globalDisable)
                  00002e60    00000020                 : csl_irq.obj (.text:_IRQ_globalEnable)
                  00002e80    00000020                 : csl_irq.obj (.text:_IRQ_nmiEnable)
                  00002ea0    00000020                 : csl_mcbsp.obj (.text:_MCBSP_getXmtEventId)
                  00002ec0    00000020                 : csl_mcbsp.obj (.text:_MCBSP_read)
                  00002ee0    00000020                 : csl_mcbsp.obj (.text:_MCBSP_rrdy)
                  00002f00    00000020                 : csl_mcbsp.obj (.text:_MCBSP_write)
                  00002f20    00000020                 : csl_mcbsp.obj (.text:_MCBSP_xrdy)
                  00002f40    00000020     rts6700.lib : cvtfd.obj (.text:__cvtfd)
                  00002f60    00000020                 : mpyf.obj (.text:__mpyf)
                  00002f80    00000020                 : _lock.obj (.text:__nop)
                  00002fa0    00000020                 : exit.obj (.text:_abort)
                  00002fc0    00000020     csl6713.lib : csl_irq.obj (.text)
                  00002fe0    00000020     main.obj (.text)

.cinit     0    00003000    00000f64     
                  00003000    00000cd2     main.obj (.cinit)
                  00003cd2    00000006     --HOLE-- [fill = 0]
                  00003cd8    0000012c     csl6713.lib : csl_irq.obj (.cinit)
                  00003e04    00000004     --HOLE-- [fill = 0]
                  00003e08    00000058     c6713dskinit.obj (.cinit)
                  00003e60    00000054     csl6713.lib : csl_mcbsp.obj (.cinit)
                  00003eb4    00000004     --HOLE-- [fill = 0]
                  00003eb8    00000030     dsk6713bsl.lib : dsk6713_aic23_registers.obj (.cinit)
                  00003ee8    0000002c     rts6700.lib : exit.obj (.cinit)
                  00003f14    00000004     --HOLE-- [fill = 0]
                  00003f18    00000028     dsk6713bsl.lib : dsk6713_aic23_setfreq.obj (.cinit)
                  00003f40    0000001c     rts6700.lib : _lock.obj (.cinit)
                  00003f5c    00000004     --HOLE-- [fill = 0]
                  00003f60    00000004     (.pad.cinit) [fill = 0]

.far       0    00003f64    00000e42     UNINITIALIZED
                  00003f64    00000c58     main.obj (.far)
                  00004bbc    000000f4     csl6713.lib : csl_irq.obj (.far)
                  00004cb0    00000058     c6713dskinit.obj (.far)
                  00004d08    00000038     csl6713.lib : csl_mcbsp.obj (.far)
                  00004d40    00000028     dsk6713bsl.lib : dsk6713_aic23_registers.obj (.far)
                  00004d68    00000020                    : dsk6713_aic23_setfreq.obj (.far)
                  00004d88    0000000c     rts6700.lib : exit.obj (.far)
                  00004d94    00000008     dsk6713bsl.lib : dsk6713_aic23_opencodec.obj (.far)
                  00004d9c    00000008     rts6700.lib : _lock.obj (.far)
                  00004da4    00000002     dsk6713bsl.lib : dsk6713.obj (.far)

.stack     0    00004da8    00000400     UNINITIALIZED
                  00004da8    00000008     rts6700.lib : boot.obj (.stack)
                  00004db0    000003f8     --HOLE--

.const     0    000051a8    00000068     
                  000051a8    00000040     dsk6713bsl.lib : dsk6713_aic23_opencodec.obj (.const)
                  000051e8    00000020                    : dsk6713.obj (.const)
                  00005208    00000008     rts6700.lib : divf.obj (.const:_initial_approx$1)


GLOBAL SYMBOLS: SORTED ALPHABETICALLY BY Name 

address    name
--------   ----
00000220   $bss
00000220   .bss
00000220   .text
00002fa0   C$$EXIT
00004cbc   _AIC23CfgData
00004cb0   _AIC_data
00004d94   _DSK6713_AIC23_codeccontrolhandle
00004d98   _DSK6713_AIC23_codecdatahandle
00002080   _DSK6713_AIC23_config
00001300   _DSK6713_AIC23_openCodec
0000205c   _DSK6713_AIC23_rget
00001fc0   _DSK6713_AIC23_rset
000029e0   _DSK6713_AIC23_setFreq
00001294   _DSK6713_getVersion
00000ecc   _DSK6713_init
000011e8   _DSK6713_rget
000011fc   _DSK6713_rset
00004da4   _DSK6713_version
00001210   _DSK6713_wait
00001268   _DSK6713_waitusec
00002d20   _IRQ_enable
00002e40   _IRQ_globalDisable
00002e60   _IRQ_globalEnable
00001b00   _IRQ_map
00002e80   _IRQ_nmiEnable
00002d60   _IRQ_reset
00002aa0   _MCBSP_config
00002ea0   _MCBSP_getXmtEventId
00002240   _MCBSP_open
00002ec0   _MCBSP_read
00001cc0   _MCBSP_reset
00002ee0   _MCBSP_rrdy
00002340   _MCBSP_start
00002f00   _MCBSP_write
00002f20   _MCBSP_xrdy
00004ca8   __IRQ_dispatchTable
00004be4   __IRQ_eventTable
00002fc0   __IRQ_hookFetchPacket
00004c68   __IRQ_intTable
00004d38   __MCBSP_hDev0
00004d3c   __MCBSP_hDev1
000051a8   __STACK_END
00000400   __STACK_SIZE
00000001   __TI_args_main
00004d90   ___TI_enable_exit_profile_output
ffffffff   ___TI_pprof_out_hndl
ffffffff   ___TI_prof_data_size
ffffffff   ___TI_prof_data_start
ffffffff   ___binit__
00000220   ___bss__
ffffffff   ___c_args__
00003000   ___cinit__
00000220   ___end__
00003000   ___etext__
ffffffff   ___pinit__
00000220   ___text__
00002de0   __args_main
00001e60   __auto_init
00002440   __c6xabi_remi
00004d88   __cleanup_ptr
00002f40   __cvtfd
000009e0   __divf
00004d8c   __dtors_ptr
00002620   __fixdi
00002c60   __fltid
00002cc0   __fltif
000026e0   __frcmpyf_div
00004d9c   __lock
00002f60   __mpyf
00002f80   __nop
000027a0   __nround
00002440   __remi
00004da8   __stack
00002540   __strasg
00004da0   __unlock
00002fa0   _abort
00000220   _c6713_dsk_init
00002be0   _c_int00
00001620   _c_int11
00000340   _comm_intr
0000030c   _comm_poll
00004cdc   _config
00002860   _copy_in
00004bba   _delta
00002120   _exit
00004ba4   _fs
00004bb8   _gain
00004d04   _hAIC23_handle
00000848   _input_left_sample
00000910   _input_right_sample
00000744   _input_sample
00004ba8   _inputsource
00004bac   _loop
00002fe0   _main
000018c0   _memcpy
00002920   _modf
00000584   _output_left_sample
00000664   _output_right_sample
0000046c   _output_sample
00004bae   _shift
00003f64   _sinetable
00003fa4   _sinetable1024
000047a4   _sinetable512
00004baa   _table_size
00004bb0   _test
00004bb4   _test2
00000020   _vector1
00000140   _vector10
00000180   _vector12
000001a0   _vector13
000001c0   _vector14
000001e0   _vector15
00000040   _vector2
00000060   _vector3
00000080   _vector4
000000a0   _vector5
000000c0   _vector6
000000e0   _vector7
00000100   _vector8
00000120   _vector9
00000000   _vectors
ffffffff   binit
00003000   cinit
00000220   end
00003000   etext
ffffffff   pinit


GLOBAL SYMBOLS: SORTED BY Symbol Address 

address    name
--------   ----
00000000   _vectors
00000001   __TI_args_main
00000020   _vector1
00000040   _vector2
00000060   _vector3
00000080   _vector4
000000a0   _vector5
000000c0   _vector6
000000e0   _vector7
00000100   _vector8
00000120   _vector9
00000140   _vector10
00000180   _vector12
000001a0   _vector13
000001c0   _vector14
000001e0   _vector15
00000220   $bss
00000220   .bss
00000220   .text
00000220   ___bss__
00000220   ___end__
00000220   ___text__
00000220   _c6713_dsk_init
00000220   end
0000030c   _comm_poll
00000340   _comm_intr
00000400   __STACK_SIZE
0000046c   _output_sample
00000584   _output_left_sample
00000664   _output_right_sample
00000744   _input_sample
00000848   _input_left_sample
00000910   _input_right_sample
000009e0   __divf
00000ecc   _DSK6713_init
000011e8   _DSK6713_rget
000011fc   _DSK6713_rset
00001210   _DSK6713_wait
00001268   _DSK6713_waitusec
00001294   _DSK6713_getVersion
00001300   _DSK6713_AIC23_openCodec
00001620   _c_int11
000018c0   _memcpy
00001b00   _IRQ_map
00001cc0   _MCBSP_reset
00001e60   __auto_init
00001fc0   _DSK6713_AIC23_rset
0000205c   _DSK6713_AIC23_rget
00002080   _DSK6713_AIC23_config
00002120   _exit
00002240   _MCBSP_open
00002340   _MCBSP_start
00002440   __c6xabi_remi
00002440   __remi
00002540   __strasg
00002620   __fixdi
000026e0   __frcmpyf_div
000027a0   __nround
00002860   _copy_in
00002920   _modf
000029e0   _DSK6713_AIC23_setFreq
00002aa0   _MCBSP_config
00002be0   _c_int00
00002c60   __fltid
00002cc0   __fltif
00002d20   _IRQ_enable
00002d60   _IRQ_reset
00002de0   __args_main
00002e40   _IRQ_globalDisable
00002e60   _IRQ_globalEnable
00002e80   _IRQ_nmiEnable
00002ea0   _MCBSP_getXmtEventId
00002ec0   _MCBSP_read
00002ee0   _MCBSP_rrdy
00002f00   _MCBSP_write
00002f20   _MCBSP_xrdy
00002f40   __cvtfd
00002f60   __mpyf
00002f80   __nop
00002fa0   C$$EXIT
00002fa0   _abort
00002fc0   __IRQ_hookFetchPacket
00002fe0   _main
00003000   ___cinit__
00003000   ___etext__
00003000   cinit
00003000   etext
00003f64   _sinetable
00003fa4   _sinetable1024
000047a4   _sinetable512
00004ba4   _fs
00004ba8   _inputsource
00004baa   _table_size
00004bac   _loop
00004bae   _shift
00004bb0   _test
00004bb4   _test2
00004bb8   _gain
00004bba   _delta
00004be4   __IRQ_eventTable
00004c68   __IRQ_intTable
00004ca8   __IRQ_dispatchTable
00004cb0   _AIC_data
00004cbc   _AIC23CfgData
00004cdc   _config
00004d04   _hAIC23_handle
00004d38   __MCBSP_hDev0
00004d3c   __MCBSP_hDev1
00004d88   __cleanup_ptr
00004d8c   __dtors_ptr
00004d90   ___TI_enable_exit_profile_output
00004d94   _DSK6713_AIC23_codeccontrolhandle
00004d98   _DSK6713_AIC23_codecdatahandle
00004d9c   __lock
00004da0   __unlock
00004da4   _DSK6713_version
00004da8   __stack
000051a8   __STACK_END
ffffffff   ___TI_pprof_out_hndl
ffffffff   ___TI_prof_data_size
ffffffff   ___TI_prof_data_start
ffffffff   ___binit__
ffffffff   ___c_args__
ffffffff   ___pinit__
ffffffff   binit
ffffffff   pinit

[126 symbols]
