******************************************************************************
               TMS320C6x Linker PC v7.4.12                     
******************************************************************************
>> Linked Sat Sep 21 18:50:28 2019

OUTPUT FILE NAME:   <Part 3 lab 1.out>
ENTRY POINT SYMBOL: "_c_int00"  address: 00002de0


MEMORY CONFIGURATION

         name            origin    length      used     unused   attr    fill
----------------------  --------  ---------  --------  --------  ----  --------
  IVECS                 00000000   00000220  00000200  00000020  RWIX
  IRAM                  00000220   0002fde0  00005226  0002abba  RWIX
  SDRAM                 80000000   01000000  00000000  01000000  RWIX
  FLASH                 90000000   00020000  00000000  00020000  RWIX


SECTION ALLOCATION MAP

 output                                  attributes/
section   page    origin      length       input sections
--------  ----  ----------  ----------   ----------------
.vectors   0    00000000    00000200     
                  00000000    00000200     Vectors_intr.obj (.vectors)

.bss       0    00000220    00000000     UNINITIALIZED

.text      0    00000220    00002fa0     
                  00000220    000007c0     c6713dskinit.obj (.text)
                  000009e0    000004a0     rts6700.lib : divf.obj (.text:__divf)
                  00000e80    000004a0     main.obj (.text:retain)
                  00001320    00000480     dsk6713bsl.lib : dsk6713.obj (.text)
                  000017a0    00000320                    : dsk6713_aic23_opencodec.obj (.text)
                  00001ac0    00000240     rts6700.lib : memcpy62.obj (.text:_memcpy)
                  00001d00    000001c0     csl6713.lib : csl_irq.obj (.text:_IRQ_map)
                  00001ec0    000001a0                 : csl_mcbsp.obj (.text:_MCBSP_reset)
                  00002060    00000160     rts6700.lib : autoinit.obj (.text:__auto_init)
                  000021c0    00000160     dsk6713bsl.lib : dsk6713_aic23_registers.obj (.text)
                  00002320    00000120     rts6700.lib : exit.obj (.text:_exit)
                  00002440    00000100     csl6713.lib : csl_mcbsp.obj (.text:_MCBSP_open)
                  00002540    00000100                 : csl_mcbsp.obj (.text:_MCBSP_start)
                  00002640    00000100     rts6700.lib : remi.obj (.text:__remi)
                  00002740    000000e0                 : strasg.obj (.text:__strasg)
                  00002820    000000c0                 : fixdi.obj (.text:__fixdi)
                  000028e0    000000c0                 : frcmpyf_div.obj (.text:__frcmpyf_div)
                  000029a0    000000c0                 : round.obj (.text:__nround)
                  00002a60    000000c0                 : cpy_tbl.obj (.text:_copy_in)
                  00002b20    000000c0                 : modf.obj (.text:_modf)
                  00002be0    000000c0     dsk6713bsl.lib : dsk6713_aic23_setfreq.obj (.text)
                  00002ca0    000000a0     csl6713.lib : csl_mcbsp.obj (.text:_MCBSP_config)
                  00002d40    000000a0                 : csl_irq.obj (.text:_setMux)
                  00002de0    00000080     rts6700.lib : boot.obj (.text:_c_int00)
                  00002e60    00000060                 : fltif.obj (.text:__fltif)
                  00002ec0    00000040     csl6713.lib : csl_irq.obj (.text:_IRQ_enable)
                  00002f00    00000040                 : csl_irq.obj (.text:_IRQ_reset)
                  00002f40    00000040     rts6700.lib : divf.obj (.text:___isnanf)
                  00002f80    00000040                 : args_main.obj (.text:__args_main)
                  00002fc0    00000020     Vectors_intr.obj (.text)
                  00002fe0    00000020     csl6713.lib : csl_irq.obj (.text:_IRQ_globalDisable)
                  00003000    00000020                 : csl_irq.obj (.text:_IRQ_globalEnable)
                  00003020    00000020                 : csl_irq.obj (.text:_IRQ_nmiEnable)
                  00003040    00000020                 : csl_mcbsp.obj (.text:_MCBSP_getXmtEventId)
                  00003060    00000020                 : csl_mcbsp.obj (.text:_MCBSP_read)
                  00003080    00000020                 : csl_mcbsp.obj (.text:_MCBSP_rrdy)
                  000030a0    00000020                 : csl_mcbsp.obj (.text:_MCBSP_write)
                  000030c0    00000020                 : csl_mcbsp.obj (.text:_MCBSP_xrdy)
                  000030e0    00000020     rts6700.lib : addf.obj (.text:__addf)
                  00003100    00000020                 : cvtfd.obj (.text:__cvtfd)
                  00003120    00000020                 : mpyf.obj (.text:__mpyf)
                  00003140    00000020                 : _lock.obj (.text:__nop)
                  00003160    00000020                 : exit.obj (.text:_abort)
                  00003180    00000020     csl6713.lib : csl_irq.obj (.text)
                  000031a0    00000020     main.obj (.text)

.cinit     0    000031c0    00000fc4     
                  000031c0    00000d32     main.obj (.cinit)
                  00003ef2    00000006     --HOLE-- [fill = 0]
                  00003ef8    0000012c     csl6713.lib : csl_irq.obj (.cinit)
                  00004024    00000004     --HOLE-- [fill = 0]
                  00004028    00000058     c6713dskinit.obj (.cinit)
                  00004080    00000054     csl6713.lib : csl_mcbsp.obj (.cinit)
                  000040d4    00000004     --HOLE-- [fill = 0]
                  000040d8    00000030     dsk6713bsl.lib : dsk6713_aic23_registers.obj (.cinit)
                  00004108    0000002c     rts6700.lib : exit.obj (.cinit)
                  00004134    00000004     --HOLE-- [fill = 0]
                  00004138    00000028     dsk6713bsl.lib : dsk6713_aic23_setfreq.obj (.cinit)
                  00004160    0000001c     rts6700.lib : _lock.obj (.cinit)
                  0000417c    00000004     --HOLE-- [fill = 0]
                  00004180    00000004     (.pad.cinit) [fill = 0]

.far       0    00004184    00000e5a     UNINITIALIZED
                  00004184    00000c70     main.obj (.far)
                  00004df4    000000f4     csl6713.lib : csl_irq.obj (.far)
                  00004ee8    00000058     c6713dskinit.obj (.far)
                  00004f40    00000038     csl6713.lib : csl_mcbsp.obj (.far)
                  00004f78    00000028     dsk6713bsl.lib : dsk6713_aic23_registers.obj (.far)
                  00004fa0    00000020                    : dsk6713_aic23_setfreq.obj (.far)
                  00004fc0    0000000c     rts6700.lib : exit.obj (.far)
                  00004fcc    00000008     dsk6713bsl.lib : dsk6713_aic23_opencodec.obj (.far)
                  00004fd4    00000008     rts6700.lib : _lock.obj (.far)
                  00004fdc    00000002     dsk6713bsl.lib : dsk6713.obj (.far)

.stack     0    00004fe0    00000400     UNINITIALIZED
                  00004fe0    00000008     rts6700.lib : boot.obj (.stack)
                  00004fe8    000003f8     --HOLE--

.const     0    000053e0    00000068     
                  000053e0    00000040     dsk6713bsl.lib : dsk6713_aic23_opencodec.obj (.const)
                  00005420    00000020                    : dsk6713.obj (.const)
                  00005440    00000008     rts6700.lib : divf.obj (.const:_initial_approx$1)


GLOBAL SYMBOLS: SORTED ALPHABETICALLY BY Name 

address    name
--------   ----
00000220   $bss
00000220   .bss
00000220   .text
00003160   C$$EXIT
00004ef4   _AIC23CfgData
00004dcc   _AIC23_data
00004ee8   _AIC_data
00004fcc   _DSK6713_AIC23_codeccontrolhandle
00004fd0   _DSK6713_AIC23_codecdatahandle
00002280   _DSK6713_AIC23_config
000017a0   _DSK6713_AIC23_openCodec
0000225c   _DSK6713_AIC23_rget
000021c0   _DSK6713_AIC23_rset
00002be0   _DSK6713_AIC23_setFreq
00001734   _DSK6713_getVersion
0000136c   _DSK6713_init
00001688   _DSK6713_rget
0000169c   _DSK6713_rset
00004fdc   _DSK6713_version
000016b0   _DSK6713_wait
00001708   _DSK6713_waitusec
00002ec0   _IRQ_enable
00002fe0   _IRQ_globalDisable
00003000   _IRQ_globalEnable
00001d00   _IRQ_map
00003020   _IRQ_nmiEnable
00002f00   _IRQ_reset
00002ca0   _MCBSP_config
00003040   _MCBSP_getXmtEventId
00002440   _MCBSP_open
00003060   _MCBSP_read
00001ec0   _MCBSP_reset
00003080   _MCBSP_rrdy
00002540   _MCBSP_start
000030a0   _MCBSP_write
000030c0   _MCBSP_xrdy
00004ee0   __IRQ_dispatchTable
00004e1c   __IRQ_eventTable
00003180   __IRQ_hookFetchPacket
00004ea0   __IRQ_intTable
00004f70   __MCBSP_hDev0
00004f74   __MCBSP_hDev1
000053e0   __STACK_END
00000400   __STACK_SIZE
00000001   __TI_args_main
00004fc8   ___TI_enable_exit_profile_output
ffffffff   ___TI_pprof_out_hndl
ffffffff   ___TI_prof_data_size
ffffffff   ___TI_prof_data_start
ffffffff   ___binit__
00000220   ___bss__
ffffffff   ___c_args__
000031c0   ___cinit__
00000220   ___end__
000031c0   ___etext__
ffffffff   ___pinit__
00000220   ___text__
000030e0   __addf
00002f80   __args_main
00002060   __auto_init
00002640   __c6xabi_remi
00004fc0   __cleanup_ptr
00003100   __cvtfd
000009e0   __divf
00004fc4   __dtors_ptr
00002820   __fixdi
00002e60   __fltif
000028e0   __frcmpyf_div
00004fd4   __lock
00003120   __mpyf
00003140   __nop
000029a0   __nround
00002640   __remi
00004fe0   __stack
00002740   __strasg
00004fd8   __unlock
00003160   _abort
00000220   _c6713_dsk_init
00002de0   _c_int00
00000e80   _c_int11
00000340   _comm_intr
0000030c   _comm_poll
00004f14   _config
00002a60   _copy_in
00004df0   _delta
00004df2   _delta2
00002320   _exit
00004dc4   _fs
00004de8   _gain1
00004dec   _gain2
00004f3c   _hAIC23_handle
00000848   _input_left_sample
00000910   _input_right_sample
00000744   _input_sample
00004dc8   _inputsource
00004dd2   _loop
00004dd4   _loopm
000031a0   _main
00001ac0   _memcpy
00002b20   _modf
00004de4   _output
00004de6   _output2
00000584   _output_left_sample
00000664   _output_right_sample
0000046c   _output_sample
00004184   _sinetable
000041c4   _sinetable1024
000049c4   _sinetable512
00004dd0   _table_size
00004ddc   _test2
00004dd8   _testc
00004de0   _testm
00000020   _vector1
00000140   _vector10
00000180   _vector12
000001a0   _vector13
000001c0   _vector14
000001e0   _vector15
00000040   _vector2
00000060   _vector3
00000080   _vector4
000000a0   _vector5
000000c0   _vector6
000000e0   _vector7
00000100   _vector8
00000120   _vector9
00000000   _vectors
ffffffff   binit
000031c0   cinit
00000220   end
000031c0   etext
ffffffff   pinit


GLOBAL SYMBOLS: SORTED BY Symbol Address 

address    name
--------   ----
00000000   _vectors
00000001   __TI_args_main
00000020   _vector1
00000040   _vector2
00000060   _vector3
00000080   _vector4
000000a0   _vector5
000000c0   _vector6
000000e0   _vector7
00000100   _vector8
00000120   _vector9
00000140   _vector10
00000180   _vector12
000001a0   _vector13
000001c0   _vector14
000001e0   _vector15
00000220   $bss
00000220   .bss
00000220   .text
00000220   ___bss__
00000220   ___end__
00000220   ___text__
00000220   _c6713_dsk_init
00000220   end
0000030c   _comm_poll
00000340   _comm_intr
00000400   __STACK_SIZE
0000046c   _output_sample
00000584   _output_left_sample
00000664   _output_right_sample
00000744   _input_sample
00000848   _input_left_sample
00000910   _input_right_sample
000009e0   __divf
00000e80   _c_int11
0000136c   _DSK6713_init
00001688   _DSK6713_rget
0000169c   _DSK6713_rset
000016b0   _DSK6713_wait
00001708   _DSK6713_waitusec
00001734   _DSK6713_getVersion
000017a0   _DSK6713_AIC23_openCodec
00001ac0   _memcpy
00001d00   _IRQ_map
00001ec0   _MCBSP_reset
00002060   __auto_init
000021c0   _DSK6713_AIC23_rset
0000225c   _DSK6713_AIC23_rget
00002280   _DSK6713_AIC23_config
00002320   _exit
00002440   _MCBSP_open
00002540   _MCBSP_start
00002640   __c6xabi_remi
00002640   __remi
00002740   __strasg
00002820   __fixdi
000028e0   __frcmpyf_div
000029a0   __nround
00002a60   _copy_in
00002b20   _modf
00002be0   _DSK6713_AIC23_setFreq
00002ca0   _MCBSP_config
00002de0   _c_int00
00002e60   __fltif
00002ec0   _IRQ_enable
00002f00   _IRQ_reset
00002f80   __args_main
00002fe0   _IRQ_globalDisable
00003000   _IRQ_globalEnable
00003020   _IRQ_nmiEnable
00003040   _MCBSP_getXmtEventId
00003060   _MCBSP_read
00003080   _MCBSP_rrdy
000030a0   _MCBSP_write
000030c0   _MCBSP_xrdy
000030e0   __addf
00003100   __cvtfd
00003120   __mpyf
00003140   __nop
00003160   C$$EXIT
00003160   _abort
00003180   __IRQ_hookFetchPacket
000031a0   _main
000031c0   ___cinit__
000031c0   ___etext__
000031c0   cinit
000031c0   etext
00004184   _sinetable
000041c4   _sinetable1024
000049c4   _sinetable512
00004dc4   _fs
00004dc8   _inputsource
00004dcc   _AIC23_data
00004dd0   _table_size
00004dd2   _loop
00004dd4   _loopm
00004dd8   _testc
00004ddc   _test2
00004de0   _testm
00004de4   _output
00004de6   _output2
00004de8   _gain1
00004dec   _gain2
00004df0   _delta
00004df2   _delta2
00004e1c   __IRQ_eventTable
00004ea0   __IRQ_intTable
00004ee0   __IRQ_dispatchTable
00004ee8   _AIC_data
00004ef4   _AIC23CfgData
00004f14   _config
00004f3c   _hAIC23_handle
00004f70   __MCBSP_hDev0
00004f74   __MCBSP_hDev1
00004fc0   __cleanup_ptr
00004fc4   __dtors_ptr
00004fc8   ___TI_enable_exit_profile_output
00004fcc   _DSK6713_AIC23_codeccontrolhandle
00004fd0   _DSK6713_AIC23_codecdatahandle
00004fd4   __lock
00004fd8   __unlock
00004fdc   _DSK6713_version
00004fe0   __stack
000053e0   __STACK_END
ffffffff   ___TI_pprof_out_hndl
ffffffff   ___TI_prof_data_size
ffffffff   ___TI_prof_data_start
ffffffff   ___binit__
ffffffff   ___c_args__
ffffffff   ___pinit__
ffffffff   binit
ffffffff   pinit

[132 symbols]
