<?xml version="1.0"?>
<link_info>
   <banner>TMS320C6x Linker PC v7.4.12</banner>
   <copyright>Copyright (c) 1996-2014 Texas Instruments Incorporated</copyright>
   <link_time>0x5d86a934</link_time>
   <output_file>Part 3 lab 1.out</output_file>
   <entry_point>
      <name>_c_int00</name>
      <address>0x2de0</address>
   </entry_point>
   <input_file_list>
      <input_file id="fl-2">
         <path>.\</path>
         <kind>object</kind>
         <file>Vectors_intr.obj</file>
         <name>Vectors_intr.obj</name>
      </input_file>
      <input_file id="fl-3">
         <path>.\</path>
         <kind>object</kind>
         <file>c6713dskinit.obj</file>
         <name>c6713dskinit.obj</name>
      </input_file>
      <input_file id="fl-4">
         <path>.\</path>
         <kind>object</kind>
         <file>main.obj</file>
         <name>main.obj</name>
      </input_file>
      <input_file id="fl-a">
         <path>C:\Users\Controls Lab User\Desktop\Support\</path>
         <kind>archive</kind>
         <file>rts6700.lib</file>
         <name>boot.obj</name>
      </input_file>
      <input_file id="fl-b">
         <path>C:\Users\Controls Lab User\Desktop\Support\</path>
         <kind>archive</kind>
         <file>rts6700.lib</file>
         <name>exit.obj</name>
      </input_file>
      <input_file id="fl-c">
         <path>C:\Users\Controls Lab User\Desktop\Support\</path>
         <kind>archive</kind>
         <file>rts6700.lib</file>
         <name>remi.obj</name>
      </input_file>
      <input_file id="fl-d">
         <path>C:\Users\Controls Lab User\Desktop\Support\</path>
         <kind>archive</kind>
         <file>rts6700.lib</file>
         <name>addf.obj</name>
      </input_file>
      <input_file id="fl-e">
         <path>C:\Users\Controls Lab User\Desktop\Support\</path>
         <kind>archive</kind>
         <file>rts6700.lib</file>
         <name>cvtfd.obj</name>
      </input_file>
      <input_file id="fl-f">
         <path>C:\Users\Controls Lab User\Desktop\Support\</path>
         <kind>archive</kind>
         <file>rts6700.lib</file>
         <name>divf.obj</name>
      </input_file>
      <input_file id="fl-10">
         <path>C:\Users\Controls Lab User\Desktop\Support\</path>
         <kind>archive</kind>
         <file>rts6700.lib</file>
         <name>fixdi.obj</name>
      </input_file>
      <input_file id="fl-11">
         <path>C:\Users\Controls Lab User\Desktop\Support\</path>
         <kind>archive</kind>
         <file>rts6700.lib</file>
         <name>fltif.obj</name>
      </input_file>
      <input_file id="fl-12">
         <path>C:\Users\Controls Lab User\Desktop\Support\</path>
         <kind>archive</kind>
         <file>rts6700.lib</file>
         <name>frcmpyf_div.obj</name>
      </input_file>
      <input_file id="fl-13">
         <path>C:\Users\Controls Lab User\Desktop\Support\</path>
         <kind>archive</kind>
         <file>rts6700.lib</file>
         <name>mpyf.obj</name>
      </input_file>
      <input_file id="fl-14">
         <path>C:\Users\Controls Lab User\Desktop\Support\</path>
         <kind>archive</kind>
         <file>rts6700.lib</file>
         <name>round.obj</name>
      </input_file>
      <input_file id="fl-15">
         <path>C:\Users\Controls Lab User\Desktop\Support\</path>
         <kind>archive</kind>
         <file>rts6700.lib</file>
         <name>_lock.obj</name>
      </input_file>
      <input_file id="fl-16">
         <path>C:\Users\Controls Lab User\Desktop\Support\</path>
         <kind>archive</kind>
         <file>rts6700.lib</file>
         <name>args_main.obj</name>
      </input_file>
      <input_file id="fl-17">
         <path>C:\Users\Controls Lab User\Desktop\Support\</path>
         <kind>archive</kind>
         <file>rts6700.lib</file>
         <name>autoinit.obj</name>
      </input_file>
      <input_file id="fl-18">
         <path>C:\Users\Controls Lab User\Desktop\Support\</path>
         <kind>archive</kind>
         <file>rts6700.lib</file>
         <name>cpy_tbl.obj</name>
      </input_file>
      <input_file id="fl-19">
         <path>C:\Users\Controls Lab User\Desktop\Support\</path>
         <kind>archive</kind>
         <file>rts6700.lib</file>
         <name>memcpy62.obj</name>
      </input_file>
      <input_file id="fl-1a">
         <path>C:\Users\Controls Lab User\Desktop\Support\</path>
         <kind>archive</kind>
         <file>rts6700.lib</file>
         <name>modf.obj</name>
      </input_file>
      <input_file id="fl-1b">
         <path>C:\Users\Controls Lab User\Desktop\Support\</path>
         <kind>archive</kind>
         <file>csl6713.lib</file>
         <name>csl_irq.obj</name>
      </input_file>
      <input_file id="fl-1c">
         <path>C:\Users\Controls Lab User\Desktop\Support\</path>
         <kind>archive</kind>
         <file>csl6713.lib</file>
         <name>csl_mcbsp.obj</name>
      </input_file>
      <input_file id="fl-1d">
         <path>C:\Users\Controls Lab User\Desktop\Support\</path>
         <kind>archive</kind>
         <file>dsk6713bsl.lib</file>
         <name>dsk6713.obj</name>
      </input_file>
      <input_file id="fl-1e">
         <path>C:\Users\Controls Lab User\Desktop\Support\</path>
         <kind>archive</kind>
         <file>dsk6713bsl.lib</file>
         <name>dsk6713_aic23_opencodec.obj</name>
      </input_file>
      <input_file id="fl-1f">
         <path>C:\Users\Controls Lab User\Desktop\Support\</path>
         <kind>archive</kind>
         <file>dsk6713bsl.lib</file>
         <name>dsk6713_aic23_registers.obj</name>
      </input_file>
      <input_file id="fl-20">
         <path>C:\Users\Controls Lab User\Desktop\Support\</path>
         <kind>archive</kind>
         <file>dsk6713bsl.lib</file>
         <name>dsk6713_aic23_setfreq.obj</name>
      </input_file>
      <input_file id="fl-21">
         <path>C:\Users\Controls Lab User\Desktop\Support\</path>
         <kind>archive</kind>
         <file>rts6700.lib</file>
         <name>strasg.obj</name>
      </input_file>
   </input_file_list>
   <object_component_list>
      <object_component id="oc-10">
         <name>.vectors</name>
         <load_address>0x0</load_address>
         <run_address>0x0</run_address>
         <size>0x200</size>
         <input_file_ref idref="fl-2"/>
      </object_component>
      <object_component id="oc-89">
         <name>.text</name>
         <load_address>0x220</load_address>
         <run_address>0x220</run_address>
         <size>0x7c0</size>
         <input_file_ref idref="fl-3"/>
      </object_component>
      <object_component id="oc-82">
         <name>.text:__divf</name>
         <load_address>0x9e0</load_address>
         <run_address>0x9e0</run_address>
         <size>0x4a0</size>
         <input_file_ref idref="fl-f"/>
      </object_component>
      <object_component id="oc-1d">
         <name>.text:retain</name>
         <load_address>0xe80</load_address>
         <run_address>0xe80</run_address>
         <size>0x4a0</size>
         <input_file_ref idref="fl-4"/>
      </object_component>
      <object_component id="oc-64">
         <name>.text</name>
         <load_address>0x1320</load_address>
         <run_address>0x1320</run_address>
         <size>0x480</size>
         <input_file_ref idref="fl-1d"/>
      </object_component>
      <object_component id="oc-6a">
         <name>.text</name>
         <load_address>0x17a0</load_address>
         <run_address>0x17a0</run_address>
         <size>0x320</size>
         <input_file_ref idref="fl-1e"/>
      </object_component>
      <object_component id="oc-90">
         <name>.text:_memcpy</name>
         <load_address>0x1ac0</load_address>
         <run_address>0x1ac0</run_address>
         <size>0x240</size>
         <input_file_ref idref="fl-19"/>
      </object_component>
      <object_component id="oc-9a">
         <name>.text:_IRQ_map</name>
         <load_address>0x1d00</load_address>
         <run_address>0x1d00</run_address>
         <size>0x1c0</size>
         <input_file_ref idref="fl-1b"/>
      </object_component>
      <object_component id="oc-a3">
         <name>.text:_MCBSP_reset</name>
         <load_address>0x1ec0</load_address>
         <run_address>0x1ec0</run_address>
         <size>0x1a0</size>
         <input_file_ref idref="fl-1c"/>
      </object_component>
      <object_component id="oc-7f">
         <name>.text:__auto_init</name>
         <load_address>0x2060</load_address>
         <run_address>0x2060</run_address>
         <size>0x160</size>
         <input_file_ref idref="fl-17"/>
      </object_component>
      <object_component id="oc-70">
         <name>.text</name>
         <load_address>0x21c0</load_address>
         <run_address>0x21c0</run_address>
         <size>0x160</size>
         <input_file_ref idref="fl-1f"/>
      </object_component>
      <object_component id="oc-81">
         <name>.text:_exit</name>
         <load_address>0x2320</load_address>
         <run_address>0x2320</run_address>
         <size>0x120</size>
         <input_file_ref idref="fl-b"/>
      </object_component>
      <object_component id="oc-8d">
         <name>.text:_MCBSP_open</name>
         <load_address>0x2440</load_address>
         <run_address>0x2440</run_address>
         <size>0x100</size>
         <input_file_ref idref="fl-1c"/>
      </object_component>
      <object_component id="oc-8e">
         <name>.text:_MCBSP_start</name>
         <load_address>0x2540</load_address>
         <run_address>0x2540</run_address>
         <size>0x100</size>
         <input_file_ref idref="fl-1c"/>
      </object_component>
      <object_component id="oc-8a">
         <name>.text:__remi</name>
         <load_address>0x2640</load_address>
         <run_address>0x2640</run_address>
         <size>0x100</size>
         <input_file_ref idref="fl-c"/>
      </object_component>
      <object_component id="oc-8c">
         <name>.text:__strasg</name>
         <load_address>0x2740</load_address>
         <run_address>0x2740</run_address>
         <size>0xe0</size>
         <input_file_ref idref="fl-21"/>
      </object_component>
      <object_component id="oc-87">
         <name>.text:__fixdi</name>
         <load_address>0x2820</load_address>
         <run_address>0x2820</run_address>
         <size>0xc0</size>
         <input_file_ref idref="fl-10"/>
      </object_component>
      <object_component id="oc-95">
         <name>.text:__frcmpyf_div</name>
         <load_address>0x28e0</load_address>
         <run_address>0x28e0</run_address>
         <size>0xc0</size>
         <input_file_ref idref="fl-12"/>
      </object_component>
      <object_component id="oc-86">
         <name>.text:__nround</name>
         <load_address>0x29a0</load_address>
         <run_address>0x29a0</run_address>
         <size>0xc0</size>
         <input_file_ref idref="fl-14"/>
      </object_component>
      <object_component id="oc-8f">
         <name>.text:_copy_in</name>
         <load_address>0x2a60</load_address>
         <run_address>0x2a60</run_address>
         <size>0xc0</size>
         <input_file_ref idref="fl-18"/>
      </object_component>
      <object_component id="oc-96">
         <name>.text:_modf</name>
         <load_address>0x2b20</load_address>
         <run_address>0x2b20</run_address>
         <size>0xc0</size>
         <input_file_ref idref="fl-1a"/>
      </object_component>
      <object_component id="oc-76">
         <name>.text</name>
         <load_address>0x2be0</load_address>
         <run_address>0x2be0</run_address>
         <size>0xc0</size>
         <input_file_ref idref="fl-20"/>
      </object_component>
      <object_component id="oc-97">
         <name>.text:_MCBSP_config</name>
         <load_address>0x2ca0</load_address>
         <run_address>0x2ca0</run_address>
         <size>0xa0</size>
         <input_file_ref idref="fl-1c"/>
      </object_component>
      <object_component id="oc-a4">
         <name>.text:_setMux</name>
         <load_address>0x2d40</load_address>
         <run_address>0x2d40</run_address>
         <size>0xa0</size>
         <input_file_ref idref="fl-1b"/>
      </object_component>
      <object_component id="oc-e">
         <name>.text:_c_int00</name>
         <load_address>0x2de0</load_address>
         <run_address>0x2de0</run_address>
         <size>0x80</size>
         <input_file_ref idref="fl-a"/>
      </object_component>
      <object_component id="oc-83">
         <name>.text:__fltif</name>
         <load_address>0x2e60</load_address>
         <run_address>0x2e60</run_address>
         <size>0x60</size>
         <input_file_ref idref="fl-11"/>
      </object_component>
      <object_component id="oc-9e">
         <name>.text:_IRQ_enable</name>
         <load_address>0x2ec0</load_address>
         <run_address>0x2ec0</run_address>
         <size>0x40</size>
         <input_file_ref idref="fl-1b"/>
      </object_component>
      <object_component id="oc-9b">
         <name>.text:_IRQ_reset</name>
         <load_address>0x2f00</load_address>
         <run_address>0x2f00</run_address>
         <size>0x40</size>
         <input_file_ref idref="fl-1b"/>
      </object_component>
      <object_component id="oc-93">
         <name>.text:___isnanf</name>
         <load_address>0x2f40</load_address>
         <run_address>0x2f40</run_address>
         <size>0x40</size>
         <input_file_ref idref="fl-f"/>
      </object_component>
      <object_component id="oc-80">
         <name>.text:__args_main</name>
         <load_address>0x2f80</load_address>
         <run_address>0x2f80</run_address>
         <size>0x40</size>
         <input_file_ref idref="fl-16"/>
      </object_component>
      <object_component id="oc-f">
         <name>.text</name>
         <load_address>0x2fc0</load_address>
         <run_address>0x2fc0</run_address>
         <size>0x20</size>
         <input_file_ref idref="fl-2"/>
      </object_component>
      <object_component id="oc-98">
         <name>.text:_IRQ_globalDisable</name>
         <load_address>0x2fe0</load_address>
         <run_address>0x2fe0</run_address>
         <size>0x20</size>
         <input_file_ref idref="fl-1b"/>
      </object_component>
      <object_component id="oc-9c">
         <name>.text:_IRQ_globalEnable</name>
         <load_address>0x3000</load_address>
         <run_address>0x3000</run_address>
         <size>0x20</size>
         <input_file_ref idref="fl-1b"/>
      </object_component>
      <object_component id="oc-9d">
         <name>.text:_IRQ_nmiEnable</name>
         <load_address>0x3020</load_address>
         <run_address>0x3020</run_address>
         <size>0x20</size>
         <input_file_ref idref="fl-1b"/>
      </object_component>
      <object_component id="oc-99">
         <name>.text:_MCBSP_getXmtEventId</name>
         <load_address>0x3040</load_address>
         <run_address>0x3040</run_address>
         <size>0x20</size>
         <input_file_ref idref="fl-1c"/>
      </object_component>
      <object_component id="oc-a2">
         <name>.text:_MCBSP_read</name>
         <load_address>0x3060</load_address>
         <run_address>0x3060</run_address>
         <size>0x20</size>
         <input_file_ref idref="fl-1c"/>
      </object_component>
      <object_component id="oc-a1">
         <name>.text:_MCBSP_rrdy</name>
         <load_address>0x3080</load_address>
         <run_address>0x3080</run_address>
         <size>0x20</size>
         <input_file_ref idref="fl-1c"/>
      </object_component>
      <object_component id="oc-a0">
         <name>.text:_MCBSP_write</name>
         <load_address>0x30a0</load_address>
         <run_address>0x30a0</run_address>
         <size>0x20</size>
         <input_file_ref idref="fl-1c"/>
      </object_component>
      <object_component id="oc-9f">
         <name>.text:_MCBSP_xrdy</name>
         <load_address>0x30c0</load_address>
         <run_address>0x30c0</run_address>
         <size>0x20</size>
         <input_file_ref idref="fl-1c"/>
      </object_component>
      <object_component id="oc-88">
         <name>.text:__addf</name>
         <load_address>0x30e0</load_address>
         <run_address>0x30e0</run_address>
         <size>0x20</size>
         <input_file_ref idref="fl-d"/>
      </object_component>
      <object_component id="oc-85">
         <name>.text:__cvtfd</name>
         <load_address>0x3100</load_address>
         <run_address>0x3100</run_address>
         <size>0x20</size>
         <input_file_ref idref="fl-e"/>
      </object_component>
      <object_component id="oc-84">
         <name>.text:__mpyf</name>
         <load_address>0x3120</load_address>
         <run_address>0x3120</run_address>
         <size>0x20</size>
         <input_file_ref idref="fl-13"/>
      </object_component>
      <object_component id="oc-8b">
         <name>.text:__nop</name>
         <load_address>0x3140</load_address>
         <run_address>0x3140</run_address>
         <size>0x20</size>
         <input_file_ref idref="fl-15"/>
      </object_component>
      <object_component id="oc-92">
         <name>.text:_abort</name>
         <load_address>0x3160</load_address>
         <run_address>0x3160</run_address>
         <size>0x20</size>
         <input_file_ref idref="fl-b"/>
      </object_component>
      <object_component id="oc-59">
         <name>.text</name>
         <load_address>0x3180</load_address>
         <run_address>0x3180</run_address>
         <size>0x20</size>
         <input_file_ref idref="fl-1b"/>
      </object_component>
      <object_component id="oc-91">
         <name>.text</name>
         <load_address>0x31a0</load_address>
         <run_address>0x31a0</run_address>
         <size>0x20</size>
         <input_file_ref idref="fl-4"/>
      </object_component>
      <object_component id="oc-1b">
         <name>.cinit</name>
         <load_address>0x31c0</load_address>
         <run_address>0x31c0</run_address>
         <size>0xd32</size>
         <input_file_ref idref="fl-4"/>
      </object_component>
      <object_component id="oc-5a">
         <name>.cinit</name>
         <load_address>0x3ef8</load_address>
         <run_address>0x3ef8</run_address>
         <size>0x12c</size>
         <input_file_ref idref="fl-1b"/>
      </object_component>
      <object_component id="oc-15">
         <name>.cinit</name>
         <load_address>0x4028</load_address>
         <run_address>0x4028</run_address>
         <size>0x58</size>
         <input_file_ref idref="fl-3"/>
      </object_component>
      <object_component id="oc-5f">
         <name>.cinit</name>
         <load_address>0x4080</load_address>
         <run_address>0x4080</run_address>
         <size>0x54</size>
         <input_file_ref idref="fl-1c"/>
      </object_component>
      <object_component id="oc-71">
         <name>.cinit</name>
         <load_address>0x40d8</load_address>
         <run_address>0x40d8</run_address>
         <size>0x30</size>
         <input_file_ref idref="fl-1f"/>
      </object_component>
      <object_component id="oc-26">
         <name>.cinit</name>
         <load_address>0x4108</load_address>
         <run_address>0x4108</run_address>
         <size>0x2c</size>
         <input_file_ref idref="fl-b"/>
      </object_component>
      <object_component id="oc-77">
         <name>.cinit</name>
         <load_address>0x4138</load_address>
         <run_address>0x4138</run_address>
         <size>0x28</size>
         <input_file_ref idref="fl-20"/>
      </object_component>
      <object_component id="oc-46">
         <name>.cinit</name>
         <load_address>0x4160</load_address>
         <run_address>0x4160</run_address>
         <size>0x1c</size>
         <input_file_ref idref="fl-15"/>
      </object_component>
      <object_component id="oc-22">
         <name>.stack</name>
         <uninitialized>true</uninitialized>
         <run_address>0x4fe0</run_address>
         <size>0x8</size>
         <input_file_ref idref="fl-a"/>
      </object_component>
      <object_component id="oc-ba">
         <name>.stack</name>
         <uninitialized>true</uninitialized>
         <run_address>0x4fe0</run_address>
         <size>0x0</size>
      </object_component>
      <object_component id="oc-6c">
         <name>.const</name>
         <load_address>0x53e0</load_address>
         <run_address>0x53e0</run_address>
         <size>0x40</size>
         <input_file_ref idref="fl-1e"/>
      </object_component>
      <object_component id="oc-66">
         <name>.const</name>
         <load_address>0x5420</load_address>
         <run_address>0x5420</run_address>
         <size>0x20</size>
         <input_file_ref idref="fl-1d"/>
      </object_component>
      <object_component id="oc-94">
         <name>.const:_initial_approx$1</name>
         <load_address>0x5440</load_address>
         <run_address>0x5440</run_address>
         <size>0x8</size>
         <input_file_ref idref="fl-f"/>
      </object_component>
      <object_component id="oc-16">
         <name>.far</name>
         <uninitialized>true</uninitialized>
         <run_address>0x4ee8</run_address>
         <size>0x58</size>
         <input_file_ref idref="fl-3"/>
      </object_component>
      <object_component id="oc-1c">
         <name>.far</name>
         <uninitialized>true</uninitialized>
         <run_address>0x4184</run_address>
         <size>0xc70</size>
         <input_file_ref idref="fl-4"/>
      </object_component>
      <object_component id="oc-27">
         <name>.far</name>
         <uninitialized>true</uninitialized>
         <run_address>0x4fc0</run_address>
         <size>0xc</size>
         <input_file_ref idref="fl-b"/>
      </object_component>
      <object_component id="oc-47">
         <name>.far</name>
         <uninitialized>true</uninitialized>
         <run_address>0x4fd4</run_address>
         <size>0x8</size>
         <input_file_ref idref="fl-15"/>
      </object_component>
      <object_component id="oc-5b">
         <name>.far</name>
         <uninitialized>true</uninitialized>
         <run_address>0x4df4</run_address>
         <size>0xf4</size>
         <input_file_ref idref="fl-1b"/>
      </object_component>
      <object_component id="oc-60">
         <name>.far</name>
         <uninitialized>true</uninitialized>
         <run_address>0x4f40</run_address>
         <size>0x38</size>
         <input_file_ref idref="fl-1c"/>
      </object_component>
      <object_component id="oc-65">
         <name>.far</name>
         <uninitialized>true</uninitialized>
         <run_address>0x4fdc</run_address>
         <size>0x2</size>
         <input_file_ref idref="fl-1d"/>
      </object_component>
      <object_component id="oc-6b">
         <name>.far</name>
         <uninitialized>true</uninitialized>
         <run_address>0x4fcc</run_address>
         <size>0x8</size>
         <input_file_ref idref="fl-1e"/>
      </object_component>
      <object_component id="oc-72">
         <name>.far</name>
         <uninitialized>true</uninitialized>
         <run_address>0x4f78</run_address>
         <size>0x28</size>
         <input_file_ref idref="fl-1f"/>
      </object_component>
      <object_component id="oc-78">
         <name>.far</name>
         <uninitialized>true</uninitialized>
         <run_address>0x4fa0</run_address>
         <size>0x20</size>
         <input_file_ref idref="fl-20"/>
      </object_component>
      <object_component id="oc-11">
         <name>.debug_info</name>
         <load_address>0x0</load_address>
         <run_address>0x0</run_address>
         <size>0xf3</size>
         <input_file_ref idref="fl-2"/>
      </object_component>
      <object_component id="oc-14">
         <name>.debug_info</name>
         <load_address>0xf3</load_address>
         <run_address>0xf3</run_address>
         <size>0x1543</size>
         <input_file_ref idref="fl-3"/>
      </object_component>
      <object_component id="oc-1a">
         <name>.debug_info</name>
         <load_address>0x1636</load_address>
         <run_address>0x1636</run_address>
         <size>0xafa</size>
         <input_file_ref idref="fl-4"/>
      </object_component>
      <object_component id="oc-21">
         <name>.debug_info</name>
         <load_address>0x2130</load_address>
         <run_address>0x2130</run_address>
         <size>0x715</size>
         <input_file_ref idref="fl-a"/>
      </object_component>
      <object_component id="oc-25">
         <name>.debug_info</name>
         <load_address>0x2845</load_address>
         <run_address>0x2845</run_address>
         <size>0x892</size>
         <input_file_ref idref="fl-b"/>
      </object_component>
      <object_component id="oc-2a">
         <name>.debug_info</name>
         <load_address>0x30d7</load_address>
         <run_address>0x30d7</run_address>
         <size>0xf8</size>
         <input_file_ref idref="fl-c"/>
      </object_component>
      <object_component id="oc-2d">
         <name>.debug_info</name>
         <load_address>0x31cf</load_address>
         <run_address>0x31cf</run_address>
         <size>0x682</size>
         <input_file_ref idref="fl-d"/>
      </object_component>
      <object_component id="oc-30">
         <name>.debug_info</name>
         <load_address>0x3851</load_address>
         <run_address>0x3851</run_address>
         <size>0x66d</size>
         <input_file_ref idref="fl-e"/>
      </object_component>
      <object_component id="oc-33">
         <name>.debug_info</name>
         <load_address>0x3ebe</load_address>
         <run_address>0x3ebe</run_address>
         <size>0xafd</size>
         <input_file_ref idref="fl-f"/>
      </object_component>
      <object_component id="oc-36">
         <name>.debug_info</name>
         <load_address>0x49bb</load_address>
         <run_address>0x49bb</run_address>
         <size>0x6df</size>
         <input_file_ref idref="fl-10"/>
      </object_component>
      <object_component id="oc-39">
         <name>.debug_info</name>
         <load_address>0x509a</load_address>
         <run_address>0x509a</run_address>
         <size>0x6aa</size>
         <input_file_ref idref="fl-11"/>
      </object_component>
      <object_component id="oc-3c">
         <name>.debug_info</name>
         <load_address>0x5744</load_address>
         <run_address>0x5744</run_address>
         <size>0x6b7</size>
         <input_file_ref idref="fl-12"/>
      </object_component>
      <object_component id="oc-3f">
         <name>.debug_info</name>
         <load_address>0x5dfb</load_address>
         <run_address>0x5dfb</run_address>
         <size>0x682</size>
         <input_file_ref idref="fl-13"/>
      </object_component>
      <object_component id="oc-42">
         <name>.debug_info</name>
         <load_address>0x647d</load_address>
         <run_address>0x647d</run_address>
         <size>0x69e</size>
         <input_file_ref idref="fl-14"/>
      </object_component>
      <object_component id="oc-45">
         <name>.debug_info</name>
         <load_address>0x6b1b</load_address>
         <run_address>0x6b1b</run_address>
         <size>0x685</size>
         <input_file_ref idref="fl-15"/>
      </object_component>
      <object_component id="oc-4a">
         <name>.debug_info</name>
         <load_address>0x71a0</load_address>
         <run_address>0x71a0</run_address>
         <size>0x71a</size>
         <input_file_ref idref="fl-16"/>
      </object_component>
      <object_component id="oc-4d">
         <name>.debug_info</name>
         <load_address>0x78ba</load_address>
         <run_address>0x78ba</run_address>
         <size>0x996</size>
         <input_file_ref idref="fl-17"/>
      </object_component>
      <object_component id="oc-50">
         <name>.debug_info</name>
         <load_address>0x8250</load_address>
         <run_address>0x8250</run_address>
         <size>0x841</size>
         <input_file_ref idref="fl-18"/>
      </object_component>
      <object_component id="oc-53">
         <name>.debug_info</name>
         <load_address>0x8a91</load_address>
         <run_address>0x8a91</run_address>
         <size>0x82c</size>
         <input_file_ref idref="fl-19"/>
      </object_component>
      <object_component id="oc-56">
         <name>.debug_info</name>
         <load_address>0x92bd</load_address>
         <run_address>0x92bd</run_address>
         <size>0x6cb</size>
         <input_file_ref idref="fl-1a"/>
      </object_component>
      <object_component id="oc-5d">
         <name>.debug_info</name>
         <load_address>0x9988</load_address>
         <run_address>0x9988</run_address>
         <size>0xcc5</size>
         <input_file_ref idref="fl-1b"/>
      </object_component>
      <object_component id="oc-62">
         <name>.debug_info</name>
         <load_address>0xa64d</load_address>
         <run_address>0xa64d</run_address>
         <size>0xec5</size>
         <input_file_ref idref="fl-1c"/>
      </object_component>
      <object_component id="oc-68">
         <name>.debug_info</name>
         <load_address>0xb512</load_address>
         <run_address>0xb512</run_address>
         <size>0xa4e</size>
         <input_file_ref idref="fl-1d"/>
      </object_component>
      <object_component id="oc-6e">
         <name>.debug_info</name>
         <load_address>0xbf60</load_address>
         <run_address>0xbf60</run_address>
         <size>0xa20</size>
         <input_file_ref idref="fl-1e"/>
      </object_component>
      <object_component id="oc-74">
         <name>.debug_info</name>
         <load_address>0xc980</load_address>
         <run_address>0xc980</run_address>
         <size>0xaa0</size>
         <input_file_ref idref="fl-1f"/>
      </object_component>
      <object_component id="oc-7a">
         <name>.debug_info</name>
         <load_address>0xd420</load_address>
         <run_address>0xd420</run_address>
         <size>0x723</size>
         <input_file_ref idref="fl-20"/>
      </object_component>
      <object_component id="oc-7c">
         <name>.debug_info</name>
         <load_address>0xdb43</load_address>
         <run_address>0xdb43</run_address>
         <size>0xfe</size>
         <input_file_ref idref="fl-21"/>
      </object_component>
      <object_component id="oc-bb">
         <name>.debug_info</name>
         <load_address>0xdc41</load_address>
         <run_address>0xdc41</run_address>
         <size>0x6e</size>
      </object_component>
      <object_component id="oc-12">
         <name>.debug_line</name>
         <load_address>0x0</load_address>
         <run_address>0x0</run_address>
         <size>0xcd</size>
         <input_file_ref idref="fl-2"/>
      </object_component>
      <object_component id="oc-18">
         <name>.debug_line</name>
         <load_address>0xcd</load_address>
         <run_address>0xcd</run_address>
         <size>0x15a</size>
         <input_file_ref idref="fl-3"/>
      </object_component>
      <object_component id="oc-1f">
         <name>.debug_line</name>
         <load_address>0x227</load_address>
         <run_address>0x227</run_address>
         <size>0x64</size>
         <input_file_ref idref="fl-4"/>
      </object_component>
      <object_component id="oc-23">
         <name>.debug_line</name>
         <load_address>0x28b</load_address>
         <run_address>0x28b</run_address>
         <size>0x3f</size>
         <input_file_ref idref="fl-a"/>
      </object_component>
      <object_component id="oc-28">
         <name>.debug_line</name>
         <load_address>0x2ca</load_address>
         <run_address>0x2ca</run_address>
         <size>0x51</size>
         <input_file_ref idref="fl-b"/>
      </object_component>
      <object_component id="oc-2b">
         <name>.debug_line</name>
         <load_address>0x31b</load_address>
         <run_address>0x31b</run_address>
         <size>0x45</size>
         <input_file_ref idref="fl-c"/>
      </object_component>
      <object_component id="oc-2e">
         <name>.debug_line</name>
         <load_address>0x360</load_address>
         <run_address>0x360</run_address>
         <size>0x42</size>
         <input_file_ref idref="fl-d"/>
      </object_component>
      <object_component id="oc-31">
         <name>.debug_line</name>
         <load_address>0x3a2</load_address>
         <run_address>0x3a2</run_address>
         <size>0x43</size>
         <input_file_ref idref="fl-e"/>
      </object_component>
      <object_component id="oc-34">
         <name>.debug_line</name>
         <load_address>0x3e5</load_address>
         <run_address>0x3e5</run_address>
         <size>0x9f</size>
         <input_file_ref idref="fl-f"/>
      </object_component>
      <object_component id="oc-37">
         <name>.debug_line</name>
         <load_address>0x484</load_address>
         <run_address>0x484</run_address>
         <size>0x4a</size>
         <input_file_ref idref="fl-10"/>
      </object_component>
      <object_component id="oc-3a">
         <name>.debug_line</name>
         <load_address>0x4ce</load_address>
         <run_address>0x4ce</run_address>
         <size>0x4a</size>
         <input_file_ref idref="fl-11"/>
      </object_component>
      <object_component id="oc-3d">
         <name>.debug_line</name>
         <load_address>0x518</load_address>
         <run_address>0x518</run_address>
         <size>0x4d</size>
         <input_file_ref idref="fl-12"/>
      </object_component>
      <object_component id="oc-40">
         <name>.debug_line</name>
         <load_address>0x565</load_address>
         <run_address>0x565</run_address>
         <size>0x42</size>
         <input_file_ref idref="fl-13"/>
      </object_component>
      <object_component id="oc-43">
         <name>.debug_line</name>
         <load_address>0x5a7</load_address>
         <run_address>0x5a7</run_address>
         <size>0x45</size>
         <input_file_ref idref="fl-14"/>
      </object_component>
      <object_component id="oc-48">
         <name>.debug_line</name>
         <load_address>0x5ec</load_address>
         <run_address>0x5ec</run_address>
         <size>0x3d</size>
         <input_file_ref idref="fl-15"/>
      </object_component>
      <object_component id="oc-4b">
         <name>.debug_line</name>
         <load_address>0x629</load_address>
         <run_address>0x629</run_address>
         <size>0x48</size>
         <input_file_ref idref="fl-16"/>
      </object_component>
      <object_component id="oc-4e">
         <name>.debug_line</name>
         <load_address>0x671</load_address>
         <run_address>0x671</run_address>
         <size>0x4b</size>
         <input_file_ref idref="fl-17"/>
      </object_component>
      <object_component id="oc-51">
         <name>.debug_line</name>
         <load_address>0x6bc</load_address>
         <run_address>0x6bc</run_address>
         <size>0x46</size>
         <input_file_ref idref="fl-18"/>
      </object_component>
      <object_component id="oc-54">
         <name>.debug_line</name>
         <load_address>0x702</load_address>
         <run_address>0x702</run_address>
         <size>0x4e</size>
         <input_file_ref idref="fl-19"/>
      </object_component>
      <object_component id="oc-57">
         <name>.debug_line</name>
         <load_address>0x750</load_address>
         <run_address>0x750</run_address>
         <size>0x44</size>
         <input_file_ref idref="fl-1a"/>
      </object_component>
      <object_component id="oc-5e">
         <name>.debug_line</name>
         <load_address>0x794</load_address>
         <run_address>0x794</run_address>
         <size>0x109</size>
         <input_file_ref idref="fl-1b"/>
      </object_component>
      <object_component id="oc-63">
         <name>.debug_line</name>
         <load_address>0x89d</load_address>
         <run_address>0x89d</run_address>
         <size>0x141</size>
         <input_file_ref idref="fl-1c"/>
      </object_component>
      <object_component id="oc-69">
         <name>.debug_line</name>
         <load_address>0x9de</load_address>
         <run_address>0x9de</run_address>
         <size>0xb2</size>
         <input_file_ref idref="fl-1d"/>
      </object_component>
      <object_component id="oc-6f">
         <name>.debug_line</name>
         <load_address>0xa90</load_address>
         <run_address>0xa90</run_address>
         <size>0x4f</size>
         <input_file_ref idref="fl-1e"/>
      </object_component>
      <object_component id="oc-75">
         <name>.debug_line</name>
         <load_address>0xadf</load_address>
         <run_address>0xadf</run_address>
         <size>0x7e</size>
         <input_file_ref idref="fl-1f"/>
      </object_component>
      <object_component id="oc-7b">
         <name>.debug_line</name>
         <load_address>0xb5d</load_address>
         <run_address>0xb5d</run_address>
         <size>0x50</size>
         <input_file_ref idref="fl-20"/>
      </object_component>
      <object_component id="oc-7d">
         <name>.debug_line</name>
         <load_address>0xbad</load_address>
         <run_address>0xbad</run_address>
         <size>0x4a</size>
         <input_file_ref idref="fl-21"/>
      </object_component>
      <object_component id="oc-13">
         <name>.debug_abbrev</name>
         <load_address>0x0</load_address>
         <run_address>0x0</run_address>
         <size>0x20</size>
         <input_file_ref idref="fl-2"/>
      </object_component>
      <object_component id="oc-19">
         <name>.debug_abbrev</name>
         <load_address>0x20</load_address>
         <run_address>0x20</run_address>
         <size>0x18e</size>
         <input_file_ref idref="fl-3"/>
      </object_component>
      <object_component id="oc-20">
         <name>.debug_abbrev</name>
         <load_address>0x1ae</load_address>
         <run_address>0x1ae</run_address>
         <size>0x139</size>
         <input_file_ref idref="fl-4"/>
      </object_component>
      <object_component id="oc-24">
         <name>.debug_abbrev</name>
         <load_address>0x2e7</load_address>
         <run_address>0x2e7</run_address>
         <size>0xe7</size>
         <input_file_ref idref="fl-a"/>
      </object_component>
      <object_component id="oc-29">
         <name>.debug_abbrev</name>
         <load_address>0x3ce</load_address>
         <run_address>0x3ce</run_address>
         <size>0x119</size>
         <input_file_ref idref="fl-b"/>
      </object_component>
      <object_component id="oc-2c">
         <name>.debug_abbrev</name>
         <load_address>0x4e7</load_address>
         <run_address>0x4e7</run_address>
         <size>0x3a</size>
         <input_file_ref idref="fl-c"/>
      </object_component>
      <object_component id="oc-2f">
         <name>.debug_abbrev</name>
         <load_address>0x521</load_address>
         <run_address>0x521</run_address>
         <size>0x81</size>
         <input_file_ref idref="fl-d"/>
      </object_component>
      <object_component id="oc-32">
         <name>.debug_abbrev</name>
         <load_address>0x5a2</load_address>
         <run_address>0x5a2</run_address>
         <size>0x81</size>
         <input_file_ref idref="fl-e"/>
      </object_component>
      <object_component id="oc-35">
         <name>.debug_abbrev</name>
         <load_address>0x623</load_address>
         <run_address>0x623</run_address>
         <size>0x146</size>
         <input_file_ref idref="fl-f"/>
      </object_component>
      <object_component id="oc-38">
         <name>.debug_abbrev</name>
         <load_address>0x769</load_address>
         <run_address>0x769</run_address>
         <size>0xac</size>
         <input_file_ref idref="fl-10"/>
      </object_component>
      <object_component id="oc-3b">
         <name>.debug_abbrev</name>
         <load_address>0x815</load_address>
         <run_address>0x815</run_address>
         <size>0x98</size>
         <input_file_ref idref="fl-11"/>
      </object_component>
      <object_component id="oc-3e">
         <name>.debug_abbrev</name>
         <load_address>0x8ad</load_address>
         <run_address>0x8ad</run_address>
         <size>0x8c</size>
         <input_file_ref idref="fl-12"/>
      </object_component>
      <object_component id="oc-41">
         <name>.debug_abbrev</name>
         <load_address>0x939</load_address>
         <run_address>0x939</run_address>
         <size>0x81</size>
         <input_file_ref idref="fl-13"/>
      </object_component>
      <object_component id="oc-44">
         <name>.debug_abbrev</name>
         <load_address>0x9ba</load_address>
         <run_address>0x9ba</run_address>
         <size>0xaf</size>
         <input_file_ref idref="fl-14"/>
      </object_component>
      <object_component id="oc-49">
         <name>.debug_abbrev</name>
         <load_address>0xa69</load_address>
         <run_address>0xa69</run_address>
         <size>0x9f</size>
         <input_file_ref idref="fl-15"/>
      </object_component>
      <object_component id="oc-4c">
         <name>.debug_abbrev</name>
         <load_address>0xb08</load_address>
         <run_address>0xb08</run_address>
         <size>0xe1</size>
         <input_file_ref idref="fl-16"/>
      </object_component>
      <object_component id="oc-4f">
         <name>.debug_abbrev</name>
         <load_address>0xbe9</load_address>
         <run_address>0xbe9</run_address>
         <size>0x155</size>
         <input_file_ref idref="fl-17"/>
      </object_component>
      <object_component id="oc-52">
         <name>.debug_abbrev</name>
         <load_address>0xd3e</load_address>
         <run_address>0xd3e</run_address>
         <size>0x10c</size>
         <input_file_ref idref="fl-18"/>
      </object_component>
      <object_component id="oc-55">
         <name>.debug_abbrev</name>
         <load_address>0xe4a</load_address>
         <run_address>0xe4a</run_address>
         <size>0xd5</size>
         <input_file_ref idref="fl-19"/>
      </object_component>
      <object_component id="oc-58">
         <name>.debug_abbrev</name>
         <load_address>0xf1f</load_address>
         <run_address>0xf1f</run_address>
         <size>0xa1</size>
         <input_file_ref idref="fl-1a"/>
      </object_component>
      <object_component id="oc-5c">
         <name>.debug_abbrev</name>
         <load_address>0xfc0</load_address>
         <run_address>0xfc0</run_address>
         <size>0x1b7</size>
         <input_file_ref idref="fl-1b"/>
      </object_component>
      <object_component id="oc-61">
         <name>.debug_abbrev</name>
         <load_address>0x1177</load_address>
         <run_address>0x1177</run_address>
         <size>0x1a3</size>
         <input_file_ref idref="fl-1c"/>
      </object_component>
      <object_component id="oc-67">
         <name>.debug_abbrev</name>
         <load_address>0x131a</load_address>
         <run_address>0x131a</run_address>
         <size>0x19a</size>
         <input_file_ref idref="fl-1d"/>
      </object_component>
      <object_component id="oc-6d">
         <name>.debug_abbrev</name>
         <load_address>0x14b4</load_address>
         <run_address>0x14b4</run_address>
         <size>0x12a</size>
         <input_file_ref idref="fl-1e"/>
      </object_component>
      <object_component id="oc-73">
         <name>.debug_abbrev</name>
         <load_address>0x15de</load_address>
         <run_address>0x15de</run_address>
         <size>0x152</size>
         <input_file_ref idref="fl-1f"/>
      </object_component>
      <object_component id="oc-79">
         <name>.debug_abbrev</name>
         <load_address>0x1730</load_address>
         <run_address>0x1730</run_address>
         <size>0xf5</size>
         <input_file_ref idref="fl-20"/>
      </object_component>
      <object_component id="oc-7e">
         <name>.debug_abbrev</name>
         <load_address>0x1825</load_address>
         <run_address>0x1825</run_address>
         <size>0x3a</size>
         <input_file_ref idref="fl-21"/>
      </object_component>
      <object_component id="oc-bc">
         <name>.debug_abbrev</name>
         <load_address>0x185f</load_address>
         <run_address>0x185f</run_address>
         <size>0xd</size>
      </object_component>
      <object_component id="oc-17">
         <name>.debug_frame</name>
         <load_address>0x0</load_address>
         <run_address>0x0</run_address>
         <size>0x34f</size>
         <input_file_ref idref="fl-3"/>
      </object_component>
      <object_component id="oc-1e">
         <name>.debug_frame</name>
         <load_address>0x34f</load_address>
         <run_address>0x34f</run_address>
         <size>0x2dc</size>
         <input_file_ref idref="fl-4"/>
      </object_component>
   </object_component_list>
   <logical_group_list>
      <logical_group id="lg-2">
         <name>.EXT_RAM</name>
         <run_address>0x0</run_address>
         <size>0x0</size>
         <contents>
         </contents>
      </logical_group>
      <logical_group id="lg-3">
         <name>.vectors</name>
         <load_address>0x0</load_address>
         <run_address>0x0</run_address>
         <size>0x200</size>
         <contents>
            <object_component_ref idref="oc-10"/>
         </contents>
      </logical_group>
      <logical_group id="lg-4">
         <name>.text</name>
         <load_address>0x220</load_address>
         <run_address>0x220</run_address>
         <size>0x2fa0</size>
         <contents>
            <object_component_ref idref="oc-89"/>
            <object_component_ref idref="oc-82"/>
            <object_component_ref idref="oc-1d"/>
            <object_component_ref idref="oc-64"/>
            <object_component_ref idref="oc-6a"/>
            <object_component_ref idref="oc-90"/>
            <object_component_ref idref="oc-9a"/>
            <object_component_ref idref="oc-a3"/>
            <object_component_ref idref="oc-7f"/>
            <object_component_ref idref="oc-70"/>
            <object_component_ref idref="oc-81"/>
            <object_component_ref idref="oc-8d"/>
            <object_component_ref idref="oc-8e"/>
            <object_component_ref idref="oc-8a"/>
            <object_component_ref idref="oc-8c"/>
            <object_component_ref idref="oc-87"/>
            <object_component_ref idref="oc-95"/>
            <object_component_ref idref="oc-86"/>
            <object_component_ref idref="oc-8f"/>
            <object_component_ref idref="oc-96"/>
            <object_component_ref idref="oc-76"/>
            <object_component_ref idref="oc-97"/>
            <object_component_ref idref="oc-a4"/>
            <object_component_ref idref="oc-e"/>
            <object_component_ref idref="oc-83"/>
            <object_component_ref idref="oc-9e"/>
            <object_component_ref idref="oc-9b"/>
            <object_component_ref idref="oc-93"/>
            <object_component_ref idref="oc-80"/>
            <object_component_ref idref="oc-f"/>
            <object_component_ref idref="oc-98"/>
            <object_component_ref idref="oc-9c"/>
            <object_component_ref idref="oc-9d"/>
            <object_component_ref idref="oc-99"/>
            <object_component_ref idref="oc-a2"/>
            <object_component_ref idref="oc-a1"/>
            <object_component_ref idref="oc-a0"/>
            <object_component_ref idref="oc-9f"/>
            <object_component_ref idref="oc-88"/>
            <object_component_ref idref="oc-85"/>
            <object_component_ref idref="oc-84"/>
            <object_component_ref idref="oc-8b"/>
            <object_component_ref idref="oc-92"/>
            <object_component_ref idref="oc-59"/>
            <object_component_ref idref="oc-91"/>
         </contents>
      </logical_group>
      <logical_group id="lg-5">
         <name>.bss</name>
         <run_address>0x220</run_address>
         <size>0x0</size>
         <contents>
         </contents>
      </logical_group>
      <logical_group id="lg-6">
         <name>.cinit</name>
         <load_address>0x31c0</load_address>
         <run_address>0x31c0</run_address>
         <size>0xfc4</size>
         <contents>
            <object_component_ref idref="oc-1b"/>
            <object_component_ref idref="oc-5a"/>
            <object_component_ref idref="oc-15"/>
            <object_component_ref idref="oc-5f"/>
            <object_component_ref idref="oc-71"/>
            <object_component_ref idref="oc-26"/>
            <object_component_ref idref="oc-77"/>
            <object_component_ref idref="oc-46"/>
         </contents>
      </logical_group>
      <logical_group id="lg-7">
         <name>.stack</name>
         <run_address>0x4fe0</run_address>
         <size>0x400</size>
         <contents>
            <object_component_ref idref="oc-22"/>
            <object_component_ref idref="oc-ba"/>
         </contents>
      </logical_group>
      <logical_group id="lg-8">
         <name>.sysmem</name>
         <run_address>0x0</run_address>
         <size>0x0</size>
         <contents>
         </contents>
      </logical_group>
      <logical_group id="lg-9">
         <name>.const</name>
         <load_address>0x53e0</load_address>
         <run_address>0x53e0</run_address>
         <size>0x68</size>
         <contents>
            <object_component_ref idref="oc-6c"/>
            <object_component_ref idref="oc-66"/>
            <object_component_ref idref="oc-94"/>
         </contents>
      </logical_group>
      <logical_group id="lg-a">
         <name>.switch</name>
         <run_address>0x0</run_address>
         <size>0x0</size>
         <contents>
         </contents>
      </logical_group>
      <logical_group id="lg-b">
         <name>.far</name>
         <run_address>0x4184</run_address>
         <size>0xe5a</size>
         <contents>
            <object_component_ref idref="oc-16"/>
            <object_component_ref idref="oc-1c"/>
            <object_component_ref idref="oc-27"/>
            <object_component_ref idref="oc-47"/>
            <object_component_ref idref="oc-5b"/>
            <object_component_ref idref="oc-60"/>
            <object_component_ref idref="oc-65"/>
            <object_component_ref idref="oc-6b"/>
            <object_component_ref idref="oc-72"/>
            <object_component_ref idref="oc-78"/>
         </contents>
      </logical_group>
      <logical_group id="lg-c">
         <name>.cio</name>
         <run_address>0x0</run_address>
         <size>0x0</size>
         <contents>
         </contents>
      </logical_group>
      <logical_group id="lg-d">
         <name>.csldata</name>
         <run_address>0x0</run_address>
         <size>0x0</size>
         <contents>
         </contents>
      </logical_group>
      <logical_group id="lg-b1">
         <name>.debug_info</name>
         <load_address>0x0</load_address>
         <run_address>0x0</run_address>
         <size>0xdcaf</size>
         <contents>
            <object_component_ref idref="oc-11"/>
            <object_component_ref idref="oc-14"/>
            <object_component_ref idref="oc-1a"/>
            <object_component_ref idref="oc-21"/>
            <object_component_ref idref="oc-25"/>
            <object_component_ref idref="oc-2a"/>
            <object_component_ref idref="oc-2d"/>
            <object_component_ref idref="oc-30"/>
            <object_component_ref idref="oc-33"/>
            <object_component_ref idref="oc-36"/>
            <object_component_ref idref="oc-39"/>
            <object_component_ref idref="oc-3c"/>
            <object_component_ref idref="oc-3f"/>
            <object_component_ref idref="oc-42"/>
            <object_component_ref idref="oc-45"/>
            <object_component_ref idref="oc-4a"/>
            <object_component_ref idref="oc-4d"/>
            <object_component_ref idref="oc-50"/>
            <object_component_ref idref="oc-53"/>
            <object_component_ref idref="oc-56"/>
            <object_component_ref idref="oc-5d"/>
            <object_component_ref idref="oc-62"/>
            <object_component_ref idref="oc-68"/>
            <object_component_ref idref="oc-6e"/>
            <object_component_ref idref="oc-74"/>
            <object_component_ref idref="oc-7a"/>
            <object_component_ref idref="oc-7c"/>
            <object_component_ref idref="oc-bb"/>
         </contents>
      </logical_group>
      <logical_group id="lg-b3">
         <name>.debug_line</name>
         <load_address>0x0</load_address>
         <run_address>0x0</run_address>
         <size>0xbf7</size>
         <contents>
            <object_component_ref idref="oc-12"/>
            <object_component_ref idref="oc-18"/>
            <object_component_ref idref="oc-1f"/>
            <object_component_ref idref="oc-23"/>
            <object_component_ref idref="oc-28"/>
            <object_component_ref idref="oc-2b"/>
            <object_component_ref idref="oc-2e"/>
            <object_component_ref idref="oc-31"/>
            <object_component_ref idref="oc-34"/>
            <object_component_ref idref="oc-37"/>
            <object_component_ref idref="oc-3a"/>
            <object_component_ref idref="oc-3d"/>
            <object_component_ref idref="oc-40"/>
            <object_component_ref idref="oc-43"/>
            <object_component_ref idref="oc-48"/>
            <object_component_ref idref="oc-4b"/>
            <object_component_ref idref="oc-4e"/>
            <object_component_ref idref="oc-51"/>
            <object_component_ref idref="oc-54"/>
            <object_component_ref idref="oc-57"/>
            <object_component_ref idref="oc-5e"/>
            <object_component_ref idref="oc-63"/>
            <object_component_ref idref="oc-69"/>
            <object_component_ref idref="oc-6f"/>
            <object_component_ref idref="oc-75"/>
            <object_component_ref idref="oc-7b"/>
            <object_component_ref idref="oc-7d"/>
         </contents>
      </logical_group>
      <logical_group id="lg-b5">
         <name>.debug_abbrev</name>
         <load_address>0x0</load_address>
         <run_address>0x0</run_address>
         <size>0x186c</size>
         <contents>
            <object_component_ref idref="oc-13"/>
            <object_component_ref idref="oc-19"/>
            <object_component_ref idref="oc-20"/>
            <object_component_ref idref="oc-24"/>
            <object_component_ref idref="oc-29"/>
            <object_component_ref idref="oc-2c"/>
            <object_component_ref idref="oc-2f"/>
            <object_component_ref idref="oc-32"/>
            <object_component_ref idref="oc-35"/>
            <object_component_ref idref="oc-38"/>
            <object_component_ref idref="oc-3b"/>
            <object_component_ref idref="oc-3e"/>
            <object_component_ref idref="oc-41"/>
            <object_component_ref idref="oc-44"/>
            <object_component_ref idref="oc-49"/>
            <object_component_ref idref="oc-4c"/>
            <object_component_ref idref="oc-4f"/>
            <object_component_ref idref="oc-52"/>
            <object_component_ref idref="oc-55"/>
            <object_component_ref idref="oc-58"/>
            <object_component_ref idref="oc-5c"/>
            <object_component_ref idref="oc-61"/>
            <object_component_ref idref="oc-67"/>
            <object_component_ref idref="oc-6d"/>
            <object_component_ref idref="oc-73"/>
            <object_component_ref idref="oc-79"/>
            <object_component_ref idref="oc-7e"/>
            <object_component_ref idref="oc-bc"/>
         </contents>
      </logical_group>
      <logical_group id="lg-b7">
         <name>.debug_frame</name>
         <load_address>0x0</load_address>
         <run_address>0x0</run_address>
         <size>0x62b</size>
         <contents>
            <object_component_ref idref="oc-17"/>
            <object_component_ref idref="oc-1e"/>
         </contents>
      </logical_group>
   </logical_group_list>
   <placement_map>
      <memory_area>
         <name>IVECS</name>
         <page_id>0x0</page_id>
         <origin>0x0</origin>
         <length>0x220</length>
         <used_space>0x200</used_space>
         <unused_space>0x20</unused_space>
         <attributes>RWIX</attributes>
         <usage_details>
            <allocated_space>
               <start_address>0x0</start_address>
               <size>0x200</size>
               <logical_group_ref idref="lg-3"/>
            </allocated_space>
            <available_space>
               <start_address>0x200</start_address>
               <size>0x20</size>
            </available_space>
         </usage_details>
      </memory_area>
      <memory_area>
         <name>IRAM</name>
         <page_id>0x0</page_id>
         <origin>0x220</origin>
         <length>0x2fde0</length>
         <used_space>0x5226</used_space>
         <unused_space>0x2abba</unused_space>
         <attributes>RWIX</attributes>
         <usage_details>
            <allocated_space>
               <start_address>0x220</start_address>
               <size>0x0</size>
               <logical_group_ref idref="lg-5"/>
            </allocated_space>
            <allocated_space>
               <start_address>0x220</start_address>
               <size>0x2fa0</size>
               <logical_group_ref idref="lg-4"/>
            </allocated_space>
            <allocated_space>
               <start_address>0x31c0</start_address>
               <size>0xfc4</size>
               <logical_group_ref idref="lg-6"/>
            </allocated_space>
            <allocated_space>
               <start_address>0x4184</start_address>
               <size>0xe5a</size>
               <logical_group_ref idref="lg-b"/>
            </allocated_space>
            <available_space>
               <start_address>0x4fde</start_address>
               <size>0x2</size>
            </available_space>
            <allocated_space>
               <start_address>0x4fe0</start_address>
               <size>0x400</size>
               <logical_group_ref idref="lg-7"/>
            </allocated_space>
            <allocated_space>
               <start_address>0x53e0</start_address>
               <size>0x68</size>
               <logical_group_ref idref="lg-9"/>
            </allocated_space>
            <available_space>
               <start_address>0x5448</start_address>
               <size>0x2abb8</size>
            </available_space>
         </usage_details>
      </memory_area>
      <memory_area>
         <name>SDRAM</name>
         <page_id>0x0</page_id>
         <origin>0x80000000</origin>
         <length>0x1000000</length>
         <used_space>0x0</used_space>
         <unused_space>0x1000000</unused_space>
         <attributes>RWIX</attributes>
         <usage_details>
         </usage_details>
      </memory_area>
      <memory_area>
         <name>FLASH</name>
         <page_id>0x0</page_id>
         <origin>0x90000000</origin>
         <length>0x20000</length>
         <used_space>0x0</used_space>
         <unused_space>0x20000</unused_space>
         <attributes>RWIX</attributes>
         <usage_details>
         </usage_details>
      </memory_area>
   </placement_map>
   <symbol_table>
      <symbol id="sm-0">
         <name>cinit</name>
         <value>0x31c0</value>
      </symbol>
      <symbol id="sm-1">
         <name>___cinit__</name>
         <value>0x31c0</value>
      </symbol>
      <symbol id="sm-2">
         <name>pinit</name>
         <value>0xffffffff</value>
      </symbol>
      <symbol id="sm-3">
         <name>___pinit__</name>
         <value>0xffffffff</value>
      </symbol>
      <symbol id="sm-4">
         <name>binit</name>
         <value>0xffffffff</value>
      </symbol>
      <symbol id="sm-5">
         <name>___binit__</name>
         <value>0xffffffff</value>
      </symbol>
      <symbol id="sm-6">
         <name>__STACK_SIZE</name>
         <value>0x400</value>
      </symbol>
      <symbol id="sm-7">
         <name>__STACK_END</name>
         <value>0x53e0</value>
      </symbol>
      <symbol id="sm-8">
         <name>___c_args__</name>
         <value>0xffffffff</value>
      </symbol>
      <symbol id="sm-9">
         <name>.text</name>
         <value>0x220</value>
      </symbol>
      <symbol id="sm-a">
         <name>___text__</name>
         <value>0x220</value>
      </symbol>
      <symbol id="sm-b">
         <name>etext</name>
         <value>0x31c0</value>
      </symbol>
      <symbol id="sm-c">
         <name>___etext__</name>
         <value>0x31c0</value>
      </symbol>
      <symbol id="sm-d">
         <name>.bss</name>
         <value>0x220</value>
      </symbol>
      <symbol id="sm-e">
         <name>___bss__</name>
         <value>0x220</value>
      </symbol>
      <symbol id="sm-f">
         <name>end</name>
         <value>0x220</value>
      </symbol>
      <symbol id="sm-10">
         <name>___end__</name>
         <value>0x220</value>
      </symbol>
      <symbol id="sm-11">
         <name>___TI_pprof_out_hndl</name>
         <value>0xffffffff</value>
      </symbol>
      <symbol id="sm-12">
         <name>___TI_prof_data_start</name>
         <value>0xffffffff</value>
      </symbol>
      <symbol id="sm-13">
         <name>___TI_prof_data_size</name>
         <value>0xffffffff</value>
      </symbol>
      <symbol id="sm-14">
         <name>$bss</name>
         <value>0x220</value>
      </symbol>
      <symbol id="sm-41">
         <name>_vector10</name>
         <value>0x140</value>
         <object_component_ref idref="oc-10"/>
      </symbol>
      <symbol id="sm-42">
         <name>_vector12</name>
         <value>0x180</value>
         <object_component_ref idref="oc-10"/>
      </symbol>
      <symbol id="sm-43">
         <name>_vector13</name>
         <value>0x1a0</value>
         <object_component_ref idref="oc-10"/>
      </symbol>
      <symbol id="sm-44">
         <name>_vector14</name>
         <value>0x1c0</value>
         <object_component_ref idref="oc-10"/>
      </symbol>
      <symbol id="sm-45">
         <name>_vector15</name>
         <value>0x1e0</value>
         <object_component_ref idref="oc-10"/>
      </symbol>
      <symbol id="sm-46">
         <name>_vectors</name>
         <value>0x0</value>
         <object_component_ref idref="oc-10"/>
      </symbol>
      <symbol id="sm-47">
         <name>_vector1</name>
         <value>0x20</value>
         <object_component_ref idref="oc-10"/>
      </symbol>
      <symbol id="sm-48">
         <name>_vector3</name>
         <value>0x60</value>
         <object_component_ref idref="oc-10"/>
      </symbol>
      <symbol id="sm-49">
         <name>_vector2</name>
         <value>0x40</value>
         <object_component_ref idref="oc-10"/>
      </symbol>
      <symbol id="sm-4a">
         <name>_vector5</name>
         <value>0xa0</value>
         <object_component_ref idref="oc-10"/>
      </symbol>
      <symbol id="sm-4b">
         <name>_vector4</name>
         <value>0x80</value>
         <object_component_ref idref="oc-10"/>
      </symbol>
      <symbol id="sm-4c">
         <name>_vector7</name>
         <value>0xe0</value>
         <object_component_ref idref="oc-10"/>
      </symbol>
      <symbol id="sm-4d">
         <name>_vector6</name>
         <value>0xc0</value>
         <object_component_ref idref="oc-10"/>
      </symbol>
      <symbol id="sm-4e">
         <name>_vector9</name>
         <value>0x120</value>
         <object_component_ref idref="oc-10"/>
      </symbol>
      <symbol id="sm-4f">
         <name>_vector8</name>
         <value>0x100</value>
         <object_component_ref idref="oc-10"/>
      </symbol>
      <symbol id="sm-99">
         <name>_comm_poll</name>
         <value>0x30c</value>
         <object_component_ref idref="oc-89"/>
      </symbol>
      <symbol id="sm-9a">
         <name>_output_left_sample</name>
         <value>0x584</value>
         <object_component_ref idref="oc-89"/>
      </symbol>
      <symbol id="sm-9b">
         <name>_comm_intr</name>
         <value>0x340</value>
         <object_component_ref idref="oc-89"/>
      </symbol>
      <symbol id="sm-9c">
         <name>_input_left_sample</name>
         <value>0x848</value>
         <object_component_ref idref="oc-89"/>
      </symbol>
      <symbol id="sm-9d">
         <name>_output_sample</name>
         <value>0x46c</value>
         <object_component_ref idref="oc-89"/>
      </symbol>
      <symbol id="sm-9e">
         <name>_c6713_dsk_init</name>
         <value>0x220</value>
         <object_component_ref idref="oc-89"/>
      </symbol>
      <symbol id="sm-9f">
         <name>_config</name>
         <value>0x4f14</value>
         <object_component_ref idref="oc-16"/>
      </symbol>
      <symbol id="sm-a0">
         <name>_input_right_sample</name>
         <value>0x910</value>
         <object_component_ref idref="oc-89"/>
      </symbol>
      <symbol id="sm-a1">
         <name>_AIC_data</name>
         <value>0x4ee8</value>
         <object_component_ref idref="oc-16"/>
      </symbol>
      <symbol id="sm-a2">
         <name>_hAIC23_handle</name>
         <value>0x4f3c</value>
         <object_component_ref idref="oc-16"/>
      </symbol>
      <symbol id="sm-a3">
         <name>_AIC23CfgData</name>
         <value>0x4ef4</value>
         <object_component_ref idref="oc-16"/>
      </symbol>
      <symbol id="sm-a4">
         <name>_input_sample</name>
         <value>0x744</value>
         <object_component_ref idref="oc-89"/>
      </symbol>
      <symbol id="sm-a5">
         <name>_output_right_sample</name>
         <value>0x664</value>
         <object_component_ref idref="oc-89"/>
      </symbol>
      <symbol id="sm-d4">
         <name>_main</name>
         <value>0x31a0</value>
         <object_component_ref idref="oc-91"/>
      </symbol>
      <symbol id="sm-d5">
         <name>_gain1</name>
         <value>0x4de8</value>
         <object_component_ref idref="oc-1c"/>
      </symbol>
      <symbol id="sm-d6">
         <name>_gain2</name>
         <value>0x4dec</value>
         <object_component_ref idref="oc-1c"/>
      </symbol>
      <symbol id="sm-d7">
         <name>_delta</name>
         <value>0x4df0</value>
         <object_component_ref idref="oc-1c"/>
      </symbol>
      <symbol id="sm-d8">
         <name>_AIC23_data</name>
         <value>0x4dcc</value>
         <object_component_ref idref="oc-1c"/>
      </symbol>
      <symbol id="sm-d9">
         <name>_test2</name>
         <value>0x4ddc</value>
         <object_component_ref idref="oc-1c"/>
      </symbol>
      <symbol id="sm-da">
         <name>_loop</name>
         <value>0x4dd2</value>
         <object_component_ref idref="oc-1c"/>
      </symbol>
      <symbol id="sm-db">
         <name>_testc</name>
         <value>0x4dd8</value>
         <object_component_ref idref="oc-1c"/>
      </symbol>
      <symbol id="sm-dc">
         <name>_testm</name>
         <value>0x4de0</value>
         <object_component_ref idref="oc-1c"/>
      </symbol>
      <symbol id="sm-dd">
         <name>_inputsource</name>
         <value>0x4dc8</value>
         <object_component_ref idref="oc-1c"/>
      </symbol>
      <symbol id="sm-de">
         <name>_loopm</name>
         <value>0x4dd4</value>
         <object_component_ref idref="oc-1c"/>
      </symbol>
      <symbol id="sm-df">
         <name>_sinetable512</name>
         <value>0x49c4</value>
         <object_component_ref idref="oc-1c"/>
      </symbol>
      <symbol id="sm-e0">
         <name>_c_int11</name>
         <value>0xe80</value>
         <object_component_ref idref="oc-1d"/>
      </symbol>
      <symbol id="sm-e1">
         <name>_output2</name>
         <value>0x4de6</value>
         <object_component_ref idref="oc-1c"/>
      </symbol>
      <symbol id="sm-e2">
         <name>_fs</name>
         <value>0x4dc4</value>
         <object_component_ref idref="oc-1c"/>
      </symbol>
      <symbol id="sm-e3">
         <name>_output</name>
         <value>0x4de4</value>
         <object_component_ref idref="oc-1c"/>
      </symbol>
      <symbol id="sm-e4">
         <name>_delta2</name>
         <value>0x4df2</value>
         <object_component_ref idref="oc-1c"/>
      </symbol>
      <symbol id="sm-e5">
         <name>_table_size</name>
         <value>0x4dd0</value>
         <object_component_ref idref="oc-1c"/>
      </symbol>
      <symbol id="sm-e6">
         <name>_sinetable1024</name>
         <value>0x41c4</value>
         <object_component_ref idref="oc-1c"/>
      </symbol>
      <symbol id="sm-e7">
         <name>_sinetable</name>
         <value>0x4184</value>
         <object_component_ref idref="oc-1c"/>
      </symbol>
      <symbol id="sm-f3">
         <name>_c_int00</name>
         <value>0x2de0</value>
         <object_component_ref idref="oc-e"/>
      </symbol>
      <symbol id="sm-f4">
         <name>__stack</name>
         <value>0x4fe0</value>
         <object_component_ref idref="oc-22"/>
      </symbol>
      <symbol id="sm-104">
         <name>C$$EXIT</name>
         <value>0x3160</value>
         <object_component_ref idref="oc-92"/>
      </symbol>
      <symbol id="sm-105">
         <name>_exit</name>
         <value>0x2320</value>
         <object_component_ref idref="oc-81"/>
      </symbol>
      <symbol id="sm-106">
         <name>___TI_enable_exit_profile_output</name>
         <value>0x4fc8</value>
         <object_component_ref idref="oc-27"/>
      </symbol>
      <symbol id="sm-107">
         <name>_abort</name>
         <value>0x3160</value>
         <object_component_ref idref="oc-92"/>
      </symbol>
      <symbol id="sm-108">
         <name>__cleanup_ptr</name>
         <value>0x4fc0</value>
         <object_component_ref idref="oc-27"/>
      </symbol>
      <symbol id="sm-109">
         <name>__dtors_ptr</name>
         <value>0x4fc4</value>
         <object_component_ref idref="oc-27"/>
      </symbol>
      <symbol id="sm-111">
         <name>__remi</name>
         <value>0x2640</value>
         <object_component_ref idref="oc-8a"/>
      </symbol>
      <symbol id="sm-112">
         <name>__c6xabi_remi</name>
         <value>0x2640</value>
         <object_component_ref idref="oc-8a"/>
      </symbol>
      <symbol id="sm-11c">
         <name>__addf</name>
         <value>0x30e0</value>
         <object_component_ref idref="oc-88"/>
      </symbol>
      <symbol id="sm-126">
         <name>__cvtfd</name>
         <value>0x3100</value>
         <object_component_ref idref="oc-85"/>
      </symbol>
      <symbol id="sm-134">
         <name>__divf</name>
         <value>0x9e0</value>
         <object_component_ref idref="oc-82"/>
      </symbol>
      <symbol id="sm-13e">
         <name>__fixdi</name>
         <value>0x2820</value>
         <object_component_ref idref="oc-87"/>
      </symbol>
      <symbol id="sm-148">
         <name>__fltif</name>
         <value>0x2e60</value>
         <object_component_ref idref="oc-83"/>
      </symbol>
      <symbol id="sm-152">
         <name>__frcmpyf_div</name>
         <value>0x28e0</value>
         <object_component_ref idref="oc-95"/>
      </symbol>
      <symbol id="sm-15c">
         <name>__mpyf</name>
         <value>0x3120</value>
         <object_component_ref idref="oc-84"/>
      </symbol>
      <symbol id="sm-166">
         <name>__nround</name>
         <value>0x29a0</value>
         <object_component_ref idref="oc-86"/>
      </symbol>
      <symbol id="sm-174">
         <name>__unlock</name>
         <value>0x4fd8</value>
         <object_component_ref idref="oc-47"/>
      </symbol>
      <symbol id="sm-175">
         <name>__lock</name>
         <value>0x4fd4</value>
         <object_component_ref idref="oc-47"/>
      </symbol>
      <symbol id="sm-176">
         <name>__nop</name>
         <value>0x3140</value>
         <object_component_ref idref="oc-8b"/>
      </symbol>
      <symbol id="sm-180">
         <name>__args_main</name>
         <value>0x2f80</value>
         <object_component_ref idref="oc-80"/>
      </symbol>
      <symbol id="sm-181">
         <name>__TI_args_main</name>
         <value>0x1</value>
      </symbol>
      <symbol id="sm-18b">
         <name>__auto_init</name>
         <value>0x2060</value>
         <object_component_ref idref="oc-7f"/>
      </symbol>
      <symbol id="sm-195">
         <name>_copy_in</name>
         <value>0x2a60</value>
         <object_component_ref idref="oc-8f"/>
      </symbol>
      <symbol id="sm-19f">
         <name>_memcpy</name>
         <value>0x1ac0</value>
         <object_component_ref idref="oc-90"/>
      </symbol>
      <symbol id="sm-1a9">
         <name>_modf</name>
         <value>0x2b20</value>
         <object_component_ref idref="oc-96"/>
      </symbol>
      <symbol id="sm-1c5">
         <name>__IRQ_eventTable</name>
         <value>0x4e1c</value>
         <object_component_ref idref="oc-5b"/>
      </symbol>
      <symbol id="sm-1c6">
         <name>_IRQ_nmiEnable</name>
         <value>0x3020</value>
         <object_component_ref idref="oc-9d"/>
      </symbol>
      <symbol id="sm-1c7">
         <name>_IRQ_reset</name>
         <value>0x2f00</value>
         <object_component_ref idref="oc-9b"/>
      </symbol>
      <symbol id="sm-1c8">
         <name>__IRQ_intTable</name>
         <value>0x4ea0</value>
         <object_component_ref idref="oc-5b"/>
      </symbol>
      <symbol id="sm-1c9">
         <name>_IRQ_globalEnable</name>
         <value>0x3000</value>
         <object_component_ref idref="oc-9c"/>
      </symbol>
      <symbol id="sm-1ca">
         <name>_IRQ_globalDisable</name>
         <value>0x2fe0</value>
         <object_component_ref idref="oc-98"/>
      </symbol>
      <symbol id="sm-1cb">
         <name>_IRQ_map</name>
         <value>0x1d00</value>
         <object_component_ref idref="oc-9a"/>
      </symbol>
      <symbol id="sm-1cc">
         <name>_IRQ_enable</name>
         <value>0x2ec0</value>
         <object_component_ref idref="oc-9e"/>
      </symbol>
      <symbol id="sm-1cd">
         <name>__IRQ_dispatchTable</name>
         <value>0x4ee0</value>
         <object_component_ref idref="oc-5b"/>
      </symbol>
      <symbol id="sm-1ce">
         <name>__IRQ_hookFetchPacket</name>
         <value>0x3180</value>
         <object_component_ref idref="oc-59"/>
      </symbol>
      <symbol id="sm-1ec">
         <name>_MCBSP_reset</name>
         <value>0x1ec0</value>
         <object_component_ref idref="oc-a3"/>
      </symbol>
      <symbol id="sm-1ed">
         <name>_MCBSP_read</name>
         <value>0x3060</value>
         <object_component_ref idref="oc-a2"/>
      </symbol>
      <symbol id="sm-1ee">
         <name>_MCBSP_getXmtEventId</name>
         <value>0x3040</value>
         <object_component_ref idref="oc-99"/>
      </symbol>
      <symbol id="sm-1ef">
         <name>_MCBSP_open</name>
         <value>0x2440</value>
         <object_component_ref idref="oc-8d"/>
      </symbol>
      <symbol id="sm-1f0">
         <name>__MCBSP_hDev0</name>
         <value>0x4f70</value>
         <object_component_ref idref="oc-60"/>
      </symbol>
      <symbol id="sm-1f1">
         <name>__MCBSP_hDev1</name>
         <value>0x4f74</value>
         <object_component_ref idref="oc-60"/>
      </symbol>
      <symbol id="sm-1f2">
         <name>_MCBSP_start</name>
         <value>0x2540</value>
         <object_component_ref idref="oc-8e"/>
      </symbol>
      <symbol id="sm-1f3">
         <name>_MCBSP_rrdy</name>
         <value>0x3080</value>
         <object_component_ref idref="oc-a1"/>
      </symbol>
      <symbol id="sm-1f4">
         <name>_MCBSP_config</name>
         <value>0x2ca0</value>
         <object_component_ref idref="oc-97"/>
      </symbol>
      <symbol id="sm-1f5">
         <name>_MCBSP_xrdy</name>
         <value>0x30c0</value>
         <object_component_ref idref="oc-9f"/>
      </symbol>
      <symbol id="sm-1f6">
         <name>_MCBSP_write</name>
         <value>0x30a0</value>
         <object_component_ref idref="oc-a0"/>
      </symbol>
      <symbol id="sm-204">
         <name>_DSK6713_init</name>
         <value>0x136c</value>
         <object_component_ref idref="oc-64"/>
      </symbol>
      <symbol id="sm-205">
         <name>_DSK6713_version</name>
         <value>0x4fdc</value>
         <object_component_ref idref="oc-65"/>
      </symbol>
      <symbol id="sm-206">
         <name>_DSK6713_rget</name>
         <value>0x1688</value>
         <object_component_ref idref="oc-64"/>
      </symbol>
      <symbol id="sm-207">
         <name>_DSK6713_wait</name>
         <value>0x16b0</value>
         <object_component_ref idref="oc-64"/>
      </symbol>
      <symbol id="sm-208">
         <name>_DSK6713_rset</name>
         <value>0x169c</value>
         <object_component_ref idref="oc-64"/>
      </symbol>
      <symbol id="sm-209">
         <name>_DSK6713_waitusec</name>
         <value>0x1708</value>
         <object_component_ref idref="oc-64"/>
      </symbol>
      <symbol id="sm-20a">
         <name>_DSK6713_getVersion</name>
         <value>0x1734</value>
         <object_component_ref idref="oc-64"/>
      </symbol>
      <symbol id="sm-218">
         <name>_DSK6713_AIC23_codeccontrolhandle</name>
         <value>0x4fcc</value>
         <object_component_ref idref="oc-6b"/>
      </symbol>
      <symbol id="sm-219">
         <name>_DSK6713_AIC23_codecdatahandle</name>
         <value>0x4fd0</value>
         <object_component_ref idref="oc-6b"/>
      </symbol>
      <symbol id="sm-21a">
         <name>_DSK6713_AIC23_openCodec</name>
         <value>0x17a0</value>
         <object_component_ref idref="oc-6a"/>
      </symbol>
      <symbol id="sm-228">
         <name>_DSK6713_AIC23_config</name>
         <value>0x2280</value>
         <object_component_ref idref="oc-70"/>
      </symbol>
      <symbol id="sm-229">
         <name>_DSK6713_AIC23_rget</name>
         <value>0x225c</value>
         <object_component_ref idref="oc-70"/>
      </symbol>
      <symbol id="sm-22a">
         <name>_DSK6713_AIC23_rset</name>
         <value>0x21c0</value>
         <object_component_ref idref="oc-70"/>
      </symbol>
      <symbol id="sm-238">
         <name>_DSK6713_AIC23_setFreq</name>
         <value>0x2be0</value>
         <object_component_ref idref="oc-76"/>
      </symbol>
      <symbol id="sm-240">
         <name>__strasg</name>
         <value>0x2740</value>
         <object_component_ref idref="oc-8c"/>
      </symbol>
   </symbol_table>
</link_info>
